Archive member included because of file (symbol)

e:/program files (x86)/atmel/atmel toolchain/avr8 gcc/native/3.4.1056/avr8-gnu-toolchain/bin/../lib/gcc/avr/4.8.1/avr5\libgcc.a(_udivmodqi4.o)
                              main.o (__udivmodqi4)
e:/program files (x86)/atmel/atmel toolchain/avr8 gcc/native/3.4.1056/avr8-gnu-toolchain/bin/../lib/gcc/avr/4.8.1/avr5\libgcc.a(_udivmodhi4.o)
                              time.o (__udivmodhi4)
e:/program files (x86)/atmel/atmel toolchain/avr8 gcc/native/3.4.1056/avr8-gnu-toolchain/bin/../lib/gcc/avr/4.8.1/avr5\libgcc.a(_divmodhi4.o)
                              main.o (__divmodhi4)
e:/program files (x86)/atmel/atmel toolchain/avr8 gcc/native/3.4.1056/avr8-gnu-toolchain/bin/../lib/gcc/avr/4.8.1/avr5\libgcc.a(_divmodsi4.o)
                              lcd.o (__divmodsi4)
e:/program files (x86)/atmel/atmel toolchain/avr8 gcc/native/3.4.1056/avr8-gnu-toolchain/bin/../lib/gcc/avr/4.8.1/avr5\libgcc.a(_negsi2.o)
                              e:/program files (x86)/atmel/atmel toolchain/avr8 gcc/native/3.4.1056/avr8-gnu-toolchain/bin/../lib/gcc/avr/4.8.1/avr5\libgcc.a(_divmodsi4.o) (__negsi2)
e:/program files (x86)/atmel/atmel toolchain/avr8 gcc/native/3.4.1056/avr8-gnu-toolchain/bin/../lib/gcc/avr/4.8.1/avr5\libgcc.a(_exit.o)
                              e:/program files (x86)/atmel/atmel toolchain/avr8 gcc/native/3.4.1056/avr8-gnu-toolchain/bin/../lib/gcc/avr/4.8.1/../../../../avr/lib/avr5/crtm64.o (exit)
e:/program files (x86)/atmel/atmel toolchain/avr8 gcc/native/3.4.1056/avr8-gnu-toolchain/bin/../lib/gcc/avr/4.8.1/avr5\libgcc.a(_tablejump.o)
                              main.o (__tablejump2__)
e:/program files (x86)/atmel/atmel toolchain/avr8 gcc/native/3.4.1056/avr8-gnu-toolchain/bin/../lib/gcc/avr/4.8.1/avr5\libgcc.a(_copy_data.o)
                              eeprom.o (__do_copy_data)
e:/program files (x86)/atmel/atmel toolchain/avr8 gcc/native/3.4.1056/avr8-gnu-toolchain/bin/../lib/gcc/avr/4.8.1/avr5\libgcc.a(_clear_bss.o)
                              adc.o (__do_clear_bss)
e:/program files (x86)/atmel/atmel toolchain/avr8 gcc/native/3.4.1056/avr8-gnu-toolchain/bin/../lib/gcc/avr/4.8.1/avr5\libgcc.a(_umulhisi3.o)
                              gprs.o (__umulhisi3)
e:/program files (x86)/atmel/atmel toolchain/avr8 gcc/native/3.4.1056/avr8-gnu-toolchain/bin/../lib/gcc/avr/4.8.1/avr5\libgcc.a(_udivmodsi4.o)
                              e:/program files (x86)/atmel/atmel toolchain/avr8 gcc/native/3.4.1056/avr8-gnu-toolchain/bin/../lib/gcc/avr/4.8.1/avr5\libgcc.a(_divmodsi4.o) (__udivmodsi4)
e:/program files (x86)/atmel/atmel toolchain/avr8 gcc/native/3.4.1056/avr8-gnu-toolchain/bin/../lib/gcc/avr/4.8.1/../../../../avr/lib/avr5\libc.a(atoi.o)
                              eeprom.o (atoi)
e:/program files (x86)/atmel/atmel toolchain/avr8 gcc/native/3.4.1056/avr8-gnu-toolchain/bin/../lib/gcc/avr/4.8.1/../../../../avr/lib/avr5\libc.a(strstr.o)
                              eeprom.o (strstr)
e:/program files (x86)/atmel/atmel toolchain/avr8 gcc/native/3.4.1056/avr8-gnu-toolchain/bin/../lib/gcc/avr/4.8.1/../../../../avr/lib/avr5\libc.a(mul10.o)
                              e:/program files (x86)/atmel/atmel toolchain/avr8 gcc/native/3.4.1056/avr8-gnu-toolchain/bin/../lib/gcc/avr/4.8.1/../../../../avr/lib/avr5\libc.a(atoi.o) (__mulhi_const_10)

Allocating common symbols
Common symbol       size              file

swbyte              0x1               main.o
T2Hcount            0x1               time.o
keycode             0x3               main.o
ip                  0x2               wifi.o
T0counter           0x1               int.o
icewater            0x1               main.o
rx1count            0x1               usart.o
LCDNUM              0x20              lcd.o
timezhishui         0x1               main.o
rx1buffer           0x3c              usart.o
GPRS_Receive        0x64              usart.o
workmode            0x1               main.o
timeflush           0x1               main.o
DATAlist            0xc8              main.o
hotwater            0x1               main.o
ICEdownline         0x1               main.o
rx0count            0x1               usart.o
txtdat0             0x2e              usart.o
warmwater           0x1               main.o
rx0buffer           0x3c              usart.o
txtdat1             0x2e              usart.o
enoughwater         0x1               main.o

Discarded input sections

 .bss           0x00000000        0x0 e:/program files (x86)/atmel/atmel toolchain/avr8 gcc/native/3.4.1056/avr8-gnu-toolchain/bin/../lib/gcc/avr/4.8.1/../../../../avr/lib/avr5/crtm64.o
 .text          0x00000000        0x0 adc.o
 .bss           0x00000000        0x0 adc.o
 .text.adc_init
                0x00000000       0x14 adc.o
 .text.ad_getdat
                0x00000000       0x3a adc.o
 .text.ADC_Get_Int
                0x00000000       0x28 adc.o
 .text.adc_main
                0x00000000       0xa2 adc.o
 .bss.adc_flag  0x00000000        0x1 adc.o
 .text          0x00000000        0x0 beep.o
 .bss           0x00000000        0x0 beep.o
 .text.beepmain
                0x00000000       0x2a beep.o
 .text          0x00000000        0x0 eeprom.o
 .bss           0x00000000        0x0 eeprom.o
 .text.EEPROM_write
                0x00000000       0x10 eeprom.o
 .text.eprom_write
                0x00000000       0x2a eeprom.o
 .text.EEPROM_read
                0x00000000        0xe eeprom.o
 .text.eprom_read
                0x00000000       0x26 eeprom.o
 .text.EEPROM_Write
                0x00000000       0x10 eeprom.o
 .text.EEPROM_Read
                0x00000000        0xe eeprom.o
 .text.Write_COUNT_CHONGXI_EEPROM
                0x00000000       0x32 eeprom.o
 .text.Write_Iint_Filte_CntV_EEPROM
                0x00000000        0xe eeprom.o
 .text.Read_Init_Filte_CntV_EEPROM
                0x00000000       0x1a eeprom.o
 .text.eeprom_main
                0x00000000       0x48 eeprom.o
 .text          0x00000000        0x0 gprs.o
 .bss           0x00000000        0x0 gprs.o
 .text.gprs_init
                0x00000000      0x24e gprs.o
 .text.GPRS_Mode_At
                0x00000000       0x38 gprs.o
 .text.GPRS_Send_Cmd
                0x00000000       0xea gprs.o
 .text.SHOW_GPRS_Receivce
                0x00000000       0x5c gprs.o
 .text.GPRS_Prot_Init
                0x00000000       0xc0 gprs.o
 .text.GPRS_Config
                0x00000000      0x606 gprs.o
 .text.GPRS_Connect_Tcp
                0x00000000      0x25c gprs.o
 .text.GPRS_Init
                0x00000000      0x6ba gprs.o
 .text.GPRS_Send_Data
                0x00000000      0x1e4 gprs.o
 .text.gprs_main
                0x00000000      0x91e gprs.o
 .data.sendreset
                0x00000000        0xb gprs.o
 .data.sendatmode
                0x00000000        0x4 gprs.o
 .data.sendtc   0x00000000        0xe gprs.o
 .data.sendcreg
                0x00000000        0xa gprs.o
 .text          0x00000000        0x0 init.o
 .bss           0x00000000        0x0 init.o
 .text.init_devices
                0x00000000       0x3c init.o
 .text          0x00000000        0x0 int.o
 .bss           0x00000000        0x0 int.o
 .text.TIME0_hand
                0x00000000      0x3ae int.o
 .bss.flatbit   0x00000000        0x1 int.o
 .bss.wificount
                0x00000000        0x2 int.o
 .bss.flushcont
                0x00000000        0x1 int.o
 .bss.count18s  0x00000000        0x1 int.o
 .bss.time1s    0x00000000        0x1 int.o
 COMMON         0x00000000        0x1 int.o
 .text          0x00000000        0x0 lcd.o
 .bss           0x00000000        0x0 lcd.o
 .text.WRITE_DATA_1721
                0x00000000       0x26 lcd.o
 .text.INIT_1721
                0x00000000       0x28 lcd.o
 .text.WRITE_1DATA_1721
                0x00000000       0x3a lcd.o
 .text.WRITE_ALLRAM_1721
                0x00000000       0x48 lcd.o
 .text.REFRESH_ALLRAM_1721
                0x00000000       0x50 lcd.o
 .text.reset_lcd
                0x00000000       0x10 lcd.o
 .text.GET_TIME
                0x00000000       0x16 lcd.o
 .text.lcdmain  0x00000000       0x56 lcd.o
 .bss.error_ico
                0x00000000        0x1 lcd.o
 .bss.drp_num   0x00000000        0x1 lcd.o
 .text          0x00000000        0x0 led.o
 .bss           0x00000000        0x0 led.o
 .text.led_main
                0x00000000        0x8 led.o
 .text          0x00000000        0x0 prot_init.o
 .bss           0x00000000        0x0 prot_init.o
 .text.port_init
                0x00000000       0x3e prot_init.o
 .text.cao_main
                0x00000000       0x32 prot_init.o
 .text          0x00000000        0x0 crc.o
 .bss           0x00000000        0x0 crc.o
 .text.CRC16_txt11
                0x00000000       0x46 crc.o
 .text.CRC16_rxt11
                0x00000000       0x4c crc.o
 .text          0x00000000        0x0 send.o
 .bss           0x00000000        0x0 send.o
 .text.make_status
                0x00000000       0x4a send.o
 .text.make_parameter
                0x00000000       0x78 send.o
 .text.Send_Status
                0x00000000       0x6a send.o
 .rodata        0x00000000        0xa send.o
 .text.GET_Time
                0x00000000       0x66 send.o
 .text.ERROR_SEND
                0x00000000       0x36 send.o
 .text.REPLY_SEVICE
                0x00000000       0x3c send.o
 .text.send_status
                0x00000000       0xa4 send.o
 .text.send_tds_temp_speed
                0x00000000       0xdc send.o
 .text.send_error
                0x00000000       0xca send.o
 .text.send_com
                0x00000000       0x82 send.o
 .text.send_filter
                0x00000000      0x11a send.o
 .text.send_reply
                0x00000000       0x86 send.o
 .text.send_main
                0x00000000       0x40 send.o
 .text          0x00000000        0x0 time.o
 .bss           0x00000000        0x0 time.o
 .text.timer0_init
                0x00000000       0x10 time.o
 .text.T1_init  0x00000000       0x20 time.o
 .text.T2_init  0x00000000       0x12 time.o
 .text.T3_init  0x00000000       0x4a time.o
 .text.Get_time2_Status
                0x00000000        0x6 time.o
 .text.time_main
                0x00000000       0x86 time.o
 .bss.time      0x00000000        0x8 time.o
 .bss.error_flag
                0x00000000        0x1 time.o
 .bss.error_parmeter
                0x00000000        0x3 time.o
 COMMON         0x00000000        0x1 time.o
 .text          0x00000000        0x0 main.o
 .bss           0x00000000        0x0 main.o
 .text.main_    0x00000000     0x1934 main.o
 .progmem.gcc_sw_table.main_
                0x00000000       0x5c main.o
 .bss.loopnum   0x00000000        0x2 main.o
 .bss.minbit    0x00000000        0x1 main.o
 .bss.sendbit   0x00000000        0x1 main.o
 .bss.needreturn
                0x00000000        0x1 main.o
 .bss.dealbyte  0x00000000        0x1 main.o
 .bss.savebit2  0x00000000        0x1 main.o
 .bss.savebit   0x00000000        0x1 main.o
 .bss.enbit     0x00000000        0x1 main.o
 .bss.hotwaterbk
                0x00000000        0x1 main.o
 .data.fastatus
                0x00000000        0x1 main.o
 .bss.enablebit
                0x00000000        0x1 main.o
 .bss.timemode  0x00000000        0x1 main.o
 COMMON         0x00000000       0xd4 main.o
 .text          0x00000000        0x0 usart.o
 .bss           0x00000000        0x0 usart.o
 .text.putchar0
                0x00000000        0x8 usart.o
 .text.putchar1
                0x00000000       0x10 usart.o
 .text.uart0_init
                0x00000000       0x18 usart.o
 .text.uart1_init
                0x00000000       0x26 usart.o
 .text.uart0_send0
                0x00000000       0x30 usart.o
 .text.uart0_send1
                0x00000000       0x30 usart.o
 .text.uart1_send
                0x00000000       0x30 usart.o
 .text.USART0_Transmit_String
                0x00000000       0x2a usart.o
 .text.USART0_Transmit_nChar
                0x00000000       0x22 usart.o
 .text.USART0_Receive
                0x00000000        0x8 usart.o
 .text.USART0_Receive_string
                0x00000000       0x1a usart.o
 .text.USART0_Receive_nChar
                0x00000000       0x40 usart.o
 .text.USART1_Receive_string
                0x00000000       0x68 usart.o
 .text.USART1_Receive_nChar
                0x00000000       0x40 usart.o
 .text.hfksmain
                0x00000000       0x54 usart.o
 .bss.GPRS_Receive_Type
                0x00000000        0x1 usart.o
 .bss.rx1poit   0x00000000        0x1 usart.o
 .bss.rx0poit   0x00000000        0x1 usart.o
 .text          0x00000000        0x0 wdt_use.o
 .bss           0x00000000        0x0 wdt_use.o
 .text.wdt_main
                0x00000000       0x42 wdt_use.o
 .text          0x00000000        0x0 wifi.o
 .bss           0x00000000        0x0 wifi.o
 .text.wifi_init
                0x00000000      0x424 wifi.o
 .bss.sendclose
                0x00000000        0x1 wifi.o
 .data.sendquit
                0x00000000        0x8 wifi.o
 .data.sendair  0x00000000        0xd wifi.o
 .data.sendser  0x00000000       0x29 wifi.o
 .data.sendsta  0x00000000        0xd wifi.o
 .data.sendeoff
                0x00000000        0x9 wifi.o
 .data.send3add
                0x00000000        0x4 wifi.o
 COMMON         0x00000000        0x2 wifi.o
 .text          0x00000000        0x0 e:/program files (x86)/atmel/atmel toolchain/avr8 gcc/native/3.4.1056/avr8-gnu-toolchain/bin/../lib/gcc/avr/4.8.1/avr5\libgcc.a(_udivmodqi4.o)
 .bss           0x00000000        0x0 e:/program files (x86)/atmel/atmel toolchain/avr8 gcc/native/3.4.1056/avr8-gnu-toolchain/bin/../lib/gcc/avr/4.8.1/avr5\libgcc.a(_udivmodqi4.o)
 .text.libgcc.mul
                0x00000000        0x0 e:/program files (x86)/atmel/atmel toolchain/avr8 gcc/native/3.4.1056/avr8-gnu-toolchain/bin/../lib/gcc/avr/4.8.1/avr5\libgcc.a(_udivmodqi4.o)
 .text.libgcc.div
                0x00000000       0x18 e:/program files (x86)/atmel/atmel toolchain/avr8 gcc/native/3.4.1056/avr8-gnu-toolchain/bin/../lib/gcc/avr/4.8.1/avr5\libgcc.a(_udivmodqi4.o)
 .text.libgcc   0x00000000        0x0 e:/program files (x86)/atmel/atmel toolchain/avr8 gcc/native/3.4.1056/avr8-gnu-toolchain/bin/../lib/gcc/avr/4.8.1/avr5\libgcc.a(_udivmodqi4.o)
 .text.libgcc.prologue
                0x00000000        0x0 e:/program files (x86)/atmel/atmel toolchain/avr8 gcc/native/3.4.1056/avr8-gnu-toolchain/bin/../lib/gcc/avr/4.8.1/avr5\libgcc.a(_udivmodqi4.o)
 .text.libgcc.builtins
                0x00000000        0x0 e:/program files (x86)/atmel/atmel toolchain/avr8 gcc/native/3.4.1056/avr8-gnu-toolchain/bin/../lib/gcc/avr/4.8.1/avr5\libgcc.a(_udivmodqi4.o)
 .text.libgcc.fmul
                0x00000000        0x0 e:/program files (x86)/atmel/atmel toolchain/avr8 gcc/native/3.4.1056/avr8-gnu-toolchain/bin/../lib/gcc/avr/4.8.1/avr5\libgcc.a(_udivmodqi4.o)
 .text.libgcc.fixed
                0x00000000        0x0 e:/program files (x86)/atmel/atmel toolchain/avr8 gcc/native/3.4.1056/avr8-gnu-toolchain/bin/../lib/gcc/avr/4.8.1/avr5\libgcc.a(_udivmodqi4.o)
 .text          0x00000000        0x0 e:/program files (x86)/atmel/atmel toolchain/avr8 gcc/native/3.4.1056/avr8-gnu-toolchain/bin/../lib/gcc/avr/4.8.1/avr5\libgcc.a(_udivmodhi4.o)
 .bss           0x00000000        0x0 e:/program files (x86)/atmel/atmel toolchain/avr8 gcc/native/3.4.1056/avr8-gnu-toolchain/bin/../lib/gcc/avr/4.8.1/avr5\libgcc.a(_udivmodhi4.o)
 .text.libgcc.mul
                0x00000000        0x0 e:/program files (x86)/atmel/atmel toolchain/avr8 gcc/native/3.4.1056/avr8-gnu-toolchain/bin/../lib/gcc/avr/4.8.1/avr5\libgcc.a(_udivmodhi4.o)
 .text.libgcc   0x00000000        0x0 e:/program files (x86)/atmel/atmel toolchain/avr8 gcc/native/3.4.1056/avr8-gnu-toolchain/bin/../lib/gcc/avr/4.8.1/avr5\libgcc.a(_udivmodhi4.o)
 .text.libgcc.prologue
                0x00000000        0x0 e:/program files (x86)/atmel/atmel toolchain/avr8 gcc/native/3.4.1056/avr8-gnu-toolchain/bin/../lib/gcc/avr/4.8.1/avr5\libgcc.a(_udivmodhi4.o)
 .text.libgcc.builtins
                0x00000000        0x0 e:/program files (x86)/atmel/atmel toolchain/avr8 gcc/native/3.4.1056/avr8-gnu-toolchain/bin/../lib/gcc/avr/4.8.1/avr5\libgcc.a(_udivmodhi4.o)
 .text.libgcc.fmul
                0x00000000        0x0 e:/program files (x86)/atmel/atmel toolchain/avr8 gcc/native/3.4.1056/avr8-gnu-toolchain/bin/../lib/gcc/avr/4.8.1/avr5\libgcc.a(_udivmodhi4.o)
 .text.libgcc.fixed
                0x00000000        0x0 e:/program files (x86)/atmel/atmel toolchain/avr8 gcc/native/3.4.1056/avr8-gnu-toolchain/bin/../lib/gcc/avr/4.8.1/avr5\libgcc.a(_udivmodhi4.o)
 .text          0x00000000        0x0 e:/program files (x86)/atmel/atmel toolchain/avr8 gcc/native/3.4.1056/avr8-gnu-toolchain/bin/../lib/gcc/avr/4.8.1/avr5\libgcc.a(_divmodhi4.o)
 .bss           0x00000000        0x0 e:/program files (x86)/atmel/atmel toolchain/avr8 gcc/native/3.4.1056/avr8-gnu-toolchain/bin/../lib/gcc/avr/4.8.1/avr5\libgcc.a(_divmodhi4.o)
 .text.libgcc.mul
                0x00000000        0x0 e:/program files (x86)/atmel/atmel toolchain/avr8 gcc/native/3.4.1056/avr8-gnu-toolchain/bin/../lib/gcc/avr/4.8.1/avr5\libgcc.a(_divmodhi4.o)
 .text.libgcc.div
                0x00000000       0x28 e:/program files (x86)/atmel/atmel toolchain/avr8 gcc/native/3.4.1056/avr8-gnu-toolchain/bin/../lib/gcc/avr/4.8.1/avr5\libgcc.a(_divmodhi4.o)
 .text.libgcc   0x00000000        0x0 e:/program files (x86)/atmel/atmel toolchain/avr8 gcc/native/3.4.1056/avr8-gnu-toolchain/bin/../lib/gcc/avr/4.8.1/avr5\libgcc.a(_divmodhi4.o)
 .text.libgcc.prologue
                0x00000000        0x0 e:/program files (x86)/atmel/atmel toolchain/avr8 gcc/native/3.4.1056/avr8-gnu-toolchain/bin/../lib/gcc/avr/4.8.1/avr5\libgcc.a(_divmodhi4.o)
 .text.libgcc.builtins
                0x00000000        0x0 e:/program files (x86)/atmel/atmel toolchain/avr8 gcc/native/3.4.1056/avr8-gnu-toolchain/bin/../lib/gcc/avr/4.8.1/avr5\libgcc.a(_divmodhi4.o)
 .text.libgcc.fmul
                0x00000000        0x0 e:/program files (x86)/atmel/atmel toolchain/avr8 gcc/native/3.4.1056/avr8-gnu-toolchain/bin/../lib/gcc/avr/4.8.1/avr5\libgcc.a(_divmodhi4.o)
 .text.libgcc.fixed
                0x00000000        0x0 e:/program files (x86)/atmel/atmel toolchain/avr8 gcc/native/3.4.1056/avr8-gnu-toolchain/bin/../lib/gcc/avr/4.8.1/avr5\libgcc.a(_divmodhi4.o)
 .text          0x00000000        0x0 e:/program files (x86)/atmel/atmel toolchain/avr8 gcc/native/3.4.1056/avr8-gnu-toolchain/bin/../lib/gcc/avr/4.8.1/avr5\libgcc.a(_divmodsi4.o)
 .bss           0x00000000        0x0 e:/program files (x86)/atmel/atmel toolchain/avr8 gcc/native/3.4.1056/avr8-gnu-toolchain/bin/../lib/gcc/avr/4.8.1/avr5\libgcc.a(_divmodsi4.o)
 .text.libgcc.mul
                0x00000000        0x0 e:/program files (x86)/atmel/atmel toolchain/avr8 gcc/native/3.4.1056/avr8-gnu-toolchain/bin/../lib/gcc/avr/4.8.1/avr5\libgcc.a(_divmodsi4.o)
 .text.libgcc   0x00000000        0x0 e:/program files (x86)/atmel/atmel toolchain/avr8 gcc/native/3.4.1056/avr8-gnu-toolchain/bin/../lib/gcc/avr/4.8.1/avr5\libgcc.a(_divmodsi4.o)
 .text.libgcc.prologue
                0x00000000        0x0 e:/program files (x86)/atmel/atmel toolchain/avr8 gcc/native/3.4.1056/avr8-gnu-toolchain/bin/../lib/gcc/avr/4.8.1/avr5\libgcc.a(_divmodsi4.o)
 .text.libgcc.builtins
                0x00000000        0x0 e:/program files (x86)/atmel/atmel toolchain/avr8 gcc/native/3.4.1056/avr8-gnu-toolchain/bin/../lib/gcc/avr/4.8.1/avr5\libgcc.a(_divmodsi4.o)
 .text.libgcc.fmul
                0x00000000        0x0 e:/program files (x86)/atmel/atmel toolchain/avr8 gcc/native/3.4.1056/avr8-gnu-toolchain/bin/../lib/gcc/avr/4.8.1/avr5\libgcc.a(_divmodsi4.o)
 .text.libgcc.fixed
                0x00000000        0x0 e:/program files (x86)/atmel/atmel toolchain/avr8 gcc/native/3.4.1056/avr8-gnu-toolchain/bin/../lib/gcc/avr/4.8.1/avr5\libgcc.a(_divmodsi4.o)
 .text          0x00000000        0x0 e:/program files (x86)/atmel/atmel toolchain/avr8 gcc/native/3.4.1056/avr8-gnu-toolchain/bin/../lib/gcc/avr/4.8.1/avr5\libgcc.a(_negsi2.o)
 .bss           0x00000000        0x0 e:/program files (x86)/atmel/atmel toolchain/avr8 gcc/native/3.4.1056/avr8-gnu-toolchain/bin/../lib/gcc/avr/4.8.1/avr5\libgcc.a(_negsi2.o)
 .text.libgcc.mul
                0x00000000        0x0 e:/program files (x86)/atmel/atmel toolchain/avr8 gcc/native/3.4.1056/avr8-gnu-toolchain/bin/../lib/gcc/avr/4.8.1/avr5\libgcc.a(_negsi2.o)
 .text.libgcc   0x00000000        0x0 e:/program files (x86)/atmel/atmel toolchain/avr8 gcc/native/3.4.1056/avr8-gnu-toolchain/bin/../lib/gcc/avr/4.8.1/avr5\libgcc.a(_negsi2.o)
 .text.libgcc.prologue
                0x00000000        0x0 e:/program files (x86)/atmel/atmel toolchain/avr8 gcc/native/3.4.1056/avr8-gnu-toolchain/bin/../lib/gcc/avr/4.8.1/avr5\libgcc.a(_negsi2.o)
 .text.libgcc.builtins
                0x00000000        0x0 e:/program files (x86)/atmel/atmel toolchain/avr8 gcc/native/3.4.1056/avr8-gnu-toolchain/bin/../lib/gcc/avr/4.8.1/avr5\libgcc.a(_negsi2.o)
 .text.libgcc.fmul
                0x00000000        0x0 e:/program files (x86)/atmel/atmel toolchain/avr8 gcc/native/3.4.1056/avr8-gnu-toolchain/bin/../lib/gcc/avr/4.8.1/avr5\libgcc.a(_negsi2.o)
 .text.libgcc.fixed
                0x00000000        0x0 e:/program files (x86)/atmel/atmel toolchain/avr8 gcc/native/3.4.1056/avr8-gnu-toolchain/bin/../lib/gcc/avr/4.8.1/avr5\libgcc.a(_negsi2.o)
 .text          0x00000000        0x0 e:/program files (x86)/atmel/atmel toolchain/avr8 gcc/native/3.4.1056/avr8-gnu-toolchain/bin/../lib/gcc/avr/4.8.1/avr5\libgcc.a(_exit.o)
 .bss           0x00000000        0x0 e:/program files (x86)/atmel/atmel toolchain/avr8 gcc/native/3.4.1056/avr8-gnu-toolchain/bin/../lib/gcc/avr/4.8.1/avr5\libgcc.a(_exit.o)
 .text.libgcc.mul
                0x00000000        0x0 e:/program files (x86)/atmel/atmel toolchain/avr8 gcc/native/3.4.1056/avr8-gnu-toolchain/bin/../lib/gcc/avr/4.8.1/avr5\libgcc.a(_exit.o)
 .text.libgcc.div
                0x00000000        0x0 e:/program files (x86)/atmel/atmel toolchain/avr8 gcc/native/3.4.1056/avr8-gnu-toolchain/bin/../lib/gcc/avr/4.8.1/avr5\libgcc.a(_exit.o)
 .text.libgcc   0x00000000        0x0 e:/program files (x86)/atmel/atmel toolchain/avr8 gcc/native/3.4.1056/avr8-gnu-toolchain/bin/../lib/gcc/avr/4.8.1/avr5\libgcc.a(_exit.o)
 .text.libgcc.prologue
                0x00000000        0x0 e:/program files (x86)/atmel/atmel toolchain/avr8 gcc/native/3.4.1056/avr8-gnu-toolchain/bin/../lib/gcc/avr/4.8.1/avr5\libgcc.a(_exit.o)
 .text.libgcc.builtins
                0x00000000        0x0 e:/program files (x86)/atmel/atmel toolchain/avr8 gcc/native/3.4.1056/avr8-gnu-toolchain/bin/../lib/gcc/avr/4.8.1/avr5\libgcc.a(_exit.o)
 .text.libgcc.fmul
                0x00000000        0x0 e:/program files (x86)/atmel/atmel toolchain/avr8 gcc/native/3.4.1056/avr8-gnu-toolchain/bin/../lib/gcc/avr/4.8.1/avr5\libgcc.a(_exit.o)
 .text.libgcc.fixed
                0x00000000        0x0 e:/program files (x86)/atmel/atmel toolchain/avr8 gcc/native/3.4.1056/avr8-gnu-toolchain/bin/../lib/gcc/avr/4.8.1/avr5\libgcc.a(_exit.o)
 .text          0x00000000        0x0 e:/program files (x86)/atmel/atmel toolchain/avr8 gcc/native/3.4.1056/avr8-gnu-toolchain/bin/../lib/gcc/avr/4.8.1/avr5\libgcc.a(_tablejump.o)
 .bss           0x00000000        0x0 e:/program files (x86)/atmel/atmel toolchain/avr8 gcc/native/3.4.1056/avr8-gnu-toolchain/bin/../lib/gcc/avr/4.8.1/avr5\libgcc.a(_tablejump.o)
 .text.libgcc.mul
                0x00000000        0x0 e:/program files (x86)/atmel/atmel toolchain/avr8 gcc/native/3.4.1056/avr8-gnu-toolchain/bin/../lib/gcc/avr/4.8.1/avr5\libgcc.a(_tablejump.o)
 .text.libgcc.div
                0x00000000        0x0 e:/program files (x86)/atmel/atmel toolchain/avr8 gcc/native/3.4.1056/avr8-gnu-toolchain/bin/../lib/gcc/avr/4.8.1/avr5\libgcc.a(_tablejump.o)
 .text.libgcc   0x00000000        0xc e:/program files (x86)/atmel/atmel toolchain/avr8 gcc/native/3.4.1056/avr8-gnu-toolchain/bin/../lib/gcc/avr/4.8.1/avr5\libgcc.a(_tablejump.o)
 .text.libgcc.prologue
                0x00000000        0x0 e:/program files (x86)/atmel/atmel toolchain/avr8 gcc/native/3.4.1056/avr8-gnu-toolchain/bin/../lib/gcc/avr/4.8.1/avr5\libgcc.a(_tablejump.o)
 .text.libgcc.builtins
                0x00000000        0x0 e:/program files (x86)/atmel/atmel toolchain/avr8 gcc/native/3.4.1056/avr8-gnu-toolchain/bin/../lib/gcc/avr/4.8.1/avr5\libgcc.a(_tablejump.o)
 .text.libgcc.fmul
                0x00000000        0x0 e:/program files (x86)/atmel/atmel toolchain/avr8 gcc/native/3.4.1056/avr8-gnu-toolchain/bin/../lib/gcc/avr/4.8.1/avr5\libgcc.a(_tablejump.o)
 .text.libgcc.fixed
                0x00000000        0x0 e:/program files (x86)/atmel/atmel toolchain/avr8 gcc/native/3.4.1056/avr8-gnu-toolchain/bin/../lib/gcc/avr/4.8.1/avr5\libgcc.a(_tablejump.o)
 .text          0x00000000        0x0 e:/program files (x86)/atmel/atmel toolchain/avr8 gcc/native/3.4.1056/avr8-gnu-toolchain/bin/../lib/gcc/avr/4.8.1/avr5\libgcc.a(_copy_data.o)
 .bss           0x00000000        0x0 e:/program files (x86)/atmel/atmel toolchain/avr8 gcc/native/3.4.1056/avr8-gnu-toolchain/bin/../lib/gcc/avr/4.8.1/avr5\libgcc.a(_copy_data.o)
 .text.libgcc.mul
                0x00000000        0x0 e:/program files (x86)/atmel/atmel toolchain/avr8 gcc/native/3.4.1056/avr8-gnu-toolchain/bin/../lib/gcc/avr/4.8.1/avr5\libgcc.a(_copy_data.o)
 .text.libgcc.div
                0x00000000        0x0 e:/program files (x86)/atmel/atmel toolchain/avr8 gcc/native/3.4.1056/avr8-gnu-toolchain/bin/../lib/gcc/avr/4.8.1/avr5\libgcc.a(_copy_data.o)
 .text.libgcc   0x00000000        0x0 e:/program files (x86)/atmel/atmel toolchain/avr8 gcc/native/3.4.1056/avr8-gnu-toolchain/bin/../lib/gcc/avr/4.8.1/avr5\libgcc.a(_copy_data.o)
 .text.libgcc.prologue
                0x00000000        0x0 e:/program files (x86)/atmel/atmel toolchain/avr8 gcc/native/3.4.1056/avr8-gnu-toolchain/bin/../lib/gcc/avr/4.8.1/avr5\libgcc.a(_copy_data.o)
 .text.libgcc.builtins
                0x00000000        0x0 e:/program files (x86)/atmel/atmel toolchain/avr8 gcc/native/3.4.1056/avr8-gnu-toolchain/bin/../lib/gcc/avr/4.8.1/avr5\libgcc.a(_copy_data.o)
 .text.libgcc.fmul
                0x00000000        0x0 e:/program files (x86)/atmel/atmel toolchain/avr8 gcc/native/3.4.1056/avr8-gnu-toolchain/bin/../lib/gcc/avr/4.8.1/avr5\libgcc.a(_copy_data.o)
 .text.libgcc.fixed
                0x00000000        0x0 e:/program files (x86)/atmel/atmel toolchain/avr8 gcc/native/3.4.1056/avr8-gnu-toolchain/bin/../lib/gcc/avr/4.8.1/avr5\libgcc.a(_copy_data.o)
 .text          0x00000000        0x0 e:/program files (x86)/atmel/atmel toolchain/avr8 gcc/native/3.4.1056/avr8-gnu-toolchain/bin/../lib/gcc/avr/4.8.1/avr5\libgcc.a(_clear_bss.o)
 .bss           0x00000000        0x0 e:/program files (x86)/atmel/atmel toolchain/avr8 gcc/native/3.4.1056/avr8-gnu-toolchain/bin/../lib/gcc/avr/4.8.1/avr5\libgcc.a(_clear_bss.o)
 .text.libgcc.mul
                0x00000000        0x0 e:/program files (x86)/atmel/atmel toolchain/avr8 gcc/native/3.4.1056/avr8-gnu-toolchain/bin/../lib/gcc/avr/4.8.1/avr5\libgcc.a(_clear_bss.o)
 .text.libgcc.div
                0x00000000        0x0 e:/program files (x86)/atmel/atmel toolchain/avr8 gcc/native/3.4.1056/avr8-gnu-toolchain/bin/../lib/gcc/avr/4.8.1/avr5\libgcc.a(_clear_bss.o)
 .text.libgcc   0x00000000        0x0 e:/program files (x86)/atmel/atmel toolchain/avr8 gcc/native/3.4.1056/avr8-gnu-toolchain/bin/../lib/gcc/avr/4.8.1/avr5\libgcc.a(_clear_bss.o)
 .text.libgcc.prologue
                0x00000000        0x0 e:/program files (x86)/atmel/atmel toolchain/avr8 gcc/native/3.4.1056/avr8-gnu-toolchain/bin/../lib/gcc/avr/4.8.1/avr5\libgcc.a(_clear_bss.o)
 .text.libgcc.builtins
                0x00000000        0x0 e:/program files (x86)/atmel/atmel toolchain/avr8 gcc/native/3.4.1056/avr8-gnu-toolchain/bin/../lib/gcc/avr/4.8.1/avr5\libgcc.a(_clear_bss.o)
 .text.libgcc.fmul
                0x00000000        0x0 e:/program files (x86)/atmel/atmel toolchain/avr8 gcc/native/3.4.1056/avr8-gnu-toolchain/bin/../lib/gcc/avr/4.8.1/avr5\libgcc.a(_clear_bss.o)
 .text.libgcc.fixed
                0x00000000        0x0 e:/program files (x86)/atmel/atmel toolchain/avr8 gcc/native/3.4.1056/avr8-gnu-toolchain/bin/../lib/gcc/avr/4.8.1/avr5\libgcc.a(_clear_bss.o)
 .text          0x00000000        0x0 e:/program files (x86)/atmel/atmel toolchain/avr8 gcc/native/3.4.1056/avr8-gnu-toolchain/bin/../lib/gcc/avr/4.8.1/avr5\libgcc.a(_umulhisi3.o)
 .bss           0x00000000        0x0 e:/program files (x86)/atmel/atmel toolchain/avr8 gcc/native/3.4.1056/avr8-gnu-toolchain/bin/../lib/gcc/avr/4.8.1/avr5\libgcc.a(_umulhisi3.o)
 .text.libgcc.div
                0x00000000        0x0 e:/program files (x86)/atmel/atmel toolchain/avr8 gcc/native/3.4.1056/avr8-gnu-toolchain/bin/../lib/gcc/avr/4.8.1/avr5\libgcc.a(_umulhisi3.o)
 .text.libgcc   0x00000000        0x0 e:/program files (x86)/atmel/atmel toolchain/avr8 gcc/native/3.4.1056/avr8-gnu-toolchain/bin/../lib/gcc/avr/4.8.1/avr5\libgcc.a(_umulhisi3.o)
 .text.libgcc.prologue
                0x00000000        0x0 e:/program files (x86)/atmel/atmel toolchain/avr8 gcc/native/3.4.1056/avr8-gnu-toolchain/bin/../lib/gcc/avr/4.8.1/avr5\libgcc.a(_umulhisi3.o)
 .text.libgcc.builtins
                0x00000000        0x0 e:/program files (x86)/atmel/atmel toolchain/avr8 gcc/native/3.4.1056/avr8-gnu-toolchain/bin/../lib/gcc/avr/4.8.1/avr5\libgcc.a(_umulhisi3.o)
 .text.libgcc.fmul
                0x00000000        0x0 e:/program files (x86)/atmel/atmel toolchain/avr8 gcc/native/3.4.1056/avr8-gnu-toolchain/bin/../lib/gcc/avr/4.8.1/avr5\libgcc.a(_umulhisi3.o)
 .text.libgcc.fixed
                0x00000000        0x0 e:/program files (x86)/atmel/atmel toolchain/avr8 gcc/native/3.4.1056/avr8-gnu-toolchain/bin/../lib/gcc/avr/4.8.1/avr5\libgcc.a(_umulhisi3.o)
 .text          0x00000000        0x0 e:/program files (x86)/atmel/atmel toolchain/avr8 gcc/native/3.4.1056/avr8-gnu-toolchain/bin/../lib/gcc/avr/4.8.1/avr5\libgcc.a(_udivmodsi4.o)
 .bss           0x00000000        0x0 e:/program files (x86)/atmel/atmel toolchain/avr8 gcc/native/3.4.1056/avr8-gnu-toolchain/bin/../lib/gcc/avr/4.8.1/avr5\libgcc.a(_udivmodsi4.o)
 .text.libgcc.mul
                0x00000000        0x0 e:/program files (x86)/atmel/atmel toolchain/avr8 gcc/native/3.4.1056/avr8-gnu-toolchain/bin/../lib/gcc/avr/4.8.1/avr5\libgcc.a(_udivmodsi4.o)
 .text.libgcc   0x00000000        0x0 e:/program files (x86)/atmel/atmel toolchain/avr8 gcc/native/3.4.1056/avr8-gnu-toolchain/bin/../lib/gcc/avr/4.8.1/avr5\libgcc.a(_udivmodsi4.o)
 .text.libgcc.prologue
                0x00000000        0x0 e:/program files (x86)/atmel/atmel toolchain/avr8 gcc/native/3.4.1056/avr8-gnu-toolchain/bin/../lib/gcc/avr/4.8.1/avr5\libgcc.a(_udivmodsi4.o)
 .text.libgcc.builtins
                0x00000000        0x0 e:/program files (x86)/atmel/atmel toolchain/avr8 gcc/native/3.4.1056/avr8-gnu-toolchain/bin/../lib/gcc/avr/4.8.1/avr5\libgcc.a(_udivmodsi4.o)
 .text.libgcc.fmul
                0x00000000        0x0 e:/program files (x86)/atmel/atmel toolchain/avr8 gcc/native/3.4.1056/avr8-gnu-toolchain/bin/../lib/gcc/avr/4.8.1/avr5\libgcc.a(_udivmodsi4.o)
 .text.libgcc.fixed
                0x00000000        0x0 e:/program files (x86)/atmel/atmel toolchain/avr8 gcc/native/3.4.1056/avr8-gnu-toolchain/bin/../lib/gcc/avr/4.8.1/avr5\libgcc.a(_udivmodsi4.o)
 .text          0x00000000        0x0 e:/program files (x86)/atmel/atmel toolchain/avr8 gcc/native/3.4.1056/avr8-gnu-toolchain/bin/../lib/gcc/avr/4.8.1/../../../../avr/lib/avr5\libc.a(atoi.o)
 .bss           0x00000000        0x0 e:/program files (x86)/atmel/atmel toolchain/avr8 gcc/native/3.4.1056/avr8-gnu-toolchain/bin/../lib/gcc/avr/4.8.1/../../../../avr/lib/avr5\libc.a(atoi.o)
 .text          0x00000000        0x0 e:/program files (x86)/atmel/atmel toolchain/avr8 gcc/native/3.4.1056/avr8-gnu-toolchain/bin/../lib/gcc/avr/4.8.1/../../../../avr/lib/avr5\libc.a(strstr.o)
 .bss           0x00000000        0x0 e:/program files (x86)/atmel/atmel toolchain/avr8 gcc/native/3.4.1056/avr8-gnu-toolchain/bin/../lib/gcc/avr/4.8.1/../../../../avr/lib/avr5\libc.a(strstr.o)
 .text          0x00000000        0x0 e:/program files (x86)/atmel/atmel toolchain/avr8 gcc/native/3.4.1056/avr8-gnu-toolchain/bin/../lib/gcc/avr/4.8.1/../../../../avr/lib/avr5\libc.a(mul10.o)
 .bss           0x00000000        0x0 e:/program files (x86)/atmel/atmel toolchain/avr8 gcc/native/3.4.1056/avr8-gnu-toolchain/bin/../lib/gcc/avr/4.8.1/../../../../avr/lib/avr5\libc.a(mul10.o)

Memory Configuration

Name             Origin             Length             Attributes
text             0x00000000         0x00020000         xr
data             0x00800060         0x0000ffa0         rw !x
eeprom           0x00810000         0x00010000         rw !x
fuse             0x00820000         0x00000400         rw !x
lock             0x00830000         0x00000400         rw !x
signature        0x00840000         0x00000400         rw !x
user_signatures  0x00850000         0x00000400         rw !x
*default*        0x00000000         0xffffffff

Linker script and memory map

Address of section .data set to 0x800100
LOAD e:/program files (x86)/atmel/atmel toolchain/avr8 gcc/native/3.4.1056/avr8-gnu-toolchain/bin/../lib/gcc/avr/4.8.1/../../../../avr/lib/avr5/crtm64.o
LOAD adc.o
LOAD beep.o
LOAD eeprom.o
LOAD gprs.o
LOAD init.o
LOAD int.o
LOAD lcd.o
LOAD led.o
LOAD prot_init.o
LOAD crc.o
LOAD send.o
LOAD time.o
LOAD main.o
LOAD usart.o
LOAD wdt_use.o
LOAD wifi.o
START GROUP
LOAD e:/program files (x86)/atmel/atmel toolchain/avr8 gcc/native/3.4.1056/avr8-gnu-toolchain/bin/../lib/gcc/avr/4.8.1/../../../../avr/lib/avr5\libm.a
END GROUP
START GROUP
LOAD e:/program files (x86)/atmel/atmel toolchain/avr8 gcc/native/3.4.1056/avr8-gnu-toolchain/bin/../lib/gcc/avr/4.8.1/avr5\libgcc.a
LOAD e:/program files (x86)/atmel/atmel toolchain/avr8 gcc/native/3.4.1056/avr8-gnu-toolchain/bin/../lib/gcc/avr/4.8.1/../../../../avr/lib/avr5\libm.a
LOAD e:/program files (x86)/atmel/atmel toolchain/avr8 gcc/native/3.4.1056/avr8-gnu-toolchain/bin/../lib/gcc/avr/4.8.1/../../../../avr/lib/avr5\libc.a
END GROUP

.hash
 *(.hash)

.dynsym
 *(.dynsym)

.dynstr
 *(.dynstr)

.gnu.version
 *(.gnu.version)

.gnu.version_d
 *(.gnu.version_d)

.gnu.version_r
 *(.gnu.version_r)

.rel.init
 *(.rel.init)

.rela.init
 *(.rela.init)

.rel.text
 *(.rel.text)
 *(.rel.text.*)
 *(.rel.gnu.linkonce.t*)

.rela.text
 *(.rela.text)
 *(.rela.text.*)
 *(.rela.gnu.linkonce.t*)

.rel.fini
 *(.rel.fini)

.rela.fini
 *(.rela.fini)

.rel.rodata
 *(.rel.rodata)
 *(.rel.rodata.*)
 *(.rel.gnu.linkonce.r*)

.rela.rodata
 *(.rela.rodata)
 *(.rela.rodata.*)
 *(.rela.gnu.linkonce.r*)

.rel.data
 *(.rel.data)
 *(.rel.data.*)
 *(.rel.gnu.linkonce.d*)

.rela.data
 *(.rela.data)
 *(.rela.data.*)
 *(.rela.gnu.linkonce.d*)

.rel.ctors
 *(.rel.ctors)

.rela.ctors
 *(.rela.ctors)

.rel.dtors
 *(.rel.dtors)

.rela.dtors
 *(.rela.dtors)

.rel.got
 *(.rel.got)

.rela.got
 *(.rela.got)

.rel.bss
 *(.rel.bss)

.rela.bss
 *(.rela.bss)

.rel.plt
 *(.rel.plt)

.rela.plt
 *(.rela.plt)

.text           0x00000000     0x2ef6
 *(.vectors)
 .vectors       0x00000000       0x8c e:/program files (x86)/atmel/atmel toolchain/avr8 gcc/native/3.4.1056/avr8-gnu-toolchain/bin/../lib/gcc/avr/4.8.1/../../../../avr/lib/avr5/crtm64.o
                0x00000000                __vector_default
                0x00000000                __vectors
 *(.vectors)
 *(.progmem.gcc*)
                0x0000008c                . = ALIGN (0x2)
                0x0000008c                __trampolines_start = .
 *(.trampolines)
 .trampolines   0x0000008c        0x0 linker stubs
 *(.trampolines*)
                0x0000008c                __trampolines_end = .
 *(.progmem*)
                0x0000008c                . = ALIGN (0x2)
 *(.jumptables)
 *(.jumptables*)
 *(.lowtext)
 *(.lowtext*)
                0x0000008c                __ctors_start = .
 *(.ctors)
                0x0000008c                __ctors_end = .
                0x0000008c                __dtors_start = .
 *(.dtors)
                0x0000008c                __dtors_end = .
 SORT(*)(.ctors)
 SORT(*)(.dtors)
 *(.init0)
 .init0         0x0000008c        0x0 e:/program files (x86)/atmel/atmel toolchain/avr8 gcc/native/3.4.1056/avr8-gnu-toolchain/bin/../lib/gcc/avr/4.8.1/../../../../avr/lib/avr5/crtm64.o
                0x0000008c                __init
 *(.init0)
 *(.init1)
 *(.init1)
 *(.init2)
 .init2         0x0000008c        0xc e:/program files (x86)/atmel/atmel toolchain/avr8 gcc/native/3.4.1056/avr8-gnu-toolchain/bin/../lib/gcc/avr/4.8.1/../../../../avr/lib/avr5/crtm64.o
 *(.init2)
 *(.init3)
 *(.init3)
 *(.init4)
 .init4         0x00000098       0x16 e:/program files (x86)/atmel/atmel toolchain/avr8 gcc/native/3.4.1056/avr8-gnu-toolchain/bin/../lib/gcc/avr/4.8.1/avr5\libgcc.a(_copy_data.o)
                0x00000098                __do_copy_data
 .init4         0x000000ae       0x10 e:/program files (x86)/atmel/atmel toolchain/avr8 gcc/native/3.4.1056/avr8-gnu-toolchain/bin/../lib/gcc/avr/4.8.1/avr5\libgcc.a(_clear_bss.o)
                0x000000ae                __do_clear_bss
 *(.init4)
 *(.init5)
 *(.init5)
 *(.init6)
 *(.init6)
 *(.init7)
 *(.init7)
 *(.init8)
 *(.init8)
 *(.init9)
 .init9         0x000000be        0x8 e:/program files (x86)/atmel/atmel toolchain/avr8 gcc/native/3.4.1056/avr8-gnu-toolchain/bin/../lib/gcc/avr/4.8.1/../../../../avr/lib/avr5/crtm64.o
 *(.init9)
 *(.text)
 .text          0x000000c6        0x4 e:/program files (x86)/atmel/atmel toolchain/avr8 gcc/native/3.4.1056/avr8-gnu-toolchain/bin/../lib/gcc/avr/4.8.1/../../../../avr/lib/avr5/crtm64.o
                0x000000c6                __vector_22
                0x000000c6                __vector_28
                0x000000c6                __vector_1
                0x000000c6                __vector_34
                0x000000c6                __vector_24
                0x000000c6                __bad_interrupt
                0x000000c6                __vector_6
                0x000000c6                __vector_31
                0x000000c6                __vector_3
                0x000000c6                __vector_23
                0x000000c6                __vector_25
                0x000000c6                __vector_11
                0x000000c6                __vector_13
                0x000000c6                __vector_17
                0x000000c6                __vector_19
                0x000000c6                __vector_7
                0x000000c6                __vector_27
                0x000000c6                __vector_5
                0x000000c6                __vector_33
                0x000000c6                __vector_4
                0x000000c6                __vector_2
                0x000000c6                __vector_8
                0x000000ca                . = ALIGN (0x2)
 *(.text.*)
 .text.ADC_GPIO_Init
                0x000000ca       0x22 adc.o
                0x000000ca                ADC_GPIO_Init
 .text.ADC_Mode_Init
                0x000000ec       0x12 adc.o
                0x000000ec                ADC_Mode_Init
 .text.ADC_Init
                0x000000fe        0xa adc.o
                0x000000fe                ADC_Init
 .text.ADC_Get  0x00000108       0x3a adc.o
                0x00000108                ADC_Get
 .text.__vector_21
                0x00000142       0x58 adc.o
                0x00000142                __vector_21
 .text.BEEP_Init
                0x0000019a        0x6 beep.o
                0x0000019a                BEEP_Init
 .text.BEEP     0x000001a0       0x1e beep.o
                0x000001a0                BEEP
 .text.EEPROM_Write_Buf
                0x000001be       0x2a eeprom.o
                0x000001be                EEPROM_Write_Buf
 .text.EEPROM_Read_Buf
                0x000001e8       0x26 eeprom.o
                0x000001e8                EEPROM_Read_Buf
 .text.Write_Init_EEPROM
                0x0000020e       0x10 eeprom.o
                0x0000020e                Write_Init_EEPROM
 .text.Read_Init_EEPROM
                0x0000021e       0x1a eeprom.o
                0x0000021e                Read_Init_EEPROM
 .text.Check_Init
                0x00000238       0x36 eeprom.o
                0x00000238                Check_Init
 .text.Write_STATUS_EEPROM
                0x0000026e        0xe eeprom.o
                0x0000026e                Write_STATUS_EEPROM
 .text.Read_STATUS_EEPROM
                0x0000027c       0x1a eeprom.o
                0x0000027c                Read_STATUS_EEPROM
 .text.Write_TIME_EEPROM
                0x00000296       0x28 eeprom.o
                0x00000296                Write_TIME_EEPROM
 .text.Read_TIME_EEPROM
                0x000002be       0x3e eeprom.o
                0x000002be                Read_TIME_EEPROM
 .text.Write_FLOW_EEPROM
                0x000002fc       0x28 eeprom.o
                0x000002fc                Write_FLOW_EEPROM
 .text.Read_FLOW_EEPROM
                0x00000324       0x3e eeprom.o
                0x00000324                Read_FLOW_EEPROM
 .text.Write_RAW_EEPROM
                0x00000362        0xe eeprom.o
                0x00000362                Write_RAW_EEPROM
 .text.Read_RAW_EEPROM
                0x00000370       0x1a eeprom.o
                0x00000370                Read_RAW_EEPROM
 .text.Write_PURE_EEPROM
                0x0000038a        0xe eeprom.o
                0x0000038a                Write_PURE_EEPROM
 .text.Read_PURE_EEPROM
                0x00000398       0x1a eeprom.o
                0x00000398                Read_PURE_EEPROM
 .text.Write_CMD_EEPROM
                0x000003b2       0x32 eeprom.o
                0x000003b2                Write_CMD_EEPROM
 .text.Read_CMD_EEPROM
                0x000003e4       0x34 eeprom.o
                0x000003e4                Read_CMD_EEPROM
 .text.Read_COUNT_CHONGXI_EEPROM
                0x00000418       0x34 eeprom.o
                0x00000418                Read_COUNT_CHONGXI_EEPROM
 .text.Write_YU_SUM_FLOW_EEPROM
                0x0000044c       0x28 eeprom.o
                0x0000044c                Write_YU_SUM_FLOW_EEPROM
 .text.Read_YU_SUM_FLOW_EEPROM
                0x00000474       0x34 eeprom.o
                0x00000474                Read_YU_SUM_FLOW_EEPROM
 .text.Write_VIUV_TIME_EEPROM
                0x000004a8       0x54 eeprom.o
                0x000004a8                Write_VIUV_TIME_EEPROM
 .text.Read__VIUV_TIME_EEPROM
                0x000004fc       0x50 eeprom.o
                0x000004fc                Read__VIUV_TIME_EEPROM
 .text.Write_Filte_CntV_EEPROM
                0x0000054c        0xe eeprom.o
                0x0000054c                Write_Filte_CntV_EEPROM
 .text.Read_Filte_CntV_EEPROM
                0x0000055a       0x1a eeprom.o
                0x0000055a                Read_Filte_CntV_EEPROM
 .text.GET_GPRS_Signal
                0x00000574      0x8c8 gprs.o
                0x00000574                GET_GPRS_Signal
 .text.swap     0x00000e3c       0x1a gprs.o
                0x00000e3c                swap
 .text.revstr   0x00000e56       0x4a gprs.o
                0x00000e56                revstr
 .text.itoc     0x00000ea0       0x78 gprs.o
                0x00000ea0                itoc
 .text.itoa     0x00000f18       0x28 gprs.o
                0x00000f18                itoa
 .text.ShortTurl
                0x00000f40      0x57a gprs.o
                0x00000f40                ShortTurl
 .text.TM1726_start
                0x000014ba       0x1c lcd.o
 .text.TM1726_stop
                0x000014d6       0x1c lcd.o
 .text.WRITE_DATA_1726
                0x000014f2       0x2c lcd.o
                0x000014f2                WRITE_DATA_1726
 .text.WRITE_ALLRAM_1726
                0x0000151e       0x40 lcd.o
                0x0000151e                WRITE_ALLRAM_1726
 .text.REFRESH_ALLRAM_1726
                0x0000155e       0x42 lcd.o
                0x0000155e                REFRESH_ALLRAM_1726
 .text.INIT_1726
                0x000015a0       0x1a lcd.o
                0x000015a0                INIT_1726
 .text.WRITE_1DATA_1726
                0x000015ba       0x44 lcd.o
                0x000015ba                WRITE_1DATA_1726
 .text.signal_ico
                0x000015fe       0x20 lcd.o
                0x000015fe                signal_ico
 .text.hydropenia_ico
                0x0000161e       0x20 lcd.o
                0x0000161e                hydropenia_ico
 .text.leakage_ico
                0x0000163e       0x20 lcd.o
                0x0000163e                leakage_ico
 .text.pure_water_ico
                0x0000165e       0x20 lcd.o
                0x0000165e                pure_water_ico
 .text.raw_water_ico
                0x0000167e       0x20 lcd.o
                0x0000167e                raw_water_ico
 .text.flow_ico
                0x0000169e       0x20 lcd.o
                0x0000169e                flow_ico
 .text.time_ico
                0x000016be       0x20 lcd.o
                0x000016be                time_ico
 .text.null_ico
                0x000016de       0x20 lcd.o
                0x000016de                null_ico
 .text.signal   0x000016fe       0x80 lcd.o
                0x000016fe                signal
 .text.ico      0x0000177e       0x22 lcd.o
                0x0000177e                ico
 .text.Write_addr_data
                0x000017a0       0x52 lcd.o
                0x000017a0                Write_addr_data
 .text.drip     0x000017f2      0x102 lcd.o
                0x000017f2                drip
 .text.time_set
                0x000018f4       0xa2 lcd.o
                0x000018f4                time_set
 .text.flow_set
                0x00001996       0xca lcd.o
                0x00001996                flow_set
 .text.LCD_Init
                0x00001a60       0x56 lcd.o
                0x00001a60                LCD_Init
 .text.pure_water_set
                0x00001ab6       0xa2 lcd.o
                0x00001ab6                pure_water_set
 .text.raw_water_set
                0x00001b58       0x82 lcd.o
                0x00001b58                raw_water_set
 .text.SET_TIME
                0x00001bda       0x52 lcd.o
                0x00001bda                SET_TIME
 .text.SET_FLOW_L
                0x00001c2c       0x52 lcd.o
                0x00001c2c                SET_FLOW_L
 .text.SET_FLOW
                0x00001c7e       0x2e lcd.o
                0x00001c7e                SET_FLOW
 .text.SET_TDS1
                0x00001cac       0x6e lcd.o
                0x00001cac                SET_TDS1
 .text.SET_TDS2
                0x00001d1a       0x6e lcd.o
                0x00001d1a                SET_TDS2
 .text.LED_Init
                0x00001d88        0x6 led.o
                0x00001d88                LED_Init
 .text.Port_Init
                0x00001d8e       0x26 prot_init.o
                0x00001d8e                Port_Init
 .text.zhishui  0x00001db4        0x6 prot_init.o
                0x00001db4                zhishui
 .text.close_zhishui
                0x00001dba        0x6 prot_init.o
                0x00001dba                close_zhishui
 .text.chongxi  0x00001dc0        0x8 prot_init.o
                0x00001dc0                chongxi
 .text.close_chongxi
                0x00001dc8        0x8 prot_init.o
                0x00001dc8                close_chongxi
 .text.CRC16    0x00001dd0       0x38 crc.o
                0x00001dd0                CRC16
 .text.Check_CRC16
                0x00001e08       0x3e crc.o
                0x00001e08                Check_CRC16
 .text.Str_Add_Str
                0x00001e46       0x1e send.o
                0x00001e46                Str_Add_Str
 .text.send_data
                0x00001e64       0xd6 send.o
 .text.Send_Cmd_Parameter
                0x00001f3a       0x6e send.o
                0x00001f3a                Send_Cmd_Parameter
 .text.GET_Parameter
                0x00001fa8       0x66 send.o
                0x00001fa8                GET_Parameter
 .text.GET_CMD  0x0000200e       0x56 send.o
                0x0000200e                GET_CMD
 .text.ERROR_HYDROPENIA
                0x00002064       0x4a send.o
                0x00002064                ERROR_HYDROPENIA
 .text.ERROR_LEAKAGE
                0x000020ae       0x4a send.o
                0x000020ae                ERROR_LEAKAGE
 .text.Time0_Init
                0x000020f8       0x18 time.o
                0x000020f8                Time0_Init
 .text.Time1_Port
                0x00002110        0x6 time.o
                0x00002110                Time1_Port
 .text.Time1_Config
                0x00002116       0x24 time.o
                0x00002116                Time1_Config
 .text.Time1_Init
                0x0000213a        0xa time.o
                0x0000213a                Time1_Init
 .text.Time1_Start
                0x00002144        0xa time.o
                0x00002144                Time1_Start
 .text.Time1_Stop
                0x0000214e       0x10 time.o
                0x0000214e                Time1_Stop
 .text.Time1_Get_TCNT
                0x0000215e        0xa time.o
                0x0000215e                Time1_Get_TCNT
 .text.Time2_Init
                0x00002168        0xc time.o
                0x00002168                Time2_Init
 .text.Time2_Start
                0x00002174        0xe time.o
                0x00002174                Time2_Start
 .text.Time2_Stop
                0x00002182        0xe time.o
                0x00002182                Time2_Stop
 .text.Time3_Init
                0x00002190       0x12 time.o
                0x00002190                Time3_Init
 .text.Time3_Start
                0x000021a2       0x16 time.o
                0x000021a2                Time3_Start
 .text.Time3_Stop
                0x000021b8       0x16 time.o
                0x000021b8                Time3_Stop
 .text.Get_time3_Status
                0x000021ce        0x8 time.o
                0x000021ce                Get_time3_Status
 .text.__vector_16
                0x000021d6       0xe6 time.o
                0x000021d6                __vector_16
 .text.__vector_15
                0x000022bc      0x212 time.o
                0x000022bc                __vector_15
 .text.__vector_14
                0x000024ce       0x22 time.o
                0x000024ce                __vector_14
 .text.__vector_12
                0x000024f0       0x14 time.o
                0x000024f0                __vector_12
 .text.__vector_10
                0x00002504       0x8e time.o
                0x00002504                __vector_10
 .text.__vector_9
                0x00002592       0x14 time.o
                0x00002592                __vector_9
 .text.__vector_29
                0x000025a6       0xba time.o
                0x000025a6                __vector_29
 .text.__vector_26
                0x00002660       0x14 time.o
                0x00002660                __vector_26
 .text.System_Init
                0x00002674       0x48 main.o
                0x00002674                System_Init
 .text.Data_Init
                0x000026bc      0x13a main.o
                0x000026bc                Data_Init
 .text.main     0x000027f6      0x228 main.o
                0x000027f6                main
 .text.USART0_Init
                0x00002a1e       0x28 usart.o
                0x00002a1e                USART0_Init
 .text.USART0_Transmit
                0x00002a46        0x8 usart.o
                0x00002a46                USART0_Transmit
 .text.__vector_18
                0x00002a4e       0x14 usart.o
                0x00002a4e                __vector_18
 .text.__vector_20
                0x00002a62       0x14 usart.o
                0x00002a62                __vector_20
 .text.USART1_Init
                0x00002a76       0x30 usart.o
                0x00002a76                USART1_Init
 .text.USART1_Transmit
                0x00002aa6       0x10 usart.o
                0x00002aa6                USART1_Transmit
 .text.USART1_Transmit_String
                0x00002ab6       0x2a usart.o
                0x00002ab6                USART1_Transmit_String
 .text.USART1_Transmit_nChar
                0x00002ae0       0x22 usart.o
                0x00002ae0                USART1_Transmit_nChar
 .text.USART1_Receive
                0x00002b02       0x10 usart.o
                0x00002b02                USART1_Receive
 .text.__vector_30
                0x00002b12      0x284 usart.o
                0x00002b12                __vector_30
 .text.__vector_32
                0x00002d96       0x14 usart.o
                0x00002d96                __vector_32
 .text.libgcc.div
                0x00002daa       0x28 e:/program files (x86)/atmel/atmel toolchain/avr8 gcc/native/3.4.1056/avr8-gnu-toolchain/bin/../lib/gcc/avr/4.8.1/avr5\libgcc.a(_udivmodhi4.o)
                0x00002daa                __udivmodhi4
 .text.libgcc.div
                0x00002dd2       0x2e e:/program files (x86)/atmel/atmel toolchain/avr8 gcc/native/3.4.1056/avr8-gnu-toolchain/bin/../lib/gcc/avr/4.8.1/avr5\libgcc.a(_divmodsi4.o)
                0x00002dd2                __divmodsi4
 .text.libgcc.div
                0x00002e00       0x10 e:/program files (x86)/atmel/atmel toolchain/avr8 gcc/native/3.4.1056/avr8-gnu-toolchain/bin/../lib/gcc/avr/4.8.1/avr5\libgcc.a(_negsi2.o)
                0x00002e00                __negsi2
 .text.libgcc.mul
                0x00002e10       0x1e e:/program files (x86)/atmel/atmel toolchain/avr8 gcc/native/3.4.1056/avr8-gnu-toolchain/bin/../lib/gcc/avr/4.8.1/avr5\libgcc.a(_umulhisi3.o)
                0x00002e10                __umulhisi3
 .text.libgcc.div
                0x00002e2e       0x44 e:/program files (x86)/atmel/atmel toolchain/avr8 gcc/native/3.4.1056/avr8-gnu-toolchain/bin/../lib/gcc/avr/4.8.1/avr5\libgcc.a(_udivmodsi4.o)
                0x00002e2e                __udivmodsi4
 .text.avr-libc
                0x00002e72       0x3c e:/program files (x86)/atmel/atmel toolchain/avr8 gcc/native/3.4.1056/avr8-gnu-toolchain/bin/../lib/gcc/avr/4.8.1/../../../../avr/lib/avr5\libc.a(atoi.o)
                0x00002e72                atoi
 .text.avr-libc
                0x00002eae       0x34 e:/program files (x86)/atmel/atmel toolchain/avr8 gcc/native/3.4.1056/avr8-gnu-toolchain/bin/../lib/gcc/avr/4.8.1/../../../../avr/lib/avr5\libc.a(strstr.o)
                0x00002eae                strstr
 .text.avr-libc
                0x00002ee2       0x10 e:/program files (x86)/atmel/atmel toolchain/avr8 gcc/native/3.4.1056/avr8-gnu-toolchain/bin/../lib/gcc/avr/4.8.1/../../../../avr/lib/avr5\libc.a(mul10.o)
                0x00002ee2                __mulhi_const_10
                0x00002ef2                . = ALIGN (0x2)
 *(.fini9)
 .fini9         0x00002ef2        0x0 e:/program files (x86)/atmel/atmel toolchain/avr8 gcc/native/3.4.1056/avr8-gnu-toolchain/bin/../lib/gcc/avr/4.8.1/avr5\libgcc.a(_exit.o)
                0x00002ef2                _exit
                0x00002ef2                exit
 *(.fini9)
 *(.fini8)
 *(.fini8)
 *(.fini7)
 *(.fini7)
 *(.fini6)
 *(.fini6)
 *(.fini5)
 *(.fini5)
 *(.fini4)
 *(.fini4)
 *(.fini3)
 *(.fini3)
 *(.fini2)
 *(.fini2)
 *(.fini1)
 *(.fini1)
 *(.fini0)
 .fini0         0x00002ef2        0x4 e:/program files (x86)/atmel/atmel toolchain/avr8 gcc/native/3.4.1056/avr8-gnu-toolchain/bin/../lib/gcc/avr/4.8.1/avr5\libgcc.a(_exit.o)
 *(.fini0)
                0x00002ef6                _etext = .

.data           0x00800100      0x388 load address 0x00002ef6
                0x00800100                PROVIDE (__data_start, .)
 *(.data)
 .data          0x00800100        0x0 e:/program files (x86)/atmel/atmel toolchain/avr8 gcc/native/3.4.1056/avr8-gnu-toolchain/bin/../lib/gcc/avr/4.8.1/../../../../avr/lib/avr5/crtm64.o
 .data          0x00800100        0x0 adc.o
 .data          0x00800100        0x0 beep.o
 .data          0x00800100        0x0 eeprom.o
 .data          0x00800100        0x0 gprs.o
 .data          0x00800100        0x0 init.o
 .data          0x00800100        0x0 int.o
 .data          0x00800100        0x0 lcd.o
 .data          0x00800100        0x0 led.o
 .data          0x00800100        0x0 prot_init.o
 .data          0x00800100        0x0 crc.o
 .data          0x00800100        0x0 send.o
 .data          0x00800100        0x0 time.o
 .data          0x00800100        0x0 main.o
 .data          0x00800100        0x0 usart.o
 .data          0x00800100        0x0 wdt_use.o
 .data          0x00800100        0x0 wifi.o
 .data          0x00800100        0x0 e:/program files (x86)/atmel/atmel toolchain/avr8 gcc/native/3.4.1056/avr8-gnu-toolchain/bin/../lib/gcc/avr/4.8.1/avr5\libgcc.a(_udivmodqi4.o)
 .data          0x00800100        0x0 e:/program files (x86)/atmel/atmel toolchain/avr8 gcc/native/3.4.1056/avr8-gnu-toolchain/bin/../lib/gcc/avr/4.8.1/avr5\libgcc.a(_udivmodhi4.o)
 .data          0x00800100        0x0 e:/program files (x86)/atmel/atmel toolchain/avr8 gcc/native/3.4.1056/avr8-gnu-toolchain/bin/../lib/gcc/avr/4.8.1/avr5\libgcc.a(_divmodhi4.o)
 .data          0x00800100        0x0 e:/program files (x86)/atmel/atmel toolchain/avr8 gcc/native/3.4.1056/avr8-gnu-toolchain/bin/../lib/gcc/avr/4.8.1/avr5\libgcc.a(_divmodsi4.o)
 .data          0x00800100        0x0 e:/program files (x86)/atmel/atmel toolchain/avr8 gcc/native/3.4.1056/avr8-gnu-toolchain/bin/../lib/gcc/avr/4.8.1/avr5\libgcc.a(_negsi2.o)
 .data          0x00800100        0x0 e:/program files (x86)/atmel/atmel toolchain/avr8 gcc/native/3.4.1056/avr8-gnu-toolchain/bin/../lib/gcc/avr/4.8.1/avr5\libgcc.a(_exit.o)
 .data          0x00800100        0x0 e:/program files (x86)/atmel/atmel toolchain/avr8 gcc/native/3.4.1056/avr8-gnu-toolchain/bin/../lib/gcc/avr/4.8.1/avr5\libgcc.a(_tablejump.o)
 .data          0x00800100        0x0 e:/program files (x86)/atmel/atmel toolchain/avr8 gcc/native/3.4.1056/avr8-gnu-toolchain/bin/../lib/gcc/avr/4.8.1/avr5\libgcc.a(_copy_data.o)
 .data          0x00800100        0x0 e:/program files (x86)/atmel/atmel toolchain/avr8 gcc/native/3.4.1056/avr8-gnu-toolchain/bin/../lib/gcc/avr/4.8.1/avr5\libgcc.a(_clear_bss.o)
 .data          0x00800100        0x0 e:/program files (x86)/atmel/atmel toolchain/avr8 gcc/native/3.4.1056/avr8-gnu-toolchain/bin/../lib/gcc/avr/4.8.1/avr5\libgcc.a(_umulhisi3.o)
 .data          0x00800100        0x0 e:/program files (x86)/atmel/atmel toolchain/avr8 gcc/native/3.4.1056/avr8-gnu-toolchain/bin/../lib/gcc/avr/4.8.1/avr5\libgcc.a(_udivmodsi4.o)
 .data          0x00800100        0x0 e:/program files (x86)/atmel/atmel toolchain/avr8 gcc/native/3.4.1056/avr8-gnu-toolchain/bin/../lib/gcc/avr/4.8.1/../../../../avr/lib/avr5\libc.a(atoi.o)
 .data          0x00800100        0x0 e:/program files (x86)/atmel/atmel toolchain/avr8 gcc/native/3.4.1056/avr8-gnu-toolchain/bin/../lib/gcc/avr/4.8.1/../../../../avr/lib/avr5\libc.a(strstr.o)
 .data          0x00800100        0x0 e:/program files (x86)/atmel/atmel toolchain/avr8 gcc/native/3.4.1056/avr8-gnu-toolchain/bin/../lib/gcc/avr/4.8.1/../../../../avr/lib/avr5\libc.a(mul10.o)
 *(.data*)
 .data.sendtcpclose
                0x00800100        0xe gprs.o
                0x00800100                sendtcpclose
 .data.sendnet  0x0080010e       0x25 gprs.o
                0x0080010e                sendnet
 .data.sendjh   0x00800133        0xf gprs.o
                0x00800133                sendjh
 .data.sendpdp  0x00800142       0x18 gprs.o
                0x00800142                sendpdp
 .data.sendfu   0x0080015a        0xd gprs.o
                0x0080015a                sendfu
 .data.sendcsq  0x00800167        0x9 gprs.o
                0x00800167                sendcsq
 .data.sendsim  0x00800170        0xa gprs.o
                0x00800170                sendsim
 .data.sendhx   0x0080017a        0x7 gprs.o
                0x0080017a                sendhx
 .data.sendat   0x00800181        0x5 gprs.o
                0x00800181                sendat
 .data.SMGL     0x00800186        0xa lcd.o
                0x00800186                SMGL
 .data.SMG      0x00800190        0xa lcd.o
                0x00800190                SMG
 .data.Iint_Filte_CntV
                0x0080019a        0x6 time.o
                0x0080019a                Iint_Filte_CntV
 .data.T_chongxi
                0x008001a0        0x2 time.o
                0x008001a0                T_chongxi
 .data.send_time
                0x008001a2        0x2 time.o
                0x008001a2                send_time
 .data.time_chongxi
                0x008001a4        0x1 time.o
                0x008001a4                time_chongxi
 .data.GPRS_Receive_Flag
                0x008001a5        0x2 usart.o
                0x008001a5                GPRS_Receive_Flag
 *(.rodata)
 .rodata        0x008001a7       0x19 gprs.o
 *(.rodata*)
 .rodata.str1.1
                0x008001c0        0x3 eeprom.o
 .rodata.str1.1
                0x008001c3        0xf gprs.o
                                 0x12 (size before relaxing)
 .rodata.str1.1
                0x008001d2        0xb lcd.o
                                  0xd (size before relaxing)
 .rodata.TABLE1021
                0x008001dd      0x200 crc.o
                0x008001dd                TABLE1021
 .rodata.Device
                0x008003dd        0x9 send.o
                0x008003dd                Device
 .rodata.Tail   0x008003e6        0x2 send.o
                0x008003e6                Tail
 .rodata.Heart  0x008003e8        0x4 send.o
                0x008003e8                Heart
 .rodata.str1.1
                0x008003ec       0x9c usart.o
                                 0x9f (size before relaxing)
 *(.gnu.linkonce.d*)
                0x00800488                . = ALIGN (0x2)
                0x00800488                _edata = .
                0x00800488                PROVIDE (__data_end, .)

.bss            0x00800488      0x192
                0x00800488                PROVIDE (__bss_start, .)
 *(.bss)
 *(.bss*)
 .bss.adc_val   0x00800488        0x2 adc.o
                0x00800488                adc_val
 .bss.loop.2226
                0x0080048a        0x1 lcd.o
 .bss.LCD_Ico   0x0080048b        0x1 lcd.o
                0x0080048b                LCD_Ico
 .bss.SCQ       0x0080048c        0x1 lcd.o
                0x0080048c                SCQ
 .bss.t_100ms.2289
                0x0080048d        0x1 time.o
 .bss.time_20ms.2277
                0x0080048e        0x2 time.o
 .bss.refresh_time.2242
                0x00800490        0x1 time.o
 .bss.zhishui_finish_flag
                0x00800491        0x1 time.o
                0x00800491                zhishui_finish_flag
 .bss.status    0x00800492        0x4 time.o
                0x00800492                status
 .bss.tds2      0x00800496        0x4 time.o
                0x00800496                tds2
 .bss.tds1      0x0080049a        0x4 time.o
                0x0080049a                tds1
 .bss.flow      0x0080049e        0x8 time.o
                0x0080049e                flow
 .bss.Filte_CntV
                0x008004a6        0x6 time.o
                0x008004a6                Filte_CntV
 .bss.yu_sum_flow
                0x008004ac        0x2 time.o
                0x008004ac                yu_sum_flow
 .bss.value_flow
                0x008004ae        0x2 time.o
                0x008004ae                value_flow
 .bss.sum_flow  0x008004b0        0x2 time.o
                0x008004b0                sum_flow
 .bss.sum_viuv_time
                0x008004b2        0x2 time.o
                0x008004b2                sum_viuv_time
 .bss.deal_cmd  0x008004b4        0x2 time.o
                0x008004b4                deal_cmd
 .bss.send_flag
                0x008004b6        0x1 time.o
                0x008004b6                send_flag
 .bss.time_zhishui
                0x008004b7        0x2 time.o
                0x008004b7                time_zhishui
 .bss.count_chongxi
                0x008004b9        0x2 time.o
                0x008004b9                count_chongxi
 .bss.flow_ovf_flag
                0x008004bb        0x1 time.o
                0x008004bb                flow_ovf_flag
 .bss.time_1s   0x008004bc        0x2 time.o
                0x008004bc                time_1s
 .bss.time_10ms
                0x008004be        0x1 time.o
                0x008004be                time_10ms
 .bss.GPRS_Receive_Num
                0x008004bf        0x1 usart.o
                0x008004bf                GPRS_Receive_Num
 *(COMMON)
 COMMON         0x008004c0       0x20 lcd.o
                0x008004c0                LCDNUM
 COMMON         0x008004e0      0x13a usart.o
                0x008004e0                rx1count
                0x008004e1                rx1buffer
                0x0080051d                GPRS_Receive
                0x00800581                rx0count
                0x00800582                txtdat0
                0x008005b0                rx0buffer
                0x008005ec                txtdat1
                0x0080061a                PROVIDE (__bss_end, .)
                0x00002ef6                __data_load_start = LOADADDR (.data)
                0x0000327e                __data_load_end = (__data_load_start + SIZEOF (.data))

.noinit         0x0080061a        0x0
                0x0080061a                PROVIDE (__noinit_start, .)
 *(.noinit*)
                0x0080061a                PROVIDE (__noinit_end, .)
                0x0080061a                _end = .
                0x0080061a                PROVIDE (__heap_start, .)

.eeprom         0x00810000        0x0
 *(.eeprom*)
                0x00810000                __eeprom_end = .

.fuse
 *(.fuse)
 *(.lfuse)
 *(.hfuse)
 *(.efuse)

.lock
 *(.lock*)

.signature
 *(.signature*)

.user_signatures
 *(.user_signatures*)

.stab
 *(.stab)

.stabstr
 *(.stabstr)

.stab.excl
 *(.stab.excl)

.stab.exclstr
 *(.stab.exclstr)

.stab.index
 *(.stab.index)

.stab.indexstr
 *(.stab.indexstr)

.comment        0x00000000       0x30
 *(.comment)
 .comment       0x00000000       0x30 adc.o
                                 0x31 (size before relaxing)
 .comment       0x00000000       0x31 beep.o
 .comment       0x00000000       0x31 eeprom.o
 .comment       0x00000000       0x31 gprs.o
 .comment       0x00000000       0x31 init.o
 .comment       0x00000000       0x31 int.o
 .comment       0x00000000       0x31 lcd.o
 .comment       0x00000000       0x31 led.o
 .comment       0x00000000       0x31 prot_init.o
 .comment       0x00000000       0x31 crc.o
 .comment       0x00000000       0x31 send.o
 .comment       0x00000000       0x31 time.o
 .comment       0x00000000       0x31 main.o
 .comment       0x00000000       0x31 usart.o
 .comment       0x00000000       0x31 wdt_use.o
 .comment       0x00000000       0x31 wifi.o

.note.gnu.build-id
 *(.note.gnu.build-id)

.debug
 *(.debug)

.line
 *(.line)

.debug_srcinfo
 *(.debug_srcinfo)

.debug_sfnames
 *(.debug_sfnames)

.debug_aranges  0x00000000      0x790
 *(.debug_aranges)
 .debug_aranges
                0x00000000       0x60 adc.o
 .debug_aranges
                0x00000060       0x30 beep.o
 .debug_aranges
                0x00000090      0x128 eeprom.o
 .debug_aranges
                0x000001b8       0x98 gprs.o
 .debug_aranges
                0x00000250       0x20 init.o
 .debug_aranges
                0x00000270       0x20 int.o
 .debug_aranges
                0x00000290      0x140 lcd.o
 .debug_aranges
                0x000003d0       0x28 led.o
 .debug_aranges
                0x000003f8       0x50 prot_init.o
 .debug_aranges
                0x00000448       0x38 crc.o
 .debug_aranges
                0x00000480       0xb8 send.o
 .debug_aranges
                0x00000538       0xf8 time.o
 .debug_aranges
                0x00000630       0x38 main.o
 .debug_aranges
                0x00000668       0xe8 usart.o
 .debug_aranges
                0x00000750       0x20 wdt_use.o
 .debug_aranges
                0x00000770       0x20 wifi.o

.debug_pubnames
 *(.debug_pubnames)

.debug_info     0x00000000     0xd561
 *(.debug_info .gnu.linkonce.wi.*)
 .debug_info    0x00000000      0x542 adc.o
 .debug_info    0x00000542      0x1bd beep.o
 .debug_info    0x000006ff      0xcb7 eeprom.o
 .debug_info    0x000013b6     0x4d22 gprs.o
 .debug_info    0x000060d8      0x1fc init.o
 .debug_info    0x000062d4      0x211 int.o
 .debug_info    0x000064e5     0x13a3 lcd.o
 .debug_info    0x00007888       0xa7 led.o
 .debug_info    0x0000792f      0x204 prot_init.o
 .debug_info    0x00007b33      0x31c crc.o
 .debug_info    0x00007e4f     0x10a3 send.o
 .debug_info    0x00008ef2      0xa24 time.o
 .debug_info    0x00009916     0x2994 main.o
 .debug_info    0x0000c2aa      0x99b usart.o
 .debug_info    0x0000cc45      0x166 wdt_use.o
 .debug_info    0x0000cdab      0x7b6 wifi.o

.debug_abbrev   0x00000000     0x1fbe
 *(.debug_abbrev)
 .debug_abbrev  0x00000000      0x212 adc.o
 .debug_abbrev  0x00000212      0x16a beep.o
 .debug_abbrev  0x0000037c      0x292 eeprom.o
 .debug_abbrev  0x0000060e      0x40f gprs.o
 .debug_abbrev  0x00000a1d       0x87 init.o
 .debug_abbrev  0x00000aa4       0xdd int.o
 .debug_abbrev  0x00000b81      0x378 lcd.o
 .debug_abbrev  0x00000ef9       0x76 led.o
 .debug_abbrev  0x00000f6f      0x101 prot_init.o
 .debug_abbrev  0x00001070      0x138 crc.o
 .debug_abbrev  0x000011a8      0x2d6 send.o
 .debug_abbrev  0x0000147e      0x2e8 time.o
 .debug_abbrev  0x00001766      0x2ca main.o
 .debug_abbrev  0x00001a30      0x2da usart.o
 .debug_abbrev  0x00001d0a      0x122 wdt_use.o
 .debug_abbrev  0x00001e2c      0x192 wifi.o

.debug_line     0x00000000     0x389d
 *(.debug_line .debug_line.* .debug_line_end)
 .debug_line    0x00000000      0x264 adc.o
 .debug_line    0x00000264      0x16d beep.o
 .debug_line    0x000003d1      0x40c eeprom.o
 .debug_line    0x000007dd      0xef2 gprs.o
 .debug_line    0x000016cf       0xbb init.o
 .debug_line    0x0000178a      0x142 int.o
 .debug_line    0x000018cc      0x60d lcd.o
 .debug_line    0x00001ed9       0xbb led.o
 .debug_line    0x00001f94      0x1c1 prot_init.o
 .debug_line    0x00002155       0xd9 crc.o
 .debug_line    0x0000222e      0x33a send.o
 .debug_line    0x00002568      0x3cc time.o
 .debug_line    0x00002934      0x863 main.o
 .debug_line    0x00003197      0x355 usart.o
 .debug_line    0x000034ec      0x14a wdt_use.o
 .debug_line    0x00003636      0x267 wifi.o

.debug_frame    0x00000000     0x16dc
 *(.debug_frame)
 .debug_frame   0x00000000       0xd0 adc.o
 .debug_frame   0x000000d0       0x44 beep.o
 .debug_frame   0x00000114      0x364 eeprom.o
 .debug_frame   0x00000478      0x324 gprs.o
 .debug_frame   0x0000079c       0x24 init.o
 .debug_frame   0x000007c0       0x84 int.o
 .debug_frame   0x00000844      0x36c lcd.o
 .debug_frame   0x00000bb0       0x34 led.o
 .debug_frame   0x00000be4       0x84 prot_init.o
 .debug_frame   0x00000c68       0x68 crc.o
 .debug_frame   0x00000cd0      0x2ac send.o
 .debug_frame   0x00000f7c      0x344 time.o
 .debug_frame   0x000012c0       0xb4 main.o
 .debug_frame   0x00001374      0x320 usart.o
 .debug_frame   0x00001694       0x24 wdt_use.o
 .debug_frame   0x000016b8       0x24 wifi.o

.debug_str      0x00000000     0x13f8
 *(.debug_str)
 .debug_str     0x00000000      0x23e adc.o
                                0x277 (size before relaxing)
 .debug_str     0x0000023e       0x3b beep.o
                                0x1a0 (size before relaxing)
 .debug_str     0x00000279      0x2f9 eeprom.o
                                0x4a5 (size before relaxing)
 .debug_str     0x00000572      0x266 gprs.o
                                0x435 (size before relaxing)
 .debug_str     0x000007d8       0x5d init.o
                                0x186 (size before relaxing)
 .debug_str     0x00000835       0x9e int.o
                                0x1eb (size before relaxing)
 .debug_str     0x000008d3      0x1f6 lcd.o
                                0x43a (size before relaxing)
 .debug_str     0x00000ac9       0x14 led.o
                                0x13d (size before relaxing)
 .debug_str     0x00000add       0x40 prot_init.o
                                0x1c5 (size before relaxing)
 .debug_str     0x00000b1d       0x74 crc.o
                                0x1d6 (size before relaxing)
 .debug_str     0x00000b91      0x185 send.o
                                0x39b (size before relaxing)
 .debug_str     0x00000d16      0x1fc time.o
                                0x4aa (size before relaxing)
 .debug_str     0x00000f12      0x2fb main.o
                                0x939 (size before relaxing)
 .debug_str     0x0000120d      0x180 usart.o
                                0x3c8 (size before relaxing)
 .debug_str     0x0000138d       0x18 wdt_use.o
                                0x19a (size before relaxing)
 .debug_str     0x000013a5       0x53 wifi.o
                                0x1e5 (size before relaxing)

.debug_loc      0x00000000     0xd071
 *(.debug_loc)
 .debug_loc     0x00000000      0x100 adc.o
 .debug_loc     0x00000100       0x65 beep.o
 .debug_loc     0x00000165      0xb18 eeprom.o
 .debug_loc     0x00000c7d     0x6d1f gprs.o
 .debug_loc     0x0000799c      0x142 int.o
 .debug_loc     0x00007ade      0x9c8 lcd.o
 .debug_loc     0x000084a6      0x4d6 crc.o
 .debug_loc     0x0000897c      0xaa7 send.o
 .debug_loc     0x00009423      0x4e8 time.o
 .debug_loc     0x0000990b     0x22b2 main.o
 .debug_loc     0x0000bbbd      0x9bd usart.o
 .debug_loc     0x0000c57a      0xaf7 wifi.o

.debug_macinfo
 *(.debug_macinfo)

.debug_weaknames
 *(.debug_weaknames)

.debug_funcnames
 *(.debug_funcnames)

.debug_typenames
 *(.debug_typenames)

.debug_varnames
 *(.debug_varnames)

.debug_pubtypes
 *(.debug_pubtypes)

.debug_ranges   0x00000000      0xe00
 *(.debug_ranges)
 .debug_ranges  0x00000000       0x50 adc.o
 .debug_ranges  0x00000050       0x20 beep.o
 .debug_ranges  0x00000070      0x118 eeprom.o
 .debug_ranges  0x00000188      0x6a0 gprs.o
 .debug_ranges  0x00000828       0x10 init.o
 .debug_ranges  0x00000838       0x28 int.o
 .debug_ranges  0x00000860      0x130 lcd.o
 .debug_ranges  0x00000990       0x18 led.o
 .debug_ranges  0x000009a8       0x40 prot_init.o
 .debug_ranges  0x000009e8       0x28 crc.o
 .debug_ranges  0x00000a10       0xa8 send.o
 .debug_ranges  0x00000ab8       0xe8 time.o
 .debug_ranges  0x00000ba0       0xc0 main.o
 .debug_ranges  0x00000c60       0xd8 usart.o
 .debug_ranges  0x00000d38       0x10 wdt_use.o
 .debug_ranges  0x00000d48       0xb8 wifi.o

.debug_macro
 *(.debug_macro)
OUTPUT(main.elf elf32-avr)
LOAD linker stubs
