Archive member included to satisfy reference by file (symbol)

c:/program files (x86)/atmel/studio/7.0/toolchain/avr8/avr8-gnu-toolchain/bin/../lib/gcc/avr/5.4.0/avr5\libgcc.a(_udivmodhi4.o)
                              lcd.o (__udivmodhi4)
c:/program files (x86)/atmel/studio/7.0/toolchain/avr8/avr8-gnu-toolchain/bin/../lib/gcc/avr/5.4.0/avr5\libgcc.a(_exit.o)
                              C:/Program Files (x86)/Atmel/Studio/7.0/Packs/atmel/ATmega_DFP/1.2.150/gcc/dev/atmega64/avr5/crtatmega64.o (exit)
c:/program files (x86)/atmel/studio/7.0/toolchain/avr8/avr8-gnu-toolchain/bin/../lib/gcc/avr/5.4.0/avr5\libgcc.a(_copy_data.o)
                              eeprom.o (__do_copy_data)
c:/program files (x86)/atmel/studio/7.0/toolchain/avr8/avr8-gnu-toolchain/bin/../lib/gcc/avr/5.4.0/avr5\libgcc.a(_clear_bss.o)
                              adc.o (__do_clear_bss)
c:/program files (x86)/atmel/studio/7.0/toolchain/avr8/avr8-gnu-toolchain/bin/../lib/gcc/avr/5.4.0/avr5\libgcc.a(_umulhisi3.o)
                              gprs.o (__umulhisi3)
c:/program files (x86)/atmel/studio/7.0/toolchain/avr8/avr8-gnu-toolchain/bin/../lib/gcc/avr/5.4.0/../../../../avr/lib/avr5\libc.a(atoi.o)
                              eeprom.o (atoi)
c:/program files (x86)/atmel/studio/7.0/toolchain/avr8/avr8-gnu-toolchain/bin/../lib/gcc/avr/5.4.0/../../../../avr/lib/avr5\libc.a(strstr.o)
                              eeprom.o (strstr)
c:/program files (x86)/atmel/studio/7.0/toolchain/avr8/avr8-gnu-toolchain/bin/../lib/gcc/avr/5.4.0/../../../../avr/lib/avr5\libc.a(mul10.o)
                              c:/program files (x86)/atmel/studio/7.0/toolchain/avr8/avr8-gnu-toolchain/bin/../lib/gcc/avr/5.4.0/../../../../avr/lib/avr5\libc.a(atoi.o) (__mulhi_const_10)

Allocating common symbols
Common symbol       size              file

ip                  0x2               wifi.o
T0counter           0x1               int.o
LCDNUM              0x20              lcd.o
GPRS_Receive        0x64              usart.o

Discarded input sections

 .data          0x00000000        0x0 C:/Program Files (x86)/Atmel/Studio/7.0/Packs/atmel/ATmega_DFP/1.2.150/gcc/dev/atmega64/avr5/crtatmega64.o
 .bss           0x00000000        0x0 C:/Program Files (x86)/Atmel/Studio/7.0/Packs/atmel/ATmega_DFP/1.2.150/gcc/dev/atmega64/avr5/crtatmega64.o
 .text          0x00000000        0x0 adc.o
 .data          0x00000000        0x0 adc.o
 .bss           0x00000000        0x0 adc.o
 .text.adc_init
                0x00000000       0x14 adc.o
 .text.ad_getdat
                0x00000000       0x3a adc.o
 .text.ADC_Get_Int
                0x00000000       0x28 adc.o
 .text.adc_main
                0x00000000       0xa2 adc.o
 .bss.adc_flag  0x00000000        0x1 adc.o
 .text          0x00000000        0x0 beep.o
 .data          0x00000000        0x0 beep.o
 .bss           0x00000000        0x0 beep.o
 .text.beepmain
                0x00000000       0x2a beep.o
 .text          0x00000000        0x0 eeprom.o
 .data          0x00000000        0x0 eeprom.o
 .bss           0x00000000        0x0 eeprom.o
 .text.EEPROM_write
                0x00000000       0x10 eeprom.o
 .text.eprom_write
                0x00000000       0x26 eeprom.o
 .text.EEPROM_read
                0x00000000        0xe eeprom.o
 .text.eprom_read
                0x00000000       0x22 eeprom.o
 .text.EEPROM_Write
                0x00000000       0x10 eeprom.o
 .text.EEPROM_Read
                0x00000000        0xe eeprom.o
 .text.Write_COUNT_CHONGXI_EEPROM
                0x00000000       0x32 eeprom.o
 .text.Write_Iint_Filte_CntV_EEPROM
                0x00000000        0xe eeprom.o
 .text.Read_Init_Filte_CntV_EEPROM
                0x00000000       0x1a eeprom.o
 .text.eeprom_main
                0x00000000       0x48 eeprom.o
 .text          0x00000000        0x0 gprs.o
 .data          0x00000000        0x0 gprs.o
 .bss           0x00000000        0x0 gprs.o
 .text.GPRS_Mode_At
                0x00000000       0x38 gprs.o
 .text.GPRS_Send_Cmd
                0x00000000       0xc8 gprs.o
 .text.SHOW_GPRS_Receivce
                0x00000000       0x68 gprs.o
 .text.GPRS_Prot_Init
                0x00000000       0xb2 gprs.o
 .text.GPRS_Config
                0x00000000      0x5de gprs.o
 .text.GPRS_Connect_Tcp
                0x00000000      0x18c gprs.o
 .text.GPRS_Init
                0x00000000      0x690 gprs.o
 .text.GPRS_Send_Data
                0x00000000      0x1c4 gprs.o
 .text.gprs_main
                0x00000000      0x990 gprs.o
 .data.sendreset
                0x00000000        0xb gprs.o
 .data.sendatmode
                0x00000000        0x4 gprs.o
 .data.sendtc   0x00000000        0xe gprs.o
 .data.sendcreg
                0x00000000        0xa gprs.o
 .text          0x00000000        0x0 init.o
 .data          0x00000000        0x0 init.o
 .bss           0x00000000        0x0 init.o
 .text.init_devices
                0x00000000       0x3c init.o
 .debug_info    0x00000000      0x1d0 init.o
 .debug_abbrev  0x00000000       0x88 init.o
 .debug_aranges
                0x00000000       0x20 init.o
 .debug_ranges  0x00000000       0x10 init.o
 .debug_line    0x00000000      0x107 init.o
 .debug_str     0x00000000      0x1b7 init.o
 .comment       0x00000000       0x31 init.o
 .debug_frame   0x00000000       0x24 init.o
 .text          0x00000000        0x0 int.o
 .data          0x00000000        0x0 int.o
 .bss           0x00000000        0x0 int.o
 .text.TIME0_hand
                0x00000000      0x362 int.o
 .bss.flatbit   0x00000000        0x1 int.o
 .bss.wificount
                0x00000000        0x2 int.o
 .bss.flushcont
                0x00000000        0x1 int.o
 .bss.count18s  0x00000000        0x1 int.o
 .bss.time1s    0x00000000        0x1 int.o
 .debug_info    0x00000000      0x20d int.o
 .debug_abbrev  0x00000000       0xde int.o
 .debug_loc     0x00000000      0x10f int.o
 .debug_aranges
                0x00000000       0x20 int.o
 .debug_ranges  0x00000000       0x28 int.o
 .debug_line    0x00000000      0x2e7 int.o
 .debug_str     0x00000000      0x21c int.o
 .comment       0x00000000       0x31 int.o
 .debug_frame   0x00000000       0x74 int.o
 COMMON         0x00000000        0x1 int.o
 .text          0x00000000        0x0 lcd.o
 .data          0x00000000        0x0 lcd.o
 .bss           0x00000000        0x0 lcd.o
 .text.WRITE_DATA_1721
                0x00000000       0x26 lcd.o
 .text.INIT_1721
                0x00000000       0x28 lcd.o
 .text.WRITE_1DATA_1721
                0x00000000       0x3a lcd.o
 .text.WRITE_ALLRAM_1721
                0x00000000       0x48 lcd.o
 .text.REFRESH_ALLRAM_1721
                0x00000000       0x50 lcd.o
 .text.reset_lcd
                0x00000000       0x10 lcd.o
 .text.GET_TIME
                0x00000000       0x10 lcd.o
 .text.lcd_main
                0x00000000       0x56 lcd.o
 .bss.error_ico
                0x00000000        0x1 lcd.o
 .bss.drp_num   0x00000000        0x1 lcd.o
 .text          0x00000000        0x0 led.o
 .data          0x00000000        0x0 led.o
 .bss           0x00000000        0x0 led.o
 .text.led_main
                0x00000000        0xc led.o
 .text          0x00000000        0x0 prot_init.o
 .data          0x00000000        0x0 prot_init.o
 .bss           0x00000000        0x0 prot_init.o
 .text.cao_main
                0x00000000       0x32 prot_init.o
 .text          0x00000000        0x0 crc.o
 .data          0x00000000        0x0 crc.o
 .bss           0x00000000        0x0 crc.o
 .text.CRC16_txt11
                0x00000000       0x46 crc.o
 .text.CRC16_rxt11
                0x00000000       0x50 crc.o
 .text          0x00000000        0x0 send.o
 .data          0x00000000        0x0 send.o
 .bss           0x00000000        0x0 send.o
 .text.make_status
                0x00000000       0x4a send.o
 .text.Send_Status
                0x00000000       0x6a send.o
 .rodata        0x00000000        0xa send.o
 .text.GET_Time
                0x00000000       0x66 send.o
 .text.ERROR_SEND
                0x00000000       0x36 send.o
 .text.REPLY_SEVICE
                0x00000000       0x3c send.o
 .text.send_main
                0x00000000       0x40 send.o
 .text          0x00000000        0x0 time.o
 .data          0x00000000        0x0 time.o
 .bss           0x00000000        0x0 time.o
 .text.Get_time2_Status
                0x00000000        0x6 time.o
 .text.time_main
                0x00000000       0x7a time.o
 .bss.time      0x00000000        0x8 time.o
 .bss.error_flag
                0x00000000        0x1 time.o
 .bss.error_parmeter
                0x00000000        0x3 time.o
 .data.chongxi_flow
                0x00000000        0x1 time.o
 .text          0x00000000        0x0 main.o
 .data          0x00000000        0x0 main.o
 .bss           0x00000000        0x0 main.o
 .text          0x00000000        0x0 usart.o
 .data          0x00000000        0x0 usart.o
 .bss           0x00000000        0x0 usart.o
 .text.USART0_Init
                0x00000000       0x28 usart.o
 .text.USART0_Transmit
                0x00000000        0x8 usart.o
 .text.USART0_Transmit_String
                0x00000000       0x2c usart.o
 .text.USART0_Transmit_nChar
                0x00000000       0x34 usart.o
 .text.USART0_Receive
                0x00000000        0x8 usart.o
 .text.USART0_Receive_string
                0x00000000       0x1a usart.o
 .text.USART0_Receive_nChar
                0x00000000       0x3e usart.o
 .text.USART1_Receive_string
                0x00000000       0x68 usart.o
 .text.USART1_Receive_nChar
                0x00000000       0x3e usart.o
 .text.hfksmain
                0x00000000       0x54 usart.o
 .bss.GPRS_Receive_Type
                0x00000000        0x1 usart.o
 .text          0x00000000        0x0 wdt_use.o
 .data          0x00000000        0x0 wdt_use.o
 .bss           0x00000000        0x0 wdt_use.o
 .text.wdt_main
                0x00000000       0x3e wdt_use.o
 .debug_info    0x00000000      0x18b wdt_use.o
 .debug_abbrev  0x00000000      0x119 wdt_use.o
 .debug_loc     0x00000000       0x5c wdt_use.o
 .debug_aranges
                0x00000000       0x20 wdt_use.o
 .debug_ranges  0x00000000       0x10 wdt_use.o
 .debug_line    0x00000000      0x1ce wdt_use.o
 .debug_str     0x00000000      0x1dc wdt_use.o
 .comment       0x00000000       0x31 wdt_use.o
 .debug_frame   0x00000000       0x24 wdt_use.o
 .text          0x00000000        0x0 wifi.o
 .data          0x00000000        0x0 wifi.o
 .bss           0x00000000        0x0 wifi.o
 .text.wifi_init
                0x00000000      0x40c wifi.o
 .bss.sendclose
                0x00000000        0x1 wifi.o
 .data.sendquit
                0x00000000        0x8 wifi.o
 .data.sendair  0x00000000        0xd wifi.o
 .data.sendser  0x00000000       0x29 wifi.o
 .data.sendsta  0x00000000        0xd wifi.o
 .data.sendeoff
                0x00000000        0x9 wifi.o
 .data.send3add
                0x00000000        0x4 wifi.o
 .debug_info    0x00000000      0x7af wifi.o
 .debug_abbrev  0x00000000      0x171 wifi.o
 .debug_loc     0x00000000      0x97f wifi.o
 .debug_aranges
                0x00000000       0x20 wifi.o
 .debug_ranges  0x00000000       0xb8 wifi.o
 .debug_line    0x00000000      0x3b1 wifi.o
 .debug_str     0x00000000      0x216 wifi.o
 .comment       0x00000000       0x31 wifi.o
 .debug_frame   0x00000000       0x24 wifi.o
 COMMON         0x00000000        0x2 wifi.o
 .text          0x00000000        0x0 c:/program files (x86)/atmel/studio/7.0/toolchain/avr8/avr8-gnu-toolchain/bin/../lib/gcc/avr/5.4.0/avr5\libgcc.a(_udivmodhi4.o)
 .data          0x00000000        0x0 c:/program files (x86)/atmel/studio/7.0/toolchain/avr8/avr8-gnu-toolchain/bin/../lib/gcc/avr/5.4.0/avr5\libgcc.a(_udivmodhi4.o)
 .bss           0x00000000        0x0 c:/program files (x86)/atmel/studio/7.0/toolchain/avr8/avr8-gnu-toolchain/bin/../lib/gcc/avr/5.4.0/avr5\libgcc.a(_udivmodhi4.o)
 .text.libgcc.mul
                0x00000000        0x0 c:/program files (x86)/atmel/studio/7.0/toolchain/avr8/avr8-gnu-toolchain/bin/../lib/gcc/avr/5.4.0/avr5\libgcc.a(_udivmodhi4.o)
 .text.libgcc   0x00000000        0x0 c:/program files (x86)/atmel/studio/7.0/toolchain/avr8/avr8-gnu-toolchain/bin/../lib/gcc/avr/5.4.0/avr5\libgcc.a(_udivmodhi4.o)
 .text.libgcc.prologue
                0x00000000        0x0 c:/program files (x86)/atmel/studio/7.0/toolchain/avr8/avr8-gnu-toolchain/bin/../lib/gcc/avr/5.4.0/avr5\libgcc.a(_udivmodhi4.o)
 .text.libgcc.builtins
                0x00000000        0x0 c:/program files (x86)/atmel/studio/7.0/toolchain/avr8/avr8-gnu-toolchain/bin/../lib/gcc/avr/5.4.0/avr5\libgcc.a(_udivmodhi4.o)
 .text.libgcc.fmul
                0x00000000        0x0 c:/program files (x86)/atmel/studio/7.0/toolchain/avr8/avr8-gnu-toolchain/bin/../lib/gcc/avr/5.4.0/avr5\libgcc.a(_udivmodhi4.o)
 .text.libgcc.fixed
                0x00000000        0x0 c:/program files (x86)/atmel/studio/7.0/toolchain/avr8/avr8-gnu-toolchain/bin/../lib/gcc/avr/5.4.0/avr5\libgcc.a(_udivmodhi4.o)
 .text          0x00000000        0x0 c:/program files (x86)/atmel/studio/7.0/toolchain/avr8/avr8-gnu-toolchain/bin/../lib/gcc/avr/5.4.0/avr5\libgcc.a(_exit.o)
 .data          0x00000000        0x0 c:/program files (x86)/atmel/studio/7.0/toolchain/avr8/avr8-gnu-toolchain/bin/../lib/gcc/avr/5.4.0/avr5\libgcc.a(_exit.o)
 .bss           0x00000000        0x0 c:/program files (x86)/atmel/studio/7.0/toolchain/avr8/avr8-gnu-toolchain/bin/../lib/gcc/avr/5.4.0/avr5\libgcc.a(_exit.o)
 .text.libgcc.mul
                0x00000000        0x0 c:/program files (x86)/atmel/studio/7.0/toolchain/avr8/avr8-gnu-toolchain/bin/../lib/gcc/avr/5.4.0/avr5\libgcc.a(_exit.o)
 .text.libgcc.div
                0x00000000        0x0 c:/program files (x86)/atmel/studio/7.0/toolchain/avr8/avr8-gnu-toolchain/bin/../lib/gcc/avr/5.4.0/avr5\libgcc.a(_exit.o)
 .text.libgcc   0x00000000        0x0 c:/program files (x86)/atmel/studio/7.0/toolchain/avr8/avr8-gnu-toolchain/bin/../lib/gcc/avr/5.4.0/avr5\libgcc.a(_exit.o)
 .text.libgcc.prologue
                0x00000000        0x0 c:/program files (x86)/atmel/studio/7.0/toolchain/avr8/avr8-gnu-toolchain/bin/../lib/gcc/avr/5.4.0/avr5\libgcc.a(_exit.o)
 .text.libgcc.builtins
                0x00000000        0x0 c:/program files (x86)/atmel/studio/7.0/toolchain/avr8/avr8-gnu-toolchain/bin/../lib/gcc/avr/5.4.0/avr5\libgcc.a(_exit.o)
 .text.libgcc.fmul
                0x00000000        0x0 c:/program files (x86)/atmel/studio/7.0/toolchain/avr8/avr8-gnu-toolchain/bin/../lib/gcc/avr/5.4.0/avr5\libgcc.a(_exit.o)
 .text.libgcc.fixed
                0x00000000        0x0 c:/program files (x86)/atmel/studio/7.0/toolchain/avr8/avr8-gnu-toolchain/bin/../lib/gcc/avr/5.4.0/avr5\libgcc.a(_exit.o)
 .text          0x00000000        0x0 c:/program files (x86)/atmel/studio/7.0/toolchain/avr8/avr8-gnu-toolchain/bin/../lib/gcc/avr/5.4.0/avr5\libgcc.a(_copy_data.o)
 .data          0x00000000        0x0 c:/program files (x86)/atmel/studio/7.0/toolchain/avr8/avr8-gnu-toolchain/bin/../lib/gcc/avr/5.4.0/avr5\libgcc.a(_copy_data.o)
 .bss           0x00000000        0x0 c:/program files (x86)/atmel/studio/7.0/toolchain/avr8/avr8-gnu-toolchain/bin/../lib/gcc/avr/5.4.0/avr5\libgcc.a(_copy_data.o)
 .text.libgcc.mul
                0x00000000        0x0 c:/program files (x86)/atmel/studio/7.0/toolchain/avr8/avr8-gnu-toolchain/bin/../lib/gcc/avr/5.4.0/avr5\libgcc.a(_copy_data.o)
 .text.libgcc.div
                0x00000000        0x0 c:/program files (x86)/atmel/studio/7.0/toolchain/avr8/avr8-gnu-toolchain/bin/../lib/gcc/avr/5.4.0/avr5\libgcc.a(_copy_data.o)
 .text.libgcc   0x00000000        0x0 c:/program files (x86)/atmel/studio/7.0/toolchain/avr8/avr8-gnu-toolchain/bin/../lib/gcc/avr/5.4.0/avr5\libgcc.a(_copy_data.o)
 .text.libgcc.prologue
                0x00000000        0x0 c:/program files (x86)/atmel/studio/7.0/toolchain/avr8/avr8-gnu-toolchain/bin/../lib/gcc/avr/5.4.0/avr5\libgcc.a(_copy_data.o)
 .text.libgcc.builtins
                0x00000000        0x0 c:/program files (x86)/atmel/studio/7.0/toolchain/avr8/avr8-gnu-toolchain/bin/../lib/gcc/avr/5.4.0/avr5\libgcc.a(_copy_data.o)
 .text.libgcc.fmul
                0x00000000        0x0 c:/program files (x86)/atmel/studio/7.0/toolchain/avr8/avr8-gnu-toolchain/bin/../lib/gcc/avr/5.4.0/avr5\libgcc.a(_copy_data.o)
 .text.libgcc.fixed
                0x00000000        0x0 c:/program files (x86)/atmel/studio/7.0/toolchain/avr8/avr8-gnu-toolchain/bin/../lib/gcc/avr/5.4.0/avr5\libgcc.a(_copy_data.o)
 .text          0x00000000        0x0 c:/program files (x86)/atmel/studio/7.0/toolchain/avr8/avr8-gnu-toolchain/bin/../lib/gcc/avr/5.4.0/avr5\libgcc.a(_clear_bss.o)
 .data          0x00000000        0x0 c:/program files (x86)/atmel/studio/7.0/toolchain/avr8/avr8-gnu-toolchain/bin/../lib/gcc/avr/5.4.0/avr5\libgcc.a(_clear_bss.o)
 .bss           0x00000000        0x0 c:/program files (x86)/atmel/studio/7.0/toolchain/avr8/avr8-gnu-toolchain/bin/../lib/gcc/avr/5.4.0/avr5\libgcc.a(_clear_bss.o)
 .text.libgcc.mul
                0x00000000        0x0 c:/program files (x86)/atmel/studio/7.0/toolchain/avr8/avr8-gnu-toolchain/bin/../lib/gcc/avr/5.4.0/avr5\libgcc.a(_clear_bss.o)
 .text.libgcc.div
                0x00000000        0x0 c:/program files (x86)/atmel/studio/7.0/toolchain/avr8/avr8-gnu-toolchain/bin/../lib/gcc/avr/5.4.0/avr5\libgcc.a(_clear_bss.o)
 .text.libgcc   0x00000000        0x0 c:/program files (x86)/atmel/studio/7.0/toolchain/avr8/avr8-gnu-toolchain/bin/../lib/gcc/avr/5.4.0/avr5\libgcc.a(_clear_bss.o)
 .text.libgcc.prologue
                0x00000000        0x0 c:/program files (x86)/atmel/studio/7.0/toolchain/avr8/avr8-gnu-toolchain/bin/../lib/gcc/avr/5.4.0/avr5\libgcc.a(_clear_bss.o)
 .text.libgcc.builtins
                0x00000000        0x0 c:/program files (x86)/atmel/studio/7.0/toolchain/avr8/avr8-gnu-toolchain/bin/../lib/gcc/avr/5.4.0/avr5\libgcc.a(_clear_bss.o)
 .text.libgcc.fmul
                0x00000000        0x0 c:/program files (x86)/atmel/studio/7.0/toolchain/avr8/avr8-gnu-toolchain/bin/../lib/gcc/avr/5.4.0/avr5\libgcc.a(_clear_bss.o)
 .text.libgcc.fixed
                0x00000000        0x0 c:/program files (x86)/atmel/studio/7.0/toolchain/avr8/avr8-gnu-toolchain/bin/../lib/gcc/avr/5.4.0/avr5\libgcc.a(_clear_bss.o)
 .text          0x00000000        0x0 c:/program files (x86)/atmel/studio/7.0/toolchain/avr8/avr8-gnu-toolchain/bin/../lib/gcc/avr/5.4.0/avr5\libgcc.a(_umulhisi3.o)
 .data          0x00000000        0x0 c:/program files (x86)/atmel/studio/7.0/toolchain/avr8/avr8-gnu-toolchain/bin/../lib/gcc/avr/5.4.0/avr5\libgcc.a(_umulhisi3.o)
 .bss           0x00000000        0x0 c:/program files (x86)/atmel/studio/7.0/toolchain/avr8/avr8-gnu-toolchain/bin/../lib/gcc/avr/5.4.0/avr5\libgcc.a(_umulhisi3.o)
 .text.libgcc.div
                0x00000000        0x0 c:/program files (x86)/atmel/studio/7.0/toolchain/avr8/avr8-gnu-toolchain/bin/../lib/gcc/avr/5.4.0/avr5\libgcc.a(_umulhisi3.o)
 .text.libgcc   0x00000000        0x0 c:/program files (x86)/atmel/studio/7.0/toolchain/avr8/avr8-gnu-toolchain/bin/../lib/gcc/avr/5.4.0/avr5\libgcc.a(_umulhisi3.o)
 .text.libgcc.prologue
                0x00000000        0x0 c:/program files (x86)/atmel/studio/7.0/toolchain/avr8/avr8-gnu-toolchain/bin/../lib/gcc/avr/5.4.0/avr5\libgcc.a(_umulhisi3.o)
 .text.libgcc.builtins
                0x00000000        0x0 c:/program files (x86)/atmel/studio/7.0/toolchain/avr8/avr8-gnu-toolchain/bin/../lib/gcc/avr/5.4.0/avr5\libgcc.a(_umulhisi3.o)
 .text.libgcc.fmul
                0x00000000        0x0 c:/program files (x86)/atmel/studio/7.0/toolchain/avr8/avr8-gnu-toolchain/bin/../lib/gcc/avr/5.4.0/avr5\libgcc.a(_umulhisi3.o)
 .text.libgcc.fixed
                0x00000000        0x0 c:/program files (x86)/atmel/studio/7.0/toolchain/avr8/avr8-gnu-toolchain/bin/../lib/gcc/avr/5.4.0/avr5\libgcc.a(_umulhisi3.o)
 .text          0x00000000        0x0 c:/program files (x86)/atmel/studio/7.0/toolchain/avr8/avr8-gnu-toolchain/bin/../lib/gcc/avr/5.4.0/../../../../avr/lib/avr5\libc.a(atoi.o)
 .data          0x00000000        0x0 c:/program files (x86)/atmel/studio/7.0/toolchain/avr8/avr8-gnu-toolchain/bin/../lib/gcc/avr/5.4.0/../../../../avr/lib/avr5\libc.a(atoi.o)
 .bss           0x00000000        0x0 c:/program files (x86)/atmel/studio/7.0/toolchain/avr8/avr8-gnu-toolchain/bin/../lib/gcc/avr/5.4.0/../../../../avr/lib/avr5\libc.a(atoi.o)
 .text          0x00000000        0x0 c:/program files (x86)/atmel/studio/7.0/toolchain/avr8/avr8-gnu-toolchain/bin/../lib/gcc/avr/5.4.0/../../../../avr/lib/avr5\libc.a(strstr.o)
 .data          0x00000000        0x0 c:/program files (x86)/atmel/studio/7.0/toolchain/avr8/avr8-gnu-toolchain/bin/../lib/gcc/avr/5.4.0/../../../../avr/lib/avr5\libc.a(strstr.o)
 .bss           0x00000000        0x0 c:/program files (x86)/atmel/studio/7.0/toolchain/avr8/avr8-gnu-toolchain/bin/../lib/gcc/avr/5.4.0/../../../../avr/lib/avr5\libc.a(strstr.o)
 .text          0x00000000        0x0 c:/program files (x86)/atmel/studio/7.0/toolchain/avr8/avr8-gnu-toolchain/bin/../lib/gcc/avr/5.4.0/../../../../avr/lib/avr5\libc.a(mul10.o)
 .data          0x00000000        0x0 c:/program files (x86)/atmel/studio/7.0/toolchain/avr8/avr8-gnu-toolchain/bin/../lib/gcc/avr/5.4.0/../../../../avr/lib/avr5\libc.a(mul10.o)
 .bss           0x00000000        0x0 c:/program files (x86)/atmel/studio/7.0/toolchain/avr8/avr8-gnu-toolchain/bin/../lib/gcc/avr/5.4.0/../../../../avr/lib/avr5\libc.a(mul10.o)

Memory Configuration

Name             Origin             Length             Attributes
text             0x00000000         0x00020000         xr
data             0x00800060         0x0000ffa0         rw !x
eeprom           0x00810000         0x00010000         rw !x
fuse             0x00820000         0x00000003         rw !x
lock             0x00830000         0x00000400         rw !x
signature        0x00840000         0x00000400         rw !x
user_signatures  0x00850000         0x00000400         rw !x
*default*        0x00000000         0xffffffff

Linker script and memory map

Address of section .data set to 0x800100
LOAD C:/Program Files (x86)/Atmel/Studio/7.0/Packs/atmel/ATmega_DFP/1.2.150/gcc/dev/atmega64/avr5/crtatmega64.o
LOAD adc.o
LOAD beep.o
LOAD eeprom.o
LOAD gprs.o
LOAD init.o
LOAD int.o
LOAD lcd.o
LOAD led.o
LOAD prot_init.o
LOAD crc.o
LOAD send.o
LOAD time.o
LOAD main.o
LOAD usart.o
LOAD wdt_use.o
LOAD wifi.o
START GROUP
LOAD c:/program files (x86)/atmel/studio/7.0/toolchain/avr8/avr8-gnu-toolchain/bin/../lib/gcc/avr/5.4.0/../../../../avr/lib/avr5\libm.a
END GROUP
START GROUP
LOAD c:/program files (x86)/atmel/studio/7.0/toolchain/avr8/avr8-gnu-toolchain/bin/../lib/gcc/avr/5.4.0/avr5\libgcc.a
LOAD c:/program files (x86)/atmel/studio/7.0/toolchain/avr8/avr8-gnu-toolchain/bin/../lib/gcc/avr/5.4.0/../../../../avr/lib/avr5\libm.a
LOAD c:/program files (x86)/atmel/studio/7.0/toolchain/avr8/avr8-gnu-toolchain/bin/../lib/gcc/avr/5.4.0/../../../../avr/lib/avr5\libc.a
LOAD C:/Program Files (x86)/Atmel/Studio/7.0/Packs/atmel/ATmega_DFP/1.2.150/gcc/dev/atmega64/avr5\libatmega64.a
END GROUP
                0x00020000                __TEXT_REGION_LENGTH__ = DEFINED (__TEXT_REGION_LENGTH__)?__TEXT_REGION_LENGTH__:0x20000
                0x0000ffa0                __DATA_REGION_LENGTH__ = DEFINED (__DATA_REGION_LENGTH__)?__DATA_REGION_LENGTH__:0xffa0
                0x00010000                __EEPROM_REGION_LENGTH__ = DEFINED (__EEPROM_REGION_LENGTH__)?__EEPROM_REGION_LENGTH__:0x10000
                [0x00000003]                __FUSE_REGION_LENGTH__ = DEFINED (__FUSE_REGION_LENGTH__)?__FUSE_REGION_LENGTH__:0x400
                0x00000400                __LOCK_REGION_LENGTH__ = DEFINED (__LOCK_REGION_LENGTH__)?__LOCK_REGION_LENGTH__:0x400
                0x00000400                __SIGNATURE_REGION_LENGTH__ = DEFINED (__SIGNATURE_REGION_LENGTH__)?__SIGNATURE_REGION_LENGTH__:0x400
                0x00000400                __USER_SIGNATURE_REGION_LENGTH__ = DEFINED (__USER_SIGNATURE_REGION_LENGTH__)?__USER_SIGNATURE_REGION_LENGTH__:0x400

.hash
 *(.hash)

.dynsym
 *(.dynsym)

.dynstr
 *(.dynstr)

.gnu.version
 *(.gnu.version)

.gnu.version_d
 *(.gnu.version_d)

.gnu.version_r
 *(.gnu.version_r)

.rel.init
 *(.rel.init)

.rela.init
 *(.rela.init)

.rel.text
 *(.rel.text)
 *(.rel.text.*)
 *(.rel.gnu.linkonce.t*)

.rela.text
 *(.rela.text)
 *(.rela.text.*)
 *(.rela.gnu.linkonce.t*)

.rel.fini
 *(.rel.fini)

.rela.fini
 *(.rela.fini)

.rel.rodata
 *(.rel.rodata)
 *(.rel.rodata.*)
 *(.rel.gnu.linkonce.r*)

.rela.rodata
 *(.rela.rodata)
 *(.rela.rodata.*)
 *(.rela.gnu.linkonce.r*)

.rel.data
 *(.rel.data)
 *(.rel.data.*)
 *(.rel.gnu.linkonce.d*)

.rela.data
 *(.rela.data)
 *(.rela.data.*)
 *(.rela.gnu.linkonce.d*)

.rel.ctors
 *(.rel.ctors)

.rela.ctors
 *(.rela.ctors)

.rel.dtors
 *(.rel.dtors)

.rela.dtors
 *(.rela.dtors)

.rel.got
 *(.rel.got)

.rela.got
 *(.rela.got)

.rel.bss
 *(.rel.bss)

.rela.bss
 *(.rela.bss)

.rel.plt
 *(.rel.plt)

.rela.plt
 *(.rela.plt)

.text           0x00000000     0x309c
 *(.vectors)
 .vectors       0x00000000       0x8c C:/Program Files (x86)/Atmel/Studio/7.0/Packs/atmel/ATmega_DFP/1.2.150/gcc/dev/atmega64/avr5/crtatmega64.o
                0x00000000                __vector_default
                0x00000000                __vectors
 *(.vectors)
 *(.progmem.gcc*)
                0x0000008c                . = ALIGN (0x2)
                0x0000008c                __trampolines_start = .
 *(.trampolines)
 .trampolines   0x0000008c        0x0 linker stubs
 *(.trampolines*)
                0x0000008c                __trampolines_end = .
 *libprintf_flt.a:*(.progmem.data)
 *libc.a:*(.progmem.data)
 *(.progmem*)
                0x0000008c                . = ALIGN (0x2)
 *(.jumptables)
 *(.jumptables*)
 *(.lowtext)
 *(.lowtext*)
                0x0000008c                __ctors_start = .
 *(.ctors)
                0x0000008c                __ctors_end = .
                0x0000008c                __dtors_start = .
 *(.dtors)
                0x0000008c                __dtors_end = .
 SORT(*)(.ctors)
 SORT(*)(.dtors)
 *(.init0)
 .init0         0x0000008c        0x0 C:/Program Files (x86)/Atmel/Studio/7.0/Packs/atmel/ATmega_DFP/1.2.150/gcc/dev/atmega64/avr5/crtatmega64.o
                0x0000008c                __init
 *(.init0)
 *(.init1)
 *(.init1)
 *(.init2)
 .init2         0x0000008c        0xc C:/Program Files (x86)/Atmel/Studio/7.0/Packs/atmel/ATmega_DFP/1.2.150/gcc/dev/atmega64/avr5/crtatmega64.o
 *(.init2)
 *(.init3)
 *(.init3)
 *(.init4)
 .init4         0x00000098       0x16 c:/program files (x86)/atmel/studio/7.0/toolchain/avr8/avr8-gnu-toolchain/bin/../lib/gcc/avr/5.4.0/avr5\libgcc.a(_copy_data.o)
                0x00000098                __do_copy_data
 .init4         0x000000ae       0x10 c:/program files (x86)/atmel/studio/7.0/toolchain/avr8/avr8-gnu-toolchain/bin/../lib/gcc/avr/5.4.0/avr5\libgcc.a(_clear_bss.o)
                0x000000ae                __do_clear_bss
 *(.init4)
 *(.init5)
 *(.init5)
 *(.init6)
 *(.init6)
 *(.init7)
 *(.init7)
 *(.init8)
 *(.init8)
 *(.init9)
 .init9         0x000000be        0x8 C:/Program Files (x86)/Atmel/Studio/7.0/Packs/atmel/ATmega_DFP/1.2.150/gcc/dev/atmega64/avr5/crtatmega64.o
 *(.init9)
 *(.text)
 .text          0x000000c6        0x4 C:/Program Files (x86)/Atmel/Studio/7.0/Packs/atmel/ATmega_DFP/1.2.150/gcc/dev/atmega64/avr5/crtatmega64.o
                0x000000c6                __vector_22
                0x000000c6                __vector_28
                0x000000c6                __vector_1
                0x000000c6                __vector_34
                0x000000c6                __vector_24
                0x000000c6                __bad_interrupt
                0x000000c6                __vector_6
                0x000000c6                __vector_31
                0x000000c6                __vector_3
                0x000000c6                __vector_23
                0x000000c6                __vector_25
                0x000000c6                __vector_11
                0x000000c6                __vector_13
                0x000000c6                __vector_17
                0x000000c6                __vector_19
                0x000000c6                __vector_7
                0x000000c6                __vector_27
                0x000000c6                __vector_5
                0x000000c6                __vector_33
                0x000000c6                __vector_4
                0x000000c6                __vector_2
                0x000000c6                __vector_8
                0x000000ca                . = ALIGN (0x2)
 *(.text.*)
 .text.ADC_GPIO_Init
                0x000000ca       0x22 adc.o
                0x000000ca                ADC_GPIO_Init
 .text.ADC_Mode_Init
                0x000000ec       0x12 adc.o
                0x000000ec                ADC_Mode_Init
 .text.ADC_Init
                0x000000fe        0xa adc.o
                0x000000fe                ADC_Init
 .text.ADC_Get  0x00000108       0x3a adc.o
                0x00000108                ADC_Get
 .text.__vector_21
                0x00000142       0x58 adc.o
                0x00000142                __vector_21
 .text.BEEP_Init
                0x0000019a        0x6 beep.o
                0x0000019a                BEEP_Init
 .text.BEEP     0x000001a0       0x1e beep.o
                0x000001a0                BEEP
 .text.EEPROM_Write_Buf
                0x000001be       0x26 eeprom.o
                0x000001be                EEPROM_Write_Buf
 .text.EEPROM_Read_Buf
                0x000001e4       0x22 eeprom.o
                0x000001e4                EEPROM_Read_Buf
 .text.Write_Init_EEPROM
                0x00000206       0x10 eeprom.o
                0x00000206                Write_Init_EEPROM
 .text.Read_Init_EEPROM
                0x00000216       0x1a eeprom.o
                0x00000216                Read_Init_EEPROM
 .text.Check_Init
                0x00000230       0x36 eeprom.o
                0x00000230                Check_Init
 .text.Write_STATUS_EEPROM
                0x00000266        0xe eeprom.o
                0x00000266                Write_STATUS_EEPROM
 .text.Read_STATUS_EEPROM
                0x00000274       0x1a eeprom.o
                0x00000274                Read_STATUS_EEPROM
 .text.Write_TIME_EEPROM
                0x0000028e       0x28 eeprom.o
                0x0000028e                Write_TIME_EEPROM
 .text.Read_TIME_EEPROM
                0x000002b6       0x3e eeprom.o
                0x000002b6                Read_TIME_EEPROM
 .text.Write_FLOW_EEPROM
                0x000002f4       0x28 eeprom.o
                0x000002f4                Write_FLOW_EEPROM
 .text.Read_FLOW_EEPROM
                0x0000031c       0x3e eeprom.o
                0x0000031c                Read_FLOW_EEPROM
 .text.Write_RAW_EEPROM
                0x0000035a        0xe eeprom.o
                0x0000035a                Write_RAW_EEPROM
 .text.Read_RAW_EEPROM
                0x00000368       0x1a eeprom.o
                0x00000368                Read_RAW_EEPROM
 .text.Write_PURE_EEPROM
                0x00000382        0xe eeprom.o
                0x00000382                Write_PURE_EEPROM
 .text.Read_PURE_EEPROM
                0x00000390       0x1a eeprom.o
                0x00000390                Read_PURE_EEPROM
 .text.Write_CMD_EEPROM
                0x000003aa       0x48 eeprom.o
                0x000003aa                Write_CMD_EEPROM
 .text.Read_CMD_EEPROM
                0x000003f2       0x3e eeprom.o
                0x000003f2                Read_CMD_EEPROM
 .text.Read_COUNT_CHONGXI_EEPROM
                0x00000430       0x34 eeprom.o
                0x00000430                Read_COUNT_CHONGXI_EEPROM
 .text.Write_YU_SUM_EEPROM
                0x00000464       0x28 eeprom.o
                0x00000464                Write_YU_SUM_EEPROM
 .text.Read_YU_SUM_EEPROM
                0x0000048c       0x34 eeprom.o
                0x0000048c                Read_YU_SUM_EEPROM
 .text.Write_VIUV_TIME_EEPROM
                0x000004c0       0x54 eeprom.o
                0x000004c0                Write_VIUV_TIME_EEPROM
 .text.Read__VIUV_TIME_EEPROM
                0x00000514       0x50 eeprom.o
                0x00000514                Read__VIUV_TIME_EEPROM
 .text.Write_Filte_CntV_EEPROM
                0x00000564        0xe eeprom.o
                0x00000564                Write_Filte_CntV_EEPROM
 .text.Read_Filte_CntV_EEPROM
                0x00000572       0x1a eeprom.o
                0x00000572                Read_Filte_CntV_EEPROM
 .text.GPRS_PROT
                0x0000058c        0xa gprs.o
                0x0000058c                GPRS_PROT
 .text.GET_GPRS_Signal
                0x00000596      0x900 gprs.o
                0x00000596                GET_GPRS_Signal
 .text.swap     0x00000e96       0x1a gprs.o
                0x00000e96                swap
 .text.revstr   0x00000eb0       0x4c gprs.o
                0x00000eb0                revstr
 .text.itoc     0x00000efc       0x74 gprs.o
                0x00000efc                itoc
 .text.itoa     0x00000f70       0x28 gprs.o
                0x00000f70                itoa
 .text.ShortTurl
                0x00000f98      0x54e gprs.o
                0x00000f98                ShortTurl
 .text.TM1726_start
                0x000014e6       0x1c lcd.o
 .text.TM1726_stop
                0x00001502       0x1c lcd.o
 .text.WRITE_DATA_1726
                0x0000151e       0x2c lcd.o
                0x0000151e                WRITE_DATA_1726
 .text.WRITE_ALLRAM_1726
                0x0000154a       0x40 lcd.o
                0x0000154a                WRITE_ALLRAM_1726
 .text.REFRESH_ALLRAM_1726
                0x0000158a       0x42 lcd.o
                0x0000158a                REFRESH_ALLRAM_1726
 .text.INIT_1726
                0x000015cc       0x1a lcd.o
                0x000015cc                INIT_1726
 .text.WRITE_1DATA_1726
                0x000015e6       0x44 lcd.o
                0x000015e6                WRITE_1DATA_1726
 .text.signal_ico
                0x0000162a       0x20 lcd.o
                0x0000162a                signal_ico
 .text.hydropenia_ico
                0x0000164a       0x20 lcd.o
                0x0000164a                hydropenia_ico
 .text.leakage_ico
                0x0000166a       0x20 lcd.o
                0x0000166a                leakage_ico
 .text.pure_water_ico
                0x0000168a       0x20 lcd.o
                0x0000168a                pure_water_ico
 .text.raw_water_ico
                0x000016aa       0x20 lcd.o
                0x000016aa                raw_water_ico
 .text.flow_ico
                0x000016ca       0x20 lcd.o
                0x000016ca                flow_ico
 .text.time_ico
                0x000016ea       0x20 lcd.o
                0x000016ea                time_ico
 .text.null_ico
                0x0000170a       0x20 lcd.o
                0x0000170a                null_ico
 .text.signal   0x0000172a       0x80 lcd.o
                0x0000172a                signal
 .text.ico      0x000017aa       0x22 lcd.o
                0x000017aa                ico
 .text.Write_addr_data
                0x000017cc       0x5e lcd.o
                0x000017cc                Write_addr_data
 .text.drip     0x0000182a       0xf4 lcd.o
                0x0000182a                drip
 .text.time_set
                0x0000191e       0xb2 lcd.o
                0x0000191e                time_set
 .text.flow_set
                0x000019d0       0xc2 lcd.o
                0x000019d0                flow_set
 .text.LCD_Init
                0x00001a92       0x56 lcd.o
                0x00001a92                LCD_Init
 .text.pure_water_set
                0x00001ae8       0xa2 lcd.o
                0x00001ae8                pure_water_set
 .text.raw_water_set
                0x00001b8a       0x8e lcd.o
                0x00001b8a                raw_water_set
 .text.SET_TIME
                0x00001c18       0x52 lcd.o
                0x00001c18                SET_TIME
 .text.SET_FLOW_L
                0x00001c6a       0x52 lcd.o
                0x00001c6a                SET_FLOW_L
 .text.SET_FLOW
                0x00001cbc       0x2e lcd.o
                0x00001cbc                SET_FLOW
 .text.voltage_to_tds
                0x00001cea       0x7a lcd.o
                0x00001cea                voltage_to_tds
 .text.SET_TDS1
                0x00001d64       0x2c lcd.o
                0x00001d64                SET_TDS1
 .text.SET_TDS2
                0x00001d90       0x2c lcd.o
                0x00001d90                SET_TDS2
 .text.LED_Init
                0x00001dbc        0x6 led.o
                0x00001dbc                LED_Init
 .text.Port_Init
                0x00001dc2       0x26 prot_init.o
                0x00001dc2                Port_Init
 .text.zhishui  0x00001de8        0x6 prot_init.o
                0x00001de8                zhishui
 .text.close_zhishui
                0x00001dee        0x6 prot_init.o
                0x00001dee                close_zhishui
 .text.chongxi  0x00001df4        0x8 prot_init.o
                0x00001df4                chongxi
 .text.close_chongxi
                0x00001dfc        0x8 prot_init.o
                0x00001dfc                close_chongxi
 .text.CRC16    0x00001e04       0x38 crc.o
                0x00001e04                CRC16
 .text.Check_CRC16
                0x00001e3c       0x3e crc.o
                0x00001e3c                Check_CRC16
 .text.Str_Add_Str
                0x00001e7a       0x30 send.o
                0x00001e7a                Str_Add_Str
 .text.send_data
                0x00001eaa       0xd6 send.o
 .text.make_parameter
                0x00001f80       0xc6 send.o
                0x00001f80                make_parameter
 .text.Send_Cmd_Parameter
                0x00002046       0x70 send.o
                0x00002046                Send_Cmd_Parameter
 .text.GET_Parameter
                0x000020b6       0x60 send.o
                0x000020b6                GET_Parameter
 .text.GET_CMD  0x00002116       0x56 send.o
                0x00002116                GET_CMD
 .text.ERROR_HYDROPENIA
                0x0000216c       0x4a send.o
                0x0000216c                ERROR_HYDROPENIA
 .text.ERROR_LEAKAGE
                0x000021b6       0x4a send.o
                0x000021b6                ERROR_LEAKAGE
 .text.Time0_Init
                0x00002200       0x18 time.o
                0x00002200                Time0_Init
 .text.Time1_Port
                0x00002218        0x6 time.o
                0x00002218                Time1_Port
 .text.Time1_Config
                0x0000221e       0x24 time.o
                0x0000221e                Time1_Config
 .text.Time1_Init
                0x00002242        0xa time.o
                0x00002242                Time1_Init
 .text.Time1_Start
                0x0000224c        0xa time.o
                0x0000224c                Time1_Start
 .text.Time1_Stop
                0x00002256        0xc time.o
                0x00002256                Time1_Stop
 .text.Time1_Get_TCNT
                0x00002262        0xa time.o
                0x00002262                Time1_Get_TCNT
 .text.Time2_Init
                0x0000226c        0xc time.o
                0x0000226c                Time2_Init
 .text.Time2_Start
                0x00002278        0xe time.o
                0x00002278                Time2_Start
 .text.Time2_Stop
                0x00002286        0xe time.o
                0x00002286                Time2_Stop
 .text.Time3_Init
                0x00002294       0x18 time.o
                0x00002294                Time3_Init
 .text.Time3_Start
                0x000022ac       0x16 time.o
                0x000022ac                Time3_Start
 .text.Time3_Stop
                0x000022c2       0x1a time.o
                0x000022c2                Time3_Stop
 .text.Get_time3_Status
                0x000022dc        0x8 time.o
                0x000022dc                Get_time3_Status
 .text.__vector_16
                0x000022e4       0xf4 time.o
                0x000022e4                __vector_16
 .text.__vector_15
                0x000023d8      0x262 time.o
                0x000023d8                __vector_15
 .text.__vector_14
                0x0000263a       0x22 time.o
                0x0000263a                __vector_14
 .text.__vector_12
                0x0000265c       0x14 time.o
                0x0000265c                __vector_12
 .text.__vector_10
                0x00002670       0x8e time.o
                0x00002670                __vector_10
 .text.__vector_9
                0x000026fe       0x14 time.o
                0x000026fe                __vector_9
 .text.__vector_29
                0x00002712       0xbe time.o
                0x00002712                __vector_29
 .text.__vector_26
                0x000027d0       0x14 time.o
                0x000027d0                __vector_26
 .text.System_Init
                0x000027e4       0x5e main.o
                0x000027e4                System_Init
 .text.Data_Init
                0x00002842      0x15a main.o
                0x00002842                Data_Init
 .text.main     0x0000299c      0x292 main.o
                0x0000299c                main
 .text.__vector_18
                0x00002c2e       0x14 usart.o
                0x00002c2e                __vector_18
 .text.__vector_20
                0x00002c42       0x14 usart.o
                0x00002c42                __vector_20
 .text.USART1_Init
                0x00002c56       0x30 usart.o
                0x00002c56                USART1_Init
 .text.USART1_Transmit
                0x00002c86       0x10 usart.o
                0x00002c86                USART1_Transmit
 .text.USART1_Transmit_String
                0x00002c96       0x2c usart.o
                0x00002c96                USART1_Transmit_String
 .text.USART1_Transmit_nChar
                0x00002cc2       0x34 usart.o
                0x00002cc2                USART1_Transmit_nChar
 .text.USART1_Receive
                0x00002cf6       0x10 usart.o
                0x00002cf6                USART1_Receive
 .text.__vector_30
                0x00002d06      0x2b8 usart.o
                0x00002d06                __vector_30
 .text.__vector_32
                0x00002fbe       0x14 usart.o
                0x00002fbe                __vector_32
 .text.libgcc.div
                0x00002fd2       0x28 c:/program files (x86)/atmel/studio/7.0/toolchain/avr8/avr8-gnu-toolchain/bin/../lib/gcc/avr/5.4.0/avr5\libgcc.a(_udivmodhi4.o)
                0x00002fd2                __udivmodhi4
 .text.libgcc.mul
                0x00002ffa       0x1e c:/program files (x86)/atmel/studio/7.0/toolchain/avr8/avr8-gnu-toolchain/bin/../lib/gcc/avr/5.4.0/avr5\libgcc.a(_umulhisi3.o)
                0x00002ffa                __umulhisi3
 .text.avr-libc
                0x00003018       0x3c c:/program files (x86)/atmel/studio/7.0/toolchain/avr8/avr8-gnu-toolchain/bin/../lib/gcc/avr/5.4.0/../../../../avr/lib/avr5\libc.a(atoi.o)
                0x00003018                atoi
 .text.avr-libc
                0x00003054       0x34 c:/program files (x86)/atmel/studio/7.0/toolchain/avr8/avr8-gnu-toolchain/bin/../lib/gcc/avr/5.4.0/../../../../avr/lib/avr5\libc.a(strstr.o)
                0x00003054                strstr
 .text.avr-libc
                0x00003088       0x10 c:/program files (x86)/atmel/studio/7.0/toolchain/avr8/avr8-gnu-toolchain/bin/../lib/gcc/avr/5.4.0/../../../../avr/lib/avr5\libc.a(mul10.o)
                0x00003088                __mulhi_const_10
                0x00003098                . = ALIGN (0x2)
 *(.fini9)
 .fini9         0x00003098        0x0 c:/program files (x86)/atmel/studio/7.0/toolchain/avr8/avr8-gnu-toolchain/bin/../lib/gcc/avr/5.4.0/avr5\libgcc.a(_exit.o)
                0x00003098                _exit
                0x00003098                exit
 *(.fini9)
 *(.fini8)
 *(.fini8)
 *(.fini7)
 *(.fini7)
 *(.fini6)
 *(.fini6)
 *(.fini5)
 *(.fini5)
 *(.fini4)
 *(.fini4)
 *(.fini3)
 *(.fini3)
 *(.fini2)
 *(.fini2)
 *(.fini1)
 *(.fini1)
 *(.fini0)
 .fini0         0x00003098        0x4 c:/program files (x86)/atmel/studio/7.0/toolchain/avr8/avr8-gnu-toolchain/bin/../lib/gcc/avr/5.4.0/avr5\libgcc.a(_exit.o)
 *(.fini0)
                0x0000309c                _etext = .

.data           0x00800100      0x39e load address 0x0000309c
                0x00800100                PROVIDE (__data_start, .)
 *(.data)
 *(.data*)
 .data.sendtcpclose
                0x00800100        0xe gprs.o
                0x00800100                sendtcpclose
 .data.sendnet  0x0080010e       0x25 gprs.o
                0x0080010e                sendnet
 .data.sendjh   0x00800133        0xf gprs.o
                0x00800133                sendjh
 .data.sendpdp  0x00800142       0x18 gprs.o
                0x00800142                sendpdp
 .data.sendfu   0x0080015a        0xd gprs.o
                0x0080015a                sendfu
 .data.sendcsq  0x00800167        0x9 gprs.o
                0x00800167                sendcsq
 .data.sendsim  0x00800170        0xa gprs.o
                0x00800170                sendsim
 .data.sendhx   0x0080017a        0x7 gprs.o
                0x0080017a                sendhx
 .data.sendat   0x00800181        0x5 gprs.o
                0x00800181                sendat
 .data.SMGL     0x00800186        0xa lcd.o
                0x00800186                SMGL
 .data.SMG      0x00800190        0xa lcd.o
                0x00800190                SMG
 .data.Iint_Filte_CntV
                0x0080019a        0x6 time.o
                0x0080019a                Iint_Filte_CntV
 .data.time_chongxi
                0x008001a0        0x1 time.o
                0x008001a0                time_chongxi
 .data.T_chongxi
                0x008001a1        0x2 time.o
                0x008001a1                T_chongxi
 .data.send_time
                0x008001a3        0x2 time.o
                0x008001a3                send_time
 .data.T_time_L
                0x008001a5        0x2 time.o
                0x008001a5                T_time_L
 .data.T_flow_L
                0x008001a7        0x2 time.o
                0x008001a7                T_flow_L
 .data.gprs_flag
                0x008001a9        0x1 usart.o
                0x008001a9                gprs_flag
 .data.GPRS_Receive_Flag
                0x008001aa        0x2 usart.o
                0x008001aa                GPRS_Receive_Flag
 *(.gnu.linkonce.d*)
 *(.rodata)
 .rodata        0x008001ac       0x19 gprs.o
 *(.rodata*)
 .rodata.str1.1
                0x008001c5        0x3 eeprom.o
 .rodata.str1.1
                0x008001c8        0xf gprs.o
                                 0x12 (size before relaxing)
 .rodata.str1.1
                0x008001d7        0xb lcd.o
                                  0xd (size before relaxing)
 .rodata.TABLE1021
                0x008001e2      0x200 crc.o
                0x008001e2                TABLE1021
 .rodata.Device
                0x008003e2        0x9 send.o
                0x008003e2                Device
 .rodata.Tail   0x008003eb        0x2 send.o
                0x008003eb                Tail
 .rodata.Heart  0x008003ed        0x4 send.o
                0x008003ed                Heart
 .rodata.str1.1
                0x008003f1        0x9 main.o
                                  0xb (size before relaxing)
 .rodata.str1.1
                0x008003fa       0xa3 usart.o
                                 0xa6 (size before relaxing)
 *(.gnu.linkonce.r*)
                0x0080049e                . = ALIGN (0x2)
 *fill*         0x0080049d        0x1 
                0x0080049e                _edata = .
                0x0080049e                PROVIDE (__data_end, .)

.bss            0x0080049e       0xca
                0x0080049e                PROVIDE (__bss_start, .)
 *(.bss)
 *(.bss*)
 .bss.adc_val   0x0080049e        0x2 adc.o
                0x0080049e                adc_val
 .bss.loop.2447
                0x008004a0        0x1 lcd.o
 .bss.LCD_Ico   0x008004a1        0x1 lcd.o
                0x008004a1                LCD_Ico
 .bss.SCQ       0x008004a2        0x1 lcd.o
                0x008004a2                SCQ
 .bss.t_100ms.2507
                0x008004a3        0x1 time.o
 .bss.time_20ms.2495
                0x008004a4        0x2 time.o
 .bss.refresh_time.2460
                0x008004a6        0x1 time.o
 .bss.zhishui_finish_flag
                0x008004a7        0x1 time.o
                0x008004a7                zhishui_finish_flag
 .bss.status    0x008004a8        0x4 time.o
                0x008004a8                status
 .bss.tds2      0x008004ac        0x4 time.o
                0x008004ac                tds2
 .bss.tds1      0x008004b0        0x4 time.o
                0x008004b0                tds1
 .bss.flow      0x008004b4        0x8 time.o
                0x008004b4                flow
 .bss.Filte_CntV
                0x008004bc        0x6 time.o
                0x008004bc                Filte_CntV
 .bss.yu_sum_time
                0x008004c2        0x2 time.o
                0x008004c2                yu_sum_time
 .bss.value_time
                0x008004c4        0x2 time.o
                0x008004c4                value_time
 .bss.sum_time  0x008004c6        0x2 time.o
                0x008004c6                sum_time
 .bss.yu_sum_flow
                0x008004c8        0x2 time.o
                0x008004c8                yu_sum_flow
 .bss.value_flow
                0x008004ca        0x2 time.o
                0x008004ca                value_flow
 .bss.sum_flow  0x008004cc        0x2 time.o
                0x008004cc                sum_flow
 .bss.sum_viuv_flow
                0x008004ce        0x2 time.o
                0x008004ce                sum_viuv_flow
 .bss.sum_viuv_time
                0x008004d0        0x2 time.o
                0x008004d0                sum_viuv_time
 .bss.flow_y    0x008004d2        0x2 time.o
                0x008004d2                flow_y
 .bss.flow_l    0x008004d4        0x2 time.o
                0x008004d4                flow_l
 .bss.deal_cmd  0x008004d6        0x2 time.o
                0x008004d6                deal_cmd
 .bss.send_flag
                0x008004d8        0x1 time.o
                0x008004d8                send_flag
 .bss.flow_zhishui
                0x008004d9        0x2 time.o
                0x008004d9                flow_zhishui
 .bss.time_zhishui
                0x008004db        0x2 time.o
                0x008004db                time_zhishui
 .bss.count_chongxi
                0x008004dd        0x2 time.o
                0x008004dd                count_chongxi
 .bss.flow_ovf_flag
                0x008004df        0x1 time.o
                0x008004df                flow_ovf_flag
 .bss.time_1s   0x008004e0        0x2 time.o
                0x008004e0                time_1s
 .bss.time_10ms
                0x008004e2        0x1 time.o
                0x008004e2                time_10ms
 .bss.GPRS_Receive_Num
                0x008004e3        0x1 usart.o
                0x008004e3                GPRS_Receive_Num
 *(COMMON)
 COMMON         0x008004e4       0x20 lcd.o
                0x008004e4                LCDNUM
 COMMON         0x00800504       0x64 usart.o
                0x00800504                GPRS_Receive
                0x00800568                PROVIDE (__bss_end, .)
                0x0000309c                __data_load_start = LOADADDR (.data)
                0x0000343a                __data_load_end = (__data_load_start + SIZEOF (.data))

.noinit         0x00800568        0x0
                [!provide]                PROVIDE (__noinit_start, .)
 *(.noinit*)
                [!provide]                PROVIDE (__noinit_end, .)
                0x00800568                _end = .
                [!provide]                PROVIDE (__heap_start, .)

.eeprom         0x00810000        0x0
 *(.eeprom*)
                0x00810000                __eeprom_end = .

.fuse
 *(.fuse)
 *(.lfuse)
 *(.hfuse)
 *(.efuse)

.lock
 *(.lock*)

.signature
 *(.signature*)

.user_signatures
 *(.user_signatures*)

.stab
 *(.stab)

.stabstr
 *(.stabstr)

.stab.excl
 *(.stab.excl)

.stab.exclstr
 *(.stab.exclstr)

.stab.index
 *(.stab.index)

.stab.indexstr
 *(.stab.indexstr)

.comment        0x00000000       0x30
 *(.comment)
 .comment       0x00000000       0x30 adc.o
                                 0x31 (size before relaxing)
 .comment       0x00000030       0x31 beep.o
 .comment       0x00000030       0x31 eeprom.o
 .comment       0x00000030       0x31 gprs.o
 .comment       0x00000030       0x31 lcd.o
 .comment       0x00000030       0x31 led.o
 .comment       0x00000030       0x31 prot_init.o
 .comment       0x00000030       0x31 crc.o
 .comment       0x00000030       0x31 send.o
 .comment       0x00000030       0x31 time.o
 .comment       0x00000030       0x31 main.o
 .comment       0x00000030       0x31 usart.o

.note.gnu.avr.deviceinfo
                0x00000000       0x3c
 .note.gnu.avr.deviceinfo
                0x00000000       0x3c C:/Program Files (x86)/Atmel/Studio/7.0/Packs/atmel/ATmega_DFP/1.2.150/gcc/dev/atmega64/avr5/crtatmega64.o

.note.gnu.build-id
 *(.note.gnu.build-id)

.debug
 *(.debug)

.line
 *(.line)

.debug_srcinfo
 *(.debug_srcinfo)

.debug_sfnames
 *(.debug_sfnames)

.debug_aranges  0x00000000      0x680
 *(.debug_aranges)
 .debug_aranges
                0x00000000       0x60 adc.o
 .debug_aranges
                0x00000060       0x30 beep.o
 .debug_aranges
                0x00000090      0x128 eeprom.o
 .debug_aranges
                0x000001b8       0x98 gprs.o
 .debug_aranges
                0x00000250      0x148 lcd.o
 .debug_aranges
                0x00000398       0x28 led.o
 .debug_aranges
                0x000003c0       0x48 prot_init.o
 .debug_aranges
                0x00000408       0x38 crc.o
 .debug_aranges
                0x00000440       0x88 send.o
 .debug_aranges
                0x000004c8       0xd8 time.o
 .debug_aranges
                0x000005a0       0x30 main.o
 .debug_aranges
                0x000005d0       0xb0 usart.o

.debug_pubnames
 *(.debug_pubnames)

.debug_info     0x00000000     0xa5bc
 *(.debug_info .gnu.linkonce.wi.*)
 .debug_info    0x00000000      0x780 C:/Program Files (x86)/Atmel/Studio/7.0/Packs/atmel/ATmega_DFP/1.2.150/gcc/dev/atmega64/avr5/crtatmega64.o
 .debug_info    0x00000780      0x524 adc.o
 .debug_info    0x00000ca4      0x1c1 beep.o
 .debug_info    0x00000e65      0xc92 eeprom.o
 .debug_info    0x00001af7     0x4819 gprs.o
 .debug_info    0x00006310     0x144c lcd.o
 .debug_info    0x0000775c       0xa8 led.o
 .debug_info    0x00007804      0x1ed prot_init.o
 .debug_info    0x000079f1      0x323 crc.o
 .debug_info    0x00007d14      0xc49 send.o
 .debug_info    0x0000895d      0xa32 time.o
 .debug_info    0x0000938f      0xa80 main.o
 .debug_info    0x00009e0f      0x7ad usart.o

.debug_abbrev   0x00000000     0x1fa9
 *(.debug_abbrev)
 .debug_abbrev  0x00000000      0x718 C:/Program Files (x86)/Atmel/Studio/7.0/Packs/atmel/ATmega_DFP/1.2.150/gcc/dev/atmega64/avr5/crtatmega64.o
 .debug_abbrev  0x00000718      0x1ea adc.o
 .debug_abbrev  0x00000902      0x16e beep.o
 .debug_abbrev  0x00000a70      0x26b eeprom.o
 .debug_abbrev  0x00000cdb      0x439 gprs.o
 .debug_abbrev  0x00001114      0x372 lcd.o
 .debug_abbrev  0x00001486       0x79 led.o
 .debug_abbrev  0x000014ff      0x116 prot_init.o
 .debug_abbrev  0x00001615      0x138 crc.o
 .debug_abbrev  0x0000174d      0x1b9 send.o
 .debug_abbrev  0x00001906      0x295 time.o
 .debug_abbrev  0x00001b9b      0x203 main.o
 .debug_abbrev  0x00001d9e      0x20b usart.o

.debug_line     0x00000000     0x5058
 *(.debug_line .debug_line.* .debug_line_end)
 .debug_line    0x00000000      0x169 C:/Program Files (x86)/Atmel/Studio/7.0/Packs/atmel/ATmega_DFP/1.2.150/gcc/dev/atmega64/avr5/crtatmega64.o
 .debug_line    0x00000169      0x373 adc.o
 .debug_line    0x000004dc      0x18d beep.o
 .debug_line    0x00000669      0x6a2 eeprom.o
 .debug_line    0x00000d0b     0x1ec9 gprs.o
 .debug_line    0x00002bd4      0xc80 lcd.o
 .debug_line    0x00003854       0xce led.o
 .debug_line    0x00003922      0x1ed prot_init.o
 .debug_line    0x00003b0f      0x15c crc.o
 .debug_line    0x00003c6b      0x32f send.o
 .debug_line    0x00003f9a      0x6e8 time.o
 .debug_line    0x00004682      0x4ba main.o
 .debug_line    0x00004b3c      0x51c usart.o

.debug_frame    0x00000000     0x13e8
 *(.debug_frame)
 .debug_frame   0x00000000       0xd0 adc.o
 .debug_frame   0x000000d0       0x44 beep.o
 .debug_frame   0x00000114      0x364 eeprom.o
 .debug_frame   0x00000478      0x2ac gprs.o
 .debug_frame   0x00000724      0x348 lcd.o
 .debug_frame   0x00000a6c       0x34 led.o
 .debug_frame   0x00000aa0       0x74 prot_init.o
 .debug_frame   0x00000b14       0x68 crc.o
 .debug_frame   0x00000b7c      0x268 send.o
 .debug_frame   0x00000de4      0x2f8 time.o
 .debug_frame   0x000010dc       0x94 main.o
 .debug_frame   0x00001170      0x278 usart.o

.debug_str      0x00000000     0x1285
 *(.debug_str)
 .debug_str     0x00000000      0x27e C:/Program Files (x86)/Atmel/Studio/7.0/Packs/atmel/ATmega_DFP/1.2.150/gcc/dev/atmega64/avr5/crtatmega64.o
 .debug_str     0x0000027e      0x26f adc.o
                                0x2a8 (size before relaxing)
 .debug_str     0x000004ed       0x1d beep.o
                                0x1d1 (size before relaxing)
 .debug_str     0x0000050a      0x2ef eeprom.o
                                0x4cc (size before relaxing)
 .debug_str     0x000007f9      0x25e gprs.o
                                0x458 (size before relaxing)
 .debug_str     0x00000a57      0x21c lcd.o
                                0x480 (size before relaxing)
 .debug_str     0x00000c73       0x14 led.o
                                0x16e (size before relaxing)
 .debug_str     0x00000c87       0x40 prot_init.o
                                0x1ec (size before relaxing)
 .debug_str     0x00000cc7       0x90 crc.o
                                0x207 (size before relaxing)
 .debug_str     0x00000d57      0x127 send.o
                                0x30b (size before relaxing)
 .debug_str     0x00000e7e      0x258 time.o
                                0x516 (size before relaxing)
 .debug_str     0x000010d6       0x63 main.o
                                0x58c (size before relaxing)
 .debug_str     0x00001139      0x14c usart.o
                                0x36c (size before relaxing)

.debug_loc      0x00000000     0xa460
 *(.debug_loc)
 .debug_loc     0x00000000      0x2a1 adc.o
 .debug_loc     0x000002a1       0x65 beep.o
 .debug_loc     0x00000306      0xb2d eeprom.o
 .debug_loc     0x00000e33     0x6236 gprs.o
 .debug_loc     0x00007069     0x11f2 lcd.o
 .debug_loc     0x0000825b       0x48 prot_init.o
 .debug_loc     0x000082a3      0x502 crc.o
 .debug_loc     0x000087a5      0xba3 send.o
 .debug_loc     0x00009348      0x4f1 time.o
 .debug_loc     0x00009839      0x445 main.o
 .debug_loc     0x00009c7e      0x7e2 usart.o

.debug_macinfo
 *(.debug_macinfo)

.debug_weaknames
 *(.debug_weaknames)

.debug_funcnames
 *(.debug_funcnames)

.debug_typenames
 *(.debug_typenames)

.debug_varnames
 *(.debug_varnames)

.debug_pubtypes
 *(.debug_pubtypes)

.debug_ranges   0x00000000      0xaf8
 *(.debug_ranges)
 .debug_ranges  0x00000000       0x50 adc.o
 .debug_ranges  0x00000050       0x20 beep.o
 .debug_ranges  0x00000070      0x118 eeprom.o
 .debug_ranges  0x00000188      0x5a8 gprs.o
 .debug_ranges  0x00000730      0x138 lcd.o
 .debug_ranges  0x00000868       0x18 led.o
 .debug_ranges  0x00000880       0x38 prot_init.o
 .debug_ranges  0x000008b8       0x28 crc.o
 .debug_ranges  0x000008e0       0x78 send.o
 .debug_ranges  0x00000958       0xc8 time.o
 .debug_ranges  0x00000a20       0x38 main.o
 .debug_ranges  0x00000a58       0xa0 usart.o

.debug_macro
 *(.debug_macro)
OUTPUT(main.elf elf32-avr)
LOAD linker stubs
