Archive member included to satisfy reference by file (symbol)

c:/program files (x86)/atmel/studio/7.0/toolchain/avr8/avr8-gnu-toolchain/bin/../lib/gcc/avr/5.4.0/avr5\libgcc.a(_udivmodsi4.o)
                              lcd/lcd.o (__udivmodsi4)
c:/program files (x86)/atmel/studio/7.0/toolchain/avr8/avr8-gnu-toolchain/bin/../lib/gcc/avr/5.4.0/avr5\libgcc.a(_exit.o)
                              C:/Program Files (x86)/Atmel/Studio/7.0/Packs/atmel/ATmega_DFP/1.2.150/gcc/dev/atmega64a/avr5/crtatmega64a.o (exit)
c:/program files (x86)/atmel/studio/7.0/toolchain/avr8/avr8-gnu-toolchain/bin/../lib/gcc/avr/5.4.0/avr5\libgcc.a(_copy_data.o)
                              bc95/bc95.o (__do_copy_data)
c:/program files (x86)/atmel/studio/7.0/toolchain/avr8/avr8-gnu-toolchain/bin/../lib/gcc/avr/5.4.0/avr5\libgcc.a(_clear_bss.o)
                              adc/adc.o (__do_clear_bss)
c:/program files (x86)/atmel/studio/7.0/toolchain/avr8/avr8-gnu-toolchain/bin/../lib/gcc/avr/5.4.0/avr5\libgcc.a(_umulhisi3.o)
                              lcd/lcd.o (__umulhisi3)
c:/program files (x86)/atmel/studio/7.0/toolchain/avr8/avr8-gnu-toolchain/bin/../lib/gcc/avr/5.4.0/../../../../avr/lib/avr5\libc.a(strcat.o)
                              bc95/bc95.o (strcat)
c:/program files (x86)/atmel/studio/7.0/toolchain/avr8/avr8-gnu-toolchain/bin/../lib/gcc/avr/5.4.0/../../../../avr/lib/avr5\libc.a(strchr.o)
                              bc95/bc95.o (strchr)
c:/program files (x86)/atmel/studio/7.0/toolchain/avr8/avr8-gnu-toolchain/bin/../lib/gcc/avr/5.4.0/../../../../avr/lib/avr5\libc.a(strcpy.o)
                              bc95/bc95.o (strcpy)
c:/program files (x86)/atmel/studio/7.0/toolchain/avr8/avr8-gnu-toolchain/bin/../lib/gcc/avr/5.4.0/../../../../avr/lib/avr5\libc.a(strstr.o)
                              bc95/bc95.o (strstr)

Allocating common symbols
Common symbol       size              file

query_data          0x18              app.o
query_data_flag     0x10f             app.o
LCDNUM              0x20              lcd/lcd.o
bc95_send_socket_data
                    0x100             app.o
bc95_receive_socket_data
                    0x103             app.o
device_status_lcd   0x3               app.o
uart1_rx_data       0xc9              app.o
device_status_bc95  0x34              app.o

Discarded input sections

 .data          0x00000000        0x0 C:/Program Files (x86)/Atmel/Studio/7.0/Packs/atmel/ATmega_DFP/1.2.150/gcc/dev/atmega64a/avr5/crtatmega64a.o
 .bss           0x00000000        0x0 C:/Program Files (x86)/Atmel/Studio/7.0/Packs/atmel/ATmega_DFP/1.2.150/gcc/dev/atmega64a/avr5/crtatmega64a.o
 .text          0x00000000        0x0 adc/adc.o
 .data          0x00000000        0x0 adc/adc.o
 .bss           0x00000000        0x0 adc/adc.o
 .text.init_adc
                0x00000000       0x14 adc/adc.o
 .text.adc_start_return
                0x00000000       0x2a adc/adc.o
 .text.adc_start_interrupt
                0x00000000       0x12 adc/adc.o
 .text          0x00000000        0x0 app.o
 .data          0x00000000        0x0 app.o
 .bss           0x00000000        0x0 app.o
 .text          0x00000000        0x0 bc95/bc95.o
 .data          0x00000000        0x0 bc95/bc95.o
 .bss           0x00000000        0x0 bc95/bc95.o
 .text.callback_create_socket
                0x00000000        0x4 bc95/bc95.o
 .text.query_process
                0x00000000       0xc0 bc95/bc95.o
 .text.bc95_reboot
                0x00000000        0xa bc95/bc95.o
 .text.bc95_create_socket
                0x00000000       0xde bc95/bc95.o
 .text.bc95_send_socket
                0x00000000       0xf4 bc95/bc95.o
 .text.set_bc95_query_data_flag_empty
                0x00000000       0x16 bc95/bc95.o
 .data.socket_config
                0x00000000        0x8 bc95/bc95.o
 .data.local_port
                0x00000000        0x5 bc95/bc95.o
 .data.server_port
                0x00000000        0x5 bc95/bc95.o
 .data.ip       0x00000000        0xe bc95/bc95.o
 .data.bc95_reboot_command
                0x00000000        0x9 bc95/bc95.o
 .text          0x00000000        0x0 device/device.o
 .data          0x00000000        0x0 device/device.o
 .bss           0x00000000        0x0 device/device.o
 .text.beep     0x00000000       0x1e device/device.o
 .text.get_Low_switch
                0x00000000        0xc device/device.o
 .text.get_hight_switch
                0x00000000       0x14 device/device.o
 .debug_info    0x00000000      0x154 device/device.o
 .debug_abbrev  0x00000000       0xef device/device.o
 .debug_loc     0x00000000       0x65 device/device.o
 .debug_aranges
                0x00000000       0x30 device/device.o
 .debug_ranges  0x00000000       0x20 device/device.o
 .debug_line    0x00000000      0x164 device/device.o
 .debug_str     0x00000000      0x1d4 device/device.o
 .comment       0x00000000       0x31 device/device.o
 .debug_frame   0x00000000       0x44 device/device.o
 .text          0x00000000        0x0 EEPROM/eeprom.o
 .data          0x00000000        0x0 EEPROM/eeprom.o
 .bss           0x00000000        0x0 EEPROM/eeprom.o
 .text.eeprom_write_byte
                0x00000000       0x10 EEPROM/eeprom.o
 .text.eeprom_write_string
                0x00000000       0x48 EEPROM/eeprom.o
 .text.eeprom_read_byte
                0x00000000        0xe EEPROM/eeprom.o
 .text.eeprom_read_string
                0x00000000       0x4c EEPROM/eeprom.o
 .debug_info    0x00000000      0x19c EEPROM/eeprom.o
 .debug_abbrev  0x00000000       0xee EEPROM/eeprom.o
 .debug_loc     0x00000000      0x22e EEPROM/eeprom.o
 .debug_aranges
                0x00000000       0x38 EEPROM/eeprom.o
 .debug_ranges  0x00000000       0x28 EEPROM/eeprom.o
 .debug_line    0x00000000      0x15d EEPROM/eeprom.o
 .debug_str     0x00000000      0x1c7 EEPROM/eeprom.o
 .comment       0x00000000       0x31 EEPROM/eeprom.o
 .debug_frame   0x00000000       0x94 EEPROM/eeprom.o
 .text          0x00000000        0x0 init/init.o
 .data          0x00000000        0x0 init/init.o
 .bss           0x00000000        0x0 init/init.o
 .debug_line    0x00000000        0x0 init/init.o
 .debug_str     0x00000000       0xea init/init.o
 .comment       0x00000000       0x31 init/init.o
 .text          0x00000000        0x0 lcd/lcd.o
 .data          0x00000000        0x0 lcd/lcd.o
 .bss           0x00000000        0x0 lcd/lcd.o
 .text.update_all_ram_tm1726
                0x00000000       0x42 lcd/lcd.o
 .text.make_time_number
                0x00000000      0x2a4 lcd/lcd.o
 .text.lcd_update_time_display
                0x00000000       0x46 lcd/lcd.o
 .text.make_flow_number
                0x00000000      0x288 lcd/lcd.o
 .text.lcd_update_flow_display
                0x00000000       0x46 lcd/lcd.o
 .text.make_raw_ppm_number
                0x00000000      0x152 lcd/lcd.o
 .text.lcd_update_raw_ppm_display
                0x00000000       0x3a lcd/lcd.o
 .rodata.Device
                0x00000000        0x9 lcd/lcd.o
 .data.SMGL     0x00000000        0xa lcd/lcd.o
 COMMON         0x00000000       0x20 lcd/lcd.o
 .text          0x00000000        0x0 port/port.o
 .data          0x00000000        0x0 port/port.o
 .bss           0x00000000        0x0 port/port.o
 .text          0x00000000        0x0 tools/tools.o
 .data          0x00000000        0x0 tools/tools.o
 .bss           0x00000000        0x0 tools/tools.o
 .debug_info    0x00000000       0x9f tools/tools.o
 .debug_abbrev  0x00000000       0x55 tools/tools.o
 .debug_aranges
                0x00000000       0x18 tools/tools.o
 .debug_line    0x00000000       0x33 tools/tools.o
 .debug_str     0x00000000      0x190 tools/tools.o
 .comment       0x00000000       0x31 tools/tools.o
 .text          0x00000000        0x0 uart/uart.o
 .data          0x00000000        0x0 uart/uart.o
 .bss           0x00000000        0x0 uart/uart.o
 .text.uart0_rx_array_set_empty
                0x00000000       0x10 uart/uart.o
 .bss.uart1_tx_array
                0x00000000       0xc8 uart/uart.o
 .bss.uart0_tx_array
                0x00000000       0xc8 uart/uart.o
 .text          0x00000000        0x0 c:/program files (x86)/atmel/studio/7.0/toolchain/avr8/avr8-gnu-toolchain/bin/../lib/gcc/avr/5.4.0/avr5\libgcc.a(_udivmodsi4.o)
 .data          0x00000000        0x0 c:/program files (x86)/atmel/studio/7.0/toolchain/avr8/avr8-gnu-toolchain/bin/../lib/gcc/avr/5.4.0/avr5\libgcc.a(_udivmodsi4.o)
 .bss           0x00000000        0x0 c:/program files (x86)/atmel/studio/7.0/toolchain/avr8/avr8-gnu-toolchain/bin/../lib/gcc/avr/5.4.0/avr5\libgcc.a(_udivmodsi4.o)
 .text.libgcc.mul
                0x00000000        0x0 c:/program files (x86)/atmel/studio/7.0/toolchain/avr8/avr8-gnu-toolchain/bin/../lib/gcc/avr/5.4.0/avr5\libgcc.a(_udivmodsi4.o)
 .text.libgcc.div
                0x00000000       0x44 c:/program files (x86)/atmel/studio/7.0/toolchain/avr8/avr8-gnu-toolchain/bin/../lib/gcc/avr/5.4.0/avr5\libgcc.a(_udivmodsi4.o)
 .text.libgcc   0x00000000        0x0 c:/program files (x86)/atmel/studio/7.0/toolchain/avr8/avr8-gnu-toolchain/bin/../lib/gcc/avr/5.4.0/avr5\libgcc.a(_udivmodsi4.o)
 .text.libgcc.prologue
                0x00000000        0x0 c:/program files (x86)/atmel/studio/7.0/toolchain/avr8/avr8-gnu-toolchain/bin/../lib/gcc/avr/5.4.0/avr5\libgcc.a(_udivmodsi4.o)
 .text.libgcc.builtins
                0x00000000        0x0 c:/program files (x86)/atmel/studio/7.0/toolchain/avr8/avr8-gnu-toolchain/bin/../lib/gcc/avr/5.4.0/avr5\libgcc.a(_udivmodsi4.o)
 .text.libgcc.fmul
                0x00000000        0x0 c:/program files (x86)/atmel/studio/7.0/toolchain/avr8/avr8-gnu-toolchain/bin/../lib/gcc/avr/5.4.0/avr5\libgcc.a(_udivmodsi4.o)
 .text.libgcc.fixed
                0x00000000        0x0 c:/program files (x86)/atmel/studio/7.0/toolchain/avr8/avr8-gnu-toolchain/bin/../lib/gcc/avr/5.4.0/avr5\libgcc.a(_udivmodsi4.o)
 .text          0x00000000        0x0 c:/program files (x86)/atmel/studio/7.0/toolchain/avr8/avr8-gnu-toolchain/bin/../lib/gcc/avr/5.4.0/avr5\libgcc.a(_exit.o)
 .data          0x00000000        0x0 c:/program files (x86)/atmel/studio/7.0/toolchain/avr8/avr8-gnu-toolchain/bin/../lib/gcc/avr/5.4.0/avr5\libgcc.a(_exit.o)
 .bss           0x00000000        0x0 c:/program files (x86)/atmel/studio/7.0/toolchain/avr8/avr8-gnu-toolchain/bin/../lib/gcc/avr/5.4.0/avr5\libgcc.a(_exit.o)
 .text.libgcc.mul
                0x00000000        0x0 c:/program files (x86)/atmel/studio/7.0/toolchain/avr8/avr8-gnu-toolchain/bin/../lib/gcc/avr/5.4.0/avr5\libgcc.a(_exit.o)
 .text.libgcc.div
                0x00000000        0x0 c:/program files (x86)/atmel/studio/7.0/toolchain/avr8/avr8-gnu-toolchain/bin/../lib/gcc/avr/5.4.0/avr5\libgcc.a(_exit.o)
 .text.libgcc   0x00000000        0x0 c:/program files (x86)/atmel/studio/7.0/toolchain/avr8/avr8-gnu-toolchain/bin/../lib/gcc/avr/5.4.0/avr5\libgcc.a(_exit.o)
 .text.libgcc.prologue
                0x00000000        0x0 c:/program files (x86)/atmel/studio/7.0/toolchain/avr8/avr8-gnu-toolchain/bin/../lib/gcc/avr/5.4.0/avr5\libgcc.a(_exit.o)
 .text.libgcc.builtins
                0x00000000        0x0 c:/program files (x86)/atmel/studio/7.0/toolchain/avr8/avr8-gnu-toolchain/bin/../lib/gcc/avr/5.4.0/avr5\libgcc.a(_exit.o)
 .text.libgcc.fmul
                0x00000000        0x0 c:/program files (x86)/atmel/studio/7.0/toolchain/avr8/avr8-gnu-toolchain/bin/../lib/gcc/avr/5.4.0/avr5\libgcc.a(_exit.o)
 .text.libgcc.fixed
                0x00000000        0x0 c:/program files (x86)/atmel/studio/7.0/toolchain/avr8/avr8-gnu-toolchain/bin/../lib/gcc/avr/5.4.0/avr5\libgcc.a(_exit.o)
 .text          0x00000000        0x0 c:/program files (x86)/atmel/studio/7.0/toolchain/avr8/avr8-gnu-toolchain/bin/../lib/gcc/avr/5.4.0/avr5\libgcc.a(_copy_data.o)
 .data          0x00000000        0x0 c:/program files (x86)/atmel/studio/7.0/toolchain/avr8/avr8-gnu-toolchain/bin/../lib/gcc/avr/5.4.0/avr5\libgcc.a(_copy_data.o)
 .bss           0x00000000        0x0 c:/program files (x86)/atmel/studio/7.0/toolchain/avr8/avr8-gnu-toolchain/bin/../lib/gcc/avr/5.4.0/avr5\libgcc.a(_copy_data.o)
 .text.libgcc.mul
                0x00000000        0x0 c:/program files (x86)/atmel/studio/7.0/toolchain/avr8/avr8-gnu-toolchain/bin/../lib/gcc/avr/5.4.0/avr5\libgcc.a(_copy_data.o)
 .text.libgcc.div
                0x00000000        0x0 c:/program files (x86)/atmel/studio/7.0/toolchain/avr8/avr8-gnu-toolchain/bin/../lib/gcc/avr/5.4.0/avr5\libgcc.a(_copy_data.o)
 .text.libgcc   0x00000000        0x0 c:/program files (x86)/atmel/studio/7.0/toolchain/avr8/avr8-gnu-toolchain/bin/../lib/gcc/avr/5.4.0/avr5\libgcc.a(_copy_data.o)
 .text.libgcc.prologue
                0x00000000        0x0 c:/program files (x86)/atmel/studio/7.0/toolchain/avr8/avr8-gnu-toolchain/bin/../lib/gcc/avr/5.4.0/avr5\libgcc.a(_copy_data.o)
 .text.libgcc.builtins
                0x00000000        0x0 c:/program files (x86)/atmel/studio/7.0/toolchain/avr8/avr8-gnu-toolchain/bin/../lib/gcc/avr/5.4.0/avr5\libgcc.a(_copy_data.o)
 .text.libgcc.fmul
                0x00000000        0x0 c:/program files (x86)/atmel/studio/7.0/toolchain/avr8/avr8-gnu-toolchain/bin/../lib/gcc/avr/5.4.0/avr5\libgcc.a(_copy_data.o)
 .text.libgcc.fixed
                0x00000000        0x0 c:/program files (x86)/atmel/studio/7.0/toolchain/avr8/avr8-gnu-toolchain/bin/../lib/gcc/avr/5.4.0/avr5\libgcc.a(_copy_data.o)
 .text          0x00000000        0x0 c:/program files (x86)/atmel/studio/7.0/toolchain/avr8/avr8-gnu-toolchain/bin/../lib/gcc/avr/5.4.0/avr5\libgcc.a(_clear_bss.o)
 .data          0x00000000        0x0 c:/program files (x86)/atmel/studio/7.0/toolchain/avr8/avr8-gnu-toolchain/bin/../lib/gcc/avr/5.4.0/avr5\libgcc.a(_clear_bss.o)
 .bss           0x00000000        0x0 c:/program files (x86)/atmel/studio/7.0/toolchain/avr8/avr8-gnu-toolchain/bin/../lib/gcc/avr/5.4.0/avr5\libgcc.a(_clear_bss.o)
 .text.libgcc.mul
                0x00000000        0x0 c:/program files (x86)/atmel/studio/7.0/toolchain/avr8/avr8-gnu-toolchain/bin/../lib/gcc/avr/5.4.0/avr5\libgcc.a(_clear_bss.o)
 .text.libgcc.div
                0x00000000        0x0 c:/program files (x86)/atmel/studio/7.0/toolchain/avr8/avr8-gnu-toolchain/bin/../lib/gcc/avr/5.4.0/avr5\libgcc.a(_clear_bss.o)
 .text.libgcc   0x00000000        0x0 c:/program files (x86)/atmel/studio/7.0/toolchain/avr8/avr8-gnu-toolchain/bin/../lib/gcc/avr/5.4.0/avr5\libgcc.a(_clear_bss.o)
 .text.libgcc.prologue
                0x00000000        0x0 c:/program files (x86)/atmel/studio/7.0/toolchain/avr8/avr8-gnu-toolchain/bin/../lib/gcc/avr/5.4.0/avr5\libgcc.a(_clear_bss.o)
 .text.libgcc.builtins
                0x00000000        0x0 c:/program files (x86)/atmel/studio/7.0/toolchain/avr8/avr8-gnu-toolchain/bin/../lib/gcc/avr/5.4.0/avr5\libgcc.a(_clear_bss.o)
 .text.libgcc.fmul
                0x00000000        0x0 c:/program files (x86)/atmel/studio/7.0/toolchain/avr8/avr8-gnu-toolchain/bin/../lib/gcc/avr/5.4.0/avr5\libgcc.a(_clear_bss.o)
 .text.libgcc.fixed
                0x00000000        0x0 c:/program files (x86)/atmel/studio/7.0/toolchain/avr8/avr8-gnu-toolchain/bin/../lib/gcc/avr/5.4.0/avr5\libgcc.a(_clear_bss.o)
 .text          0x00000000        0x0 c:/program files (x86)/atmel/studio/7.0/toolchain/avr8/avr8-gnu-toolchain/bin/../lib/gcc/avr/5.4.0/avr5\libgcc.a(_umulhisi3.o)
 .data          0x00000000        0x0 c:/program files (x86)/atmel/studio/7.0/toolchain/avr8/avr8-gnu-toolchain/bin/../lib/gcc/avr/5.4.0/avr5\libgcc.a(_umulhisi3.o)
 .bss           0x00000000        0x0 c:/program files (x86)/atmel/studio/7.0/toolchain/avr8/avr8-gnu-toolchain/bin/../lib/gcc/avr/5.4.0/avr5\libgcc.a(_umulhisi3.o)
 .text.libgcc.div
                0x00000000        0x0 c:/program files (x86)/atmel/studio/7.0/toolchain/avr8/avr8-gnu-toolchain/bin/../lib/gcc/avr/5.4.0/avr5\libgcc.a(_umulhisi3.o)
 .text.libgcc   0x00000000        0x0 c:/program files (x86)/atmel/studio/7.0/toolchain/avr8/avr8-gnu-toolchain/bin/../lib/gcc/avr/5.4.0/avr5\libgcc.a(_umulhisi3.o)
 .text.libgcc.prologue
                0x00000000        0x0 c:/program files (x86)/atmel/studio/7.0/toolchain/avr8/avr8-gnu-toolchain/bin/../lib/gcc/avr/5.4.0/avr5\libgcc.a(_umulhisi3.o)
 .text.libgcc.builtins
                0x00000000        0x0 c:/program files (x86)/atmel/studio/7.0/toolchain/avr8/avr8-gnu-toolchain/bin/../lib/gcc/avr/5.4.0/avr5\libgcc.a(_umulhisi3.o)
 .text.libgcc.fmul
                0x00000000        0x0 c:/program files (x86)/atmel/studio/7.0/toolchain/avr8/avr8-gnu-toolchain/bin/../lib/gcc/avr/5.4.0/avr5\libgcc.a(_umulhisi3.o)
 .text.libgcc.fixed
                0x00000000        0x0 c:/program files (x86)/atmel/studio/7.0/toolchain/avr8/avr8-gnu-toolchain/bin/../lib/gcc/avr/5.4.0/avr5\libgcc.a(_umulhisi3.o)
 .text          0x00000000        0x0 c:/program files (x86)/atmel/studio/7.0/toolchain/avr8/avr8-gnu-toolchain/bin/../lib/gcc/avr/5.4.0/../../../../avr/lib/avr5\libc.a(strcat.o)
 .data          0x00000000        0x0 c:/program files (x86)/atmel/studio/7.0/toolchain/avr8/avr8-gnu-toolchain/bin/../lib/gcc/avr/5.4.0/../../../../avr/lib/avr5\libc.a(strcat.o)
 .bss           0x00000000        0x0 c:/program files (x86)/atmel/studio/7.0/toolchain/avr8/avr8-gnu-toolchain/bin/../lib/gcc/avr/5.4.0/../../../../avr/lib/avr5\libc.a(strcat.o)
 .text.avr-libc
                0x00000000       0x16 c:/program files (x86)/atmel/studio/7.0/toolchain/avr8/avr8-gnu-toolchain/bin/../lib/gcc/avr/5.4.0/../../../../avr/lib/avr5\libc.a(strcat.o)
 .text          0x00000000        0x0 c:/program files (x86)/atmel/studio/7.0/toolchain/avr8/avr8-gnu-toolchain/bin/../lib/gcc/avr/5.4.0/../../../../avr/lib/avr5\libc.a(strchr.o)
 .data          0x00000000        0x0 c:/program files (x86)/atmel/studio/7.0/toolchain/avr8/avr8-gnu-toolchain/bin/../lib/gcc/avr/5.4.0/../../../../avr/lib/avr5\libc.a(strchr.o)
 .bss           0x00000000        0x0 c:/program files (x86)/atmel/studio/7.0/toolchain/avr8/avr8-gnu-toolchain/bin/../lib/gcc/avr/5.4.0/../../../../avr/lib/avr5\libc.a(strchr.o)
 .text          0x00000000        0x0 c:/program files (x86)/atmel/studio/7.0/toolchain/avr8/avr8-gnu-toolchain/bin/../lib/gcc/avr/5.4.0/../../../../avr/lib/avr5\libc.a(strcpy.o)
 .data          0x00000000        0x0 c:/program files (x86)/atmel/studio/7.0/toolchain/avr8/avr8-gnu-toolchain/bin/../lib/gcc/avr/5.4.0/../../../../avr/lib/avr5\libc.a(strcpy.o)
 .bss           0x00000000        0x0 c:/program files (x86)/atmel/studio/7.0/toolchain/avr8/avr8-gnu-toolchain/bin/../lib/gcc/avr/5.4.0/../../../../avr/lib/avr5\libc.a(strcpy.o)
 .text          0x00000000        0x0 c:/program files (x86)/atmel/studio/7.0/toolchain/avr8/avr8-gnu-toolchain/bin/../lib/gcc/avr/5.4.0/../../../../avr/lib/avr5\libc.a(strstr.o)
 .data          0x00000000        0x0 c:/program files (x86)/atmel/studio/7.0/toolchain/avr8/avr8-gnu-toolchain/bin/../lib/gcc/avr/5.4.0/../../../../avr/lib/avr5\libc.a(strstr.o)
 .bss           0x00000000        0x0 c:/program files (x86)/atmel/studio/7.0/toolchain/avr8/avr8-gnu-toolchain/bin/../lib/gcc/avr/5.4.0/../../../../avr/lib/avr5\libc.a(strstr.o)

Memory Configuration

Name             Origin             Length             Attributes
text             0x00000000         0x00020000         xr
data             0x00800060         0x0000ffa0         rw !x
eeprom           0x00810000         0x00010000         rw !x
fuse             0x00820000         0x00000003         rw !x
lock             0x00830000         0x00000400         rw !x
signature        0x00840000         0x00000400         rw !x
user_signatures  0x00850000         0x00000400         rw !x
*default*        0x00000000         0xffffffff

Linker script and memory map

Address of section .data set to 0x800100
LOAD C:/Program Files (x86)/Atmel/Studio/7.0/Packs/atmel/ATmega_DFP/1.2.150/gcc/dev/atmega64a/avr5/crtatmega64a.o
LOAD adc/adc.o
LOAD app.o
LOAD bc95/bc95.o
LOAD device/device.o
LOAD EEPROM/eeprom.o
LOAD init/init.o
LOAD lcd/lcd.o
LOAD port/port.o
LOAD tools/tools.o
LOAD uart/uart.o
START GROUP
LOAD c:/program files (x86)/atmel/studio/7.0/toolchain/avr8/avr8-gnu-toolchain/bin/../lib/gcc/avr/5.4.0/../../../../avr/lib/avr5\libm.a
END GROUP
START GROUP
LOAD c:/program files (x86)/atmel/studio/7.0/toolchain/avr8/avr8-gnu-toolchain/bin/../lib/gcc/avr/5.4.0/avr5\libgcc.a
LOAD c:/program files (x86)/atmel/studio/7.0/toolchain/avr8/avr8-gnu-toolchain/bin/../lib/gcc/avr/5.4.0/../../../../avr/lib/avr5\libm.a
LOAD c:/program files (x86)/atmel/studio/7.0/toolchain/avr8/avr8-gnu-toolchain/bin/../lib/gcc/avr/5.4.0/../../../../avr/lib/avr5\libc.a
LOAD C:/Program Files (x86)/Atmel/Studio/7.0/Packs/atmel/ATmega_DFP/1.2.150/gcc/dev/atmega64a/avr5\libatmega64a.a
END GROUP
                0x00020000                __TEXT_REGION_LENGTH__ = DEFINED (__TEXT_REGION_LENGTH__)?__TEXT_REGION_LENGTH__:0x20000
                0x0000ffa0                __DATA_REGION_LENGTH__ = DEFINED (__DATA_REGION_LENGTH__)?__DATA_REGION_LENGTH__:0xffa0
                0x00010000                __EEPROM_REGION_LENGTH__ = DEFINED (__EEPROM_REGION_LENGTH__)?__EEPROM_REGION_LENGTH__:0x10000
                [0x00000003]                __FUSE_REGION_LENGTH__ = DEFINED (__FUSE_REGION_LENGTH__)?__FUSE_REGION_LENGTH__:0x400
                0x00000400                __LOCK_REGION_LENGTH__ = DEFINED (__LOCK_REGION_LENGTH__)?__LOCK_REGION_LENGTH__:0x400
                0x00000400                __SIGNATURE_REGION_LENGTH__ = DEFINED (__SIGNATURE_REGION_LENGTH__)?__SIGNATURE_REGION_LENGTH__:0x400
                0x00000400                __USER_SIGNATURE_REGION_LENGTH__ = DEFINED (__USER_SIGNATURE_REGION_LENGTH__)?__USER_SIGNATURE_REGION_LENGTH__:0x400

.hash
 *(.hash)

.dynsym
 *(.dynsym)

.dynstr
 *(.dynstr)

.gnu.version
 *(.gnu.version)

.gnu.version_d
 *(.gnu.version_d)

.gnu.version_r
 *(.gnu.version_r)

.rel.init
 *(.rel.init)

.rela.init
 *(.rela.init)

.rel.text
 *(.rel.text)
 *(.rel.text.*)
 *(.rel.gnu.linkonce.t*)

.rela.text
 *(.rela.text)
 *(.rela.text.*)
 *(.rela.gnu.linkonce.t*)

.rel.fini
 *(.rel.fini)

.rela.fini
 *(.rela.fini)

.rel.rodata
 *(.rel.rodata)
 *(.rel.rodata.*)
 *(.rel.gnu.linkonce.r*)

.rela.rodata
 *(.rela.rodata)
 *(.rela.rodata.*)
 *(.rela.gnu.linkonce.r*)

.rel.data
 *(.rel.data)
 *(.rel.data.*)
 *(.rel.gnu.linkonce.d*)

.rela.data
 *(.rela.data)
 *(.rela.data.*)
 *(.rela.gnu.linkonce.d*)

.rel.ctors
 *(.rel.ctors)

.rela.ctors
 *(.rela.ctors)

.rel.dtors
 *(.rel.dtors)

.rela.dtors
 *(.rela.dtors)

.rel.got
 *(.rel.got)

.rela.got
 *(.rela.got)

.rel.bss
 *(.rel.bss)

.rela.bss
 *(.rela.bss)

.rel.plt
 *(.rel.plt)

.rela.plt
 *(.rela.plt)

.text           0x00000000      0xf6a
 *(.vectors)
 .vectors       0x00000000       0x8c C:/Program Files (x86)/Atmel/Studio/7.0/Packs/atmel/ATmega_DFP/1.2.150/gcc/dev/atmega64a/avr5/crtatmega64a.o
                0x00000000                __vector_default
                0x00000000                __vectors
 *(.vectors)
 *(.progmem.gcc*)
                0x0000008c                . = ALIGN (0x2)
                0x0000008c                __trampolines_start = .
 *(.trampolines)
 .trampolines   0x0000008c        0x0 linker stubs
 *(.trampolines*)
                0x0000008c                __trampolines_end = .
 *libprintf_flt.a:*(.progmem.data)
 *libc.a:*(.progmem.data)
 *(.progmem*)
                0x0000008c                . = ALIGN (0x2)
 *(.jumptables)
 *(.jumptables*)
 *(.lowtext)
 *(.lowtext*)
                0x0000008c                __ctors_start = .
 *(.ctors)
                0x0000008c                __ctors_end = .
                0x0000008c                __dtors_start = .
 *(.dtors)
                0x0000008c                __dtors_end = .
 SORT(*)(.ctors)
 SORT(*)(.dtors)
 *(.init0)
 .init0         0x0000008c        0x0 C:/Program Files (x86)/Atmel/Studio/7.0/Packs/atmel/ATmega_DFP/1.2.150/gcc/dev/atmega64a/avr5/crtatmega64a.o
                0x0000008c                __init
 *(.init0)
 *(.init1)
 *(.init1)
 *(.init2)
 .init2         0x0000008c        0xc C:/Program Files (x86)/Atmel/Studio/7.0/Packs/atmel/ATmega_DFP/1.2.150/gcc/dev/atmega64a/avr5/crtatmega64a.o
 *(.init2)
 *(.init3)
 *(.init3)
 *(.init4)
 .init4         0x00000098       0x16 c:/program files (x86)/atmel/studio/7.0/toolchain/avr8/avr8-gnu-toolchain/bin/../lib/gcc/avr/5.4.0/avr5\libgcc.a(_copy_data.o)
                0x00000098                __do_copy_data
 .init4         0x000000ae       0x10 c:/program files (x86)/atmel/studio/7.0/toolchain/avr8/avr8-gnu-toolchain/bin/../lib/gcc/avr/5.4.0/avr5\libgcc.a(_clear_bss.o)
                0x000000ae                __do_clear_bss
 *(.init4)
 *(.init5)
 *(.init5)
 *(.init6)
 *(.init6)
 *(.init7)
 *(.init7)
 *(.init8)
 *(.init8)
 *(.init9)
 .init9         0x000000be        0x8 C:/Program Files (x86)/Atmel/Studio/7.0/Packs/atmel/ATmega_DFP/1.2.150/gcc/dev/atmega64a/avr5/crtatmega64a.o
 *(.init9)
 *(.text)
 .text          0x000000c6        0x4 C:/Program Files (x86)/Atmel/Studio/7.0/Packs/atmel/ATmega_DFP/1.2.150/gcc/dev/atmega64a/avr5/crtatmega64a.o
                0x000000c6                __vector_22
                0x000000c6                __vector_28
                0x000000c6                __vector_1
                0x000000c6                __vector_32
                0x000000c6                __vector_34
                0x000000c6                __vector_24
                0x000000c6                __vector_12
                0x000000c6                __bad_interrupt
                0x000000c6                __vector_6
                0x000000c6                __vector_31
                0x000000c6                __vector_3
                0x000000c6                __vector_23
                0x000000c6                __vector_25
                0x000000c6                __vector_11
                0x000000c6                __vector_13
                0x000000c6                __vector_17
                0x000000c6                __vector_19
                0x000000c6                __vector_7
                0x000000c6                __vector_27
                0x000000c6                __vector_5
                0x000000c6                __vector_33
                0x000000c6                __vector_4
                0x000000c6                __vector_9
                0x000000c6                __vector_2
                0x000000c6                __vector_15
                0x000000c6                __vector_29
                0x000000c6                __vector_8
                0x000000c6                __vector_26
                0x000000c6                __vector_14
                0x000000c6                __vector_10
                0x000000c6                __vector_16
                0x000000c6                __vector_20
                0x000000ca                . = ALIGN (0x2)
 *(.text.*)
 .text.__vector_21
                0x000000ca       0x42 adc/adc.o
                0x000000ca                __vector_21
 .text.system_init
                0x0000010c       0x16 app.o
                0x0000010c                system_init
 .text.main     0x00000122       0x12 app.o
                0x00000122                main
 .text.callback_get_imsi
                0x00000134       0x6c bc95/bc95.o
                0x00000134                callback_get_imsi
 .text.callback_get_imei
                0x000001a0       0xde bc95/bc95.o
                0x000001a0                callback_get_imei
 .text.callback_get_band
                0x0000027e       0xc2 bc95/bc95.o
                0x0000027e                callback_get_band
 .text.callback_get_csq
                0x00000340       0xbc bc95/bc95.o
                0x00000340                callback_get_csq
 .text.callback_get_eps_status
                0x000003fc       0xd8 bc95/bc95.o
                0x000003fc                callback_get_eps_status
 .text.callback_get_profile_status
                0x000004d4       0xba bc95/bc95.o
                0x000004d4                callback_get_profile_status
 .text.callback_get_plmn
                0x0000058e      0x12a bc95/bc95.o
                0x0000058e                callback_get_plmn
 .text.type_set_process
                0x000006b8       0x60 bc95/bc95.o
                0x000006b8                type_set_process
 .text.type_info_process
                0x00000718       0xbe bc95/bc95.o
                0x00000718                type_info_process
 .text.type_query_process
                0x000007d6       0xe2 bc95/bc95.o
                0x000007d6                type_query_process
 .text.init_bc95
                0x000008b8      0x172 bc95/bc95.o
                0x000008b8                init_bc95
 .text.tm1726_start
                0x00000a2a       0x1c lcd/lcd.o
                0x00000a2a                tm1726_start
 .text.tm1726_stop
                0x00000a46       0x1c lcd/lcd.o
                0x00000a46                tm1726_stop
 .text.write_byte_tm1726
                0x00000a62       0x2c lcd/lcd.o
                0x00000a62                write_byte_tm1726
 .text.write_all_ram_tm1726
                0x00000a8e       0x40 lcd/lcd.o
                0x00000a8e                write_all_ram_tm1726
 .text.init_tm1726
                0x00000ace       0x1a lcd/lcd.o
                0x00000ace                init_tm1726
 .text.write_byte_address_tm1726
                0x00000ae8       0x44 lcd/lcd.o
                0x00000ae8                write_byte_address_tm1726
 .text.write_string_address_tm1726
                0x00000b2c       0x40 lcd/lcd.o
                0x00000b2c                write_string_address_tm1726
 .text.init_lcd
                0x00000b6c       0x36 lcd/lcd.o
                0x00000b6c                init_lcd
 .text.make_pure_ppm_number
                0x00000ba2      0x14e lcd/lcd.o
                0x00000ba2                make_pure_ppm_number
 .text.lcd_update_pure_ppm_display
                0x00000cf0       0x3a lcd/lcd.o
                0x00000cf0                lcd_update_pure_ppm_display
 .text.init_port
                0x00000d2a       0x60 port/port.o
                0x00000d2a                init_port
 .text.init_uart0
                0x00000d8a       0x16 uart/uart.o
                0x00000d8a                init_uart0
 .text.init_uart1
                0x00000da0       0x2a uart/uart.o
                0x00000da0                init_uart1
 .text.uart0_send_byte
                0x00000dca        0x8 uart/uart.o
                0x00000dca                uart0_send_byte
 .text.uart0_send_string
                0x00000dd2       0x1e uart/uart.o
                0x00000dd2                uart0_send_string
 .text.uart1_send_byte
                0x00000df0       0x10 uart/uart.o
                0x00000df0                uart1_send_byte
 .text.uart1_send_string
                0x00000e00       0x1e uart/uart.o
                0x00000e00                uart1_send_string
 .text.bc95_send_string
                0x00000e1e       0x16 uart/uart.o
                0x00000e1e                bc95_send_string
 .text.uart1_rx_array_set_empty
                0x00000e34       0x10 uart/uart.o
                0x00000e34                uart1_rx_array_set_empty
 .text.__vector_18
                0x00000e44       0x4a uart/uart.o
                0x00000e44                __vector_18
 .text.__vector_30
                0x00000e8e       0x62 uart/uart.o
                0x00000e8e                __vector_30
 .text.libgcc.mul
                0x00000ef0       0x1e c:/program files (x86)/atmel/studio/7.0/toolchain/avr8/avr8-gnu-toolchain/bin/../lib/gcc/avr/5.4.0/avr5\libgcc.a(_umulhisi3.o)
                0x00000ef0                __umulhisi3
 .text.avr-libc
                0x00000f0e       0x16 c:/program files (x86)/atmel/studio/7.0/toolchain/avr8/avr8-gnu-toolchain/bin/../lib/gcc/avr/5.4.0/../../../../avr/lib/avr5\libc.a(strchr.o)
                0x00000f0e                strchr
 .text.avr-libc
                0x00000f24        0xe c:/program files (x86)/atmel/studio/7.0/toolchain/avr8/avr8-gnu-toolchain/bin/../lib/gcc/avr/5.4.0/../../../../avr/lib/avr5\libc.a(strcpy.o)
                0x00000f24                strcpy
 .text.avr-libc
                0x00000f32       0x34 c:/program files (x86)/atmel/studio/7.0/toolchain/avr8/avr8-gnu-toolchain/bin/../lib/gcc/avr/5.4.0/../../../../avr/lib/avr5\libc.a(strstr.o)
                0x00000f32                strstr
                0x00000f66                . = ALIGN (0x2)
 *(.fini9)
 .fini9         0x00000f66        0x0 c:/program files (x86)/atmel/studio/7.0/toolchain/avr8/avr8-gnu-toolchain/bin/../lib/gcc/avr/5.4.0/avr5\libgcc.a(_exit.o)
                0x00000f66                _exit
                0x00000f66                exit
 *(.fini9)
 *(.fini8)
 *(.fini8)
 *(.fini7)
 *(.fini7)
 *(.fini6)
 *(.fini6)
 *(.fini5)
 *(.fini5)
 *(.fini4)
 *(.fini4)
 *(.fini3)
 *(.fini3)
 *(.fini2)
 *(.fini2)
 *(.fini1)
 *(.fini1)
 *(.fini0)
 .fini0         0x00000f66        0x4 c:/program files (x86)/atmel/studio/7.0/toolchain/avr8/avr8-gnu-toolchain/bin/../lib/gcc/avr/5.4.0/avr5\libgcc.a(_exit.o)
 *(.fini0)
                0x00000f6a                _etext = .

.data           0x00800100      0x458 load address 0x00000f6a
                0x00800100                PROVIDE (__data_start, .)
 *(.data)
 *(.data*)
 .data.init_command
                0x00800100       0x48 bc95/bc95.o
                0x00800100                init_command
 .data.at_get_eps_status_command
                0x00800148        0xc bc95/bc95.o
                0x00800148                at_get_eps_status_command
 .data.at_get_plmn_command
                0x00800154        0xb bc95/bc95.o
                0x00800154                at_get_plmn_command
 .data.at_get_csq_command
                0x0080015f        0x9 bc95/bc95.o
                0x0080015f                at_get_csq_command
 .data.at_get_profile_status_command
                0x00800168        0xc bc95/bc95.o
                0x00800168                at_get_profile_status_command
 .data.at_set_pdp_command
                0x00800174        0xd bc95/bc95.o
                0x00800174                at_set_pdp_command
 .data.at_get_imsi_command
                0x00800181        0xa bc95/bc95.o
                0x00800181                at_get_imsi_command
 .data.at_get_imei_command
                0x0080018b        0xc bc95/bc95.o
                0x0080018b                at_get_imei_command
 .data.at_get_band_command
                0x00800197        0xc bc95/bc95.o
                0x00800197                at_get_band_command
 .data.at_set_back_command
                0x008001a3        0xc bc95/bc95.o
                0x008001a3                at_set_back_command
 .data.at_check_device_command
                0x008001af        0x5 bc95/bc95.o
                0x008001af                at_check_device_command
 .data.SMG      0x008001b4        0xa lcd/lcd.o
                0x008001b4                SMG
 *(.gnu.linkonce.d*)
 *(.rodata)
 *(.rodata*)
 .rodata.str1.1
                0x008001be      0x38d bc95/bc95.o
                                0x394 (size before relaxing)
 .rodata.bc95_response_error
                0x0080054b        0x6 bc95/bc95.o
                0x0080054b                bc95_response_error
 .rodata.bc95_response_ok
                0x00800551        0x7 bc95/bc95.o
                0x00800551                bc95_response_ok
 *(.gnu.linkonce.r*)
                0x00800558                . = ALIGN (0x2)
                0x00800558                _edata = .
                0x00800558                PROVIDE (__data_end, .)

.bss            0x00800558      0x504
                0x00800558                PROVIDE (__bss_start, .)
 *(.bss)
 *(.bss*)
 .bss.adc_interrupt_channel_cache
                0x00800558        0x1 adc/adc.o
                0x00800558                adc_interrupt_channel_cache
 .bss.adc_channel_data_list
                0x00800559       0x10 adc/adc.o
                0x00800559                adc_channel_data_list
 .bss.uart0_rx_count
                0x00800569        0x1 uart/uart.o
                0x00800569                uart0_rx_count
 .bss.uart0_rx_array
                0x0080056a       0xc8 uart/uart.o
                0x0080056a                uart0_rx_array
 *(COMMON)
 COMMON         0x00800632      0x42a app.o
                0x00800632                query_data
                0x0080064a                query_data_flag
                0x00800759                bc95_send_socket_data
                0x00800859                bc95_receive_socket_data
                0x0080095c                device_status_lcd
                0x0080095f                uart1_rx_data
                0x00800a28                device_status_bc95
                0x00800a5c                PROVIDE (__bss_end, .)
                0x00000f6a                __data_load_start = LOADADDR (.data)
                0x000013c2                __data_load_end = (__data_load_start + SIZEOF (.data))

.noinit         0x00800a5c        0x0
                [!provide]                PROVIDE (__noinit_start, .)
 *(.noinit*)
                [!provide]                PROVIDE (__noinit_end, .)
                0x00800a5c                _end = .
                [!provide]                PROVIDE (__heap_start, .)

.eeprom         0x00810000        0x0
 *(.eeprom*)
                0x00810000                __eeprom_end = .

.fuse
 *(.fuse)
 *(.lfuse)
 *(.hfuse)
 *(.efuse)

.lock
 *(.lock*)

.signature
 *(.signature*)

.user_signatures
 *(.user_signatures*)

.stab
 *(.stab)

.stabstr
 *(.stabstr)

.stab.excl
 *(.stab.excl)

.stab.exclstr
 *(.stab.exclstr)

.stab.index
 *(.stab.index)

.stab.indexstr
 *(.stab.indexstr)

.comment        0x00000000       0x30
 *(.comment)
 .comment       0x00000000       0x30 adc/adc.o
                                 0x31 (size before relaxing)
 .comment       0x00000030       0x31 app.o
 .comment       0x00000030       0x31 bc95/bc95.o
 .comment       0x00000030       0x31 lcd/lcd.o
 .comment       0x00000030       0x31 port/port.o
 .comment       0x00000030       0x31 uart/uart.o

.note.gnu.avr.deviceinfo
                0x00000000       0x3c
 .note.gnu.avr.deviceinfo
                0x00000000       0x3c C:/Program Files (x86)/Atmel/Studio/7.0/Packs/atmel/ATmega_DFP/1.2.150/gcc/dev/atmega64a/avr5/crtatmega64a.o

.note.gnu.build-id
 *(.note.gnu.build-id)

.debug
 *(.debug)

.line
 *(.line)

.debug_srcinfo
 *(.debug_srcinfo)

.debug_sfnames
 *(.debug_sfnames)

.debug_aranges  0x00000000      0x230
 *(.debug_aranges)
 .debug_aranges
                0x00000000       0x38 adc/adc.o
 .debug_aranges
                0x00000038       0x28 app.o
 .debug_aranges
                0x00000060       0xa0 bc95/bc95.o
 .debug_aranges
                0x00000100       0xa0 lcd/lcd.o
 .debug_aranges
                0x000001a0       0x20 port/port.o
 .debug_aranges
                0x000001c0       0x70 uart/uart.o

.debug_pubnames
 *(.debug_pubnames)

.debug_info     0x00000000     0x3491
 *(.debug_info .gnu.linkonce.wi.*)
 .debug_info    0x00000000      0x780 C:/Program Files (x86)/Atmel/Studio/7.0/Packs/atmel/ATmega_DFP/1.2.150/gcc/dev/atmega64a/avr5/crtatmega64a.o
 .debug_info    0x00000780      0x12b adc/adc.o
 .debug_info    0x000008ab      0x487 app.o
 .debug_info    0x00000d32     0x18cb bc95/bc95.o
 .debug_info    0x000025fd      0xb1a lcd/lcd.o
 .debug_info    0x00003117       0x82 port/port.o
 .debug_info    0x00003199      0x2f8 uart/uart.o

.debug_abbrev   0x00000000     0x1042
 *(.debug_abbrev)
 .debug_abbrev  0x00000000      0x718 C:/Program Files (x86)/Atmel/Studio/7.0/Packs/atmel/ATmega_DFP/1.2.150/gcc/dev/atmega64a/avr5/crtatmega64a.o
 .debug_abbrev  0x00000718       0xcf adc/adc.o
 .debug_abbrev  0x000007e7       0xff app.o
 .debug_abbrev  0x000008e6      0x333 bc95/bc95.o
 .debug_abbrev  0x00000c19      0x260 lcd/lcd.o
 .debug_abbrev  0x00000e79       0x4f port/port.o
 .debug_abbrev  0x00000ec8      0x17a uart/uart.o

.debug_line     0x00000000     0x15f8
 *(.debug_line .debug_line.* .debug_line_end)
 .debug_line    0x00000000      0x169 C:/Program Files (x86)/Atmel/Studio/7.0/Packs/atmel/ATmega_DFP/1.2.150/gcc/dev/atmega64a/avr5/crtatmega64a.o
 .debug_line    0x00000169      0x133 adc/adc.o
 .debug_line    0x0000029c       0xd5 app.o
 .debug_line    0x00000371      0x90d bc95/bc95.o
 .debug_line    0x00000c7e      0x5e1 lcd/lcd.o
 .debug_line    0x0000125f      0x128 port/port.o
 .debug_line    0x00001387      0x271 uart/uart.o

.debug_frame    0x00000000      0x690
 *(.debug_frame)
 .debug_frame   0x00000000       0x78 adc/adc.o
 .debug_frame   0x00000078       0x34 app.o
 .debug_frame   0x000000ac      0x234 bc95/bc95.o
 .debug_frame   0x000002e0      0x25c lcd/lcd.o
 .debug_frame   0x0000053c       0x24 port/port.o
 .debug_frame   0x00000560      0x130 uart/uart.o

.debug_str      0x00000000      0xc9d
 *(.debug_str)
 .debug_str     0x00000000      0x27e C:/Program Files (x86)/Atmel/Studio/7.0/Packs/atmel/ATmega_DFP/1.2.150/gcc/dev/atmega64a/avr5/crtatmega64a.o
 .debug_str     0x0000027e      0x1a0 adc/adc.o
                                0x1d4 (size before relaxing)
 .debug_str     0x0000041e      0x257 app.o
                                0x424 (size before relaxing)
 .debug_str     0x00000675      0x3ec bc95/bc95.o
                                0x782 (size before relaxing)
 .debug_str     0x00000a61      0x188 lcd/lcd.o
                                0x39a (size before relaxing)
 .debug_str     0x00000be9        0xf port/port.o
                                0x163 (size before relaxing)
 .debug_str     0x00000bf8       0xa5 uart/uart.o
                                0x28d (size before relaxing)

.debug_loc      0x00000000     0x19f2
 *(.debug_loc)
 .debug_loc     0x00000000       0xcc adc/adc.o
 .debug_loc     0x000000cc      0xa1f bc95/bc95.o
 .debug_loc     0x00000aeb      0xcfa lcd/lcd.o
 .debug_loc     0x000017e5      0x20d uart/uart.o

.debug_macinfo
 *(.debug_macinfo)

.debug_weaknames
 *(.debug_weaknames)

.debug_funcnames
 *(.debug_funcnames)

.debug_typenames
 *(.debug_typenames)

.debug_varnames
 *(.debug_varnames)

.debug_pubtypes
 *(.debug_pubtypes)

.debug_ranges   0x00000000      0x240
 *(.debug_ranges)
 .debug_ranges  0x00000000       0x28 adc/adc.o
 .debug_ranges  0x00000028       0x18 app.o
 .debug_ranges  0x00000040      0x100 bc95/bc95.o
 .debug_ranges  0x00000140       0x90 lcd/lcd.o
 .debug_ranges  0x000001d0       0x10 port/port.o
 .debug_ranges  0x000001e0       0x60 uart/uart.o

.debug_macro
 *(.debug_macro)
OUTPUT(NB-IOT_test.elf elf32-avr)
LOAD linker stubs
