Archive member included to satisfy reference by file (symbol)

c:/program files (x86)/atmel/studio/7.0/toolchain/avr8/avr8-gnu-toolchain/bin/../lib/gcc/avr/5.4.0/avr5\libgcc.a(_udivmodhi4.o)
                              tools/tools.o (__udivmodhi4)
c:/program files (x86)/atmel/studio/7.0/toolchain/avr8/avr8-gnu-toolchain/bin/../lib/gcc/avr/5.4.0/avr5\libgcc.a(_udivmodsi4.o)
                              lcd/lcd.o (__udivmodsi4)
c:/program files (x86)/atmel/studio/7.0/toolchain/avr8/avr8-gnu-toolchain/bin/../lib/gcc/avr/5.4.0/avr5\libgcc.a(_exit.o)
                              C:/Program Files (x86)/Atmel/Studio/7.0/Packs/atmel/ATmega_DFP/1.2.150/gcc/dev/atmega64a/avr5/crtatmega64a.o (exit)
c:/program files (x86)/atmel/studio/7.0/toolchain/avr8/avr8-gnu-toolchain/bin/../lib/gcc/avr/5.4.0/avr5\libgcc.a(_copy_data.o)
                              adc/adc.o (__do_copy_data)
c:/program files (x86)/atmel/studio/7.0/toolchain/avr8/avr8-gnu-toolchain/bin/../lib/gcc/avr/5.4.0/avr5\libgcc.a(_clear_bss.o)
                              adc/adc.o (__do_clear_bss)
c:/program files (x86)/atmel/studio/7.0/toolchain/avr8/avr8-gnu-toolchain/bin/../lib/gcc/avr/5.4.0/avr5\libgcc.a(_umulhisi3.o)
                              lcd/lcd.o (__umulhisi3)
c:/program files (x86)/atmel/studio/7.0/toolchain/avr8/avr8-gnu-toolchain/bin/../lib/gcc/avr/5.4.0/../../../../avr/lib/avr5\libc.a(strcat.o)
                              bc95/bc95.o (strcat)
c:/program files (x86)/atmel/studio/7.0/toolchain/avr8/avr8-gnu-toolchain/bin/../lib/gcc/avr/5.4.0/../../../../avr/lib/avr5\libc.a(strchr.o)
                              bc95/bc95.o (strchr)
c:/program files (x86)/atmel/studio/7.0/toolchain/avr8/avr8-gnu-toolchain/bin/../lib/gcc/avr/5.4.0/../../../../avr/lib/avr5\libc.a(strcpy.o)
                              bc95/bc95.o (strcpy)
c:/program files (x86)/atmel/studio/7.0/toolchain/avr8/avr8-gnu-toolchain/bin/../lib/gcc/avr/5.4.0/../../../../avr/lib/avr5\libc.a(strstr.o)
                              bc95/bc95.o (strstr)
c:/program files (x86)/atmel/studio/7.0/toolchain/avr8/avr8-gnu-toolchain/bin/../lib/gcc/avr/5.4.0/../../../../avr/lib/avr5\libc.a(itoa_ncheck.o)
                              adc/adc.o (__itoa_ncheck)
c:/program files (x86)/atmel/studio/7.0/toolchain/avr8/avr8-gnu-toolchain/bin/../lib/gcc/avr/5.4.0/../../../../avr/lib/avr5\libc.a(utoa_ncheck.o)
                              c:/program files (x86)/atmel/studio/7.0/toolchain/avr8/avr8-gnu-toolchain/bin/../lib/gcc/avr/5.4.0/../../../../avr/lib/avr5\libc.a(itoa_ncheck.o) (__utoa_common)
c:/program files (x86)/atmel/studio/7.0/toolchain/avr8/avr8-gnu-toolchain/bin/../lib/gcc/avr/5.4.0/../../../../avr/lib/avr5\libc.a(strrev.o)
                              c:/program files (x86)/atmel/studio/7.0/toolchain/avr8/avr8-gnu-toolchain/bin/../lib/gcc/avr/5.4.0/../../../../avr/lib/avr5\libc.a(utoa_ncheck.o) (strrev)

Allocating common symbols
Common symbol       size              file

query_data          0x18              adc/adc.o
query_data_flag     0x10f             adc/adc.o
LCDNUM              0x20              lcd/lcd.o
bc95_send_socket_data
                    0x100             adc/adc.o
bc95_receive_socket_data
                    0x103             adc/adc.o
device_status_lcd   0x7               adc/adc.o
adc_data            0x6               adc/adc.o
uart1_rx_data       0xc9              adc/adc.o
device_status_bc95  0x37              adc/adc.o

Discarded input sections

 .data          0x00000000        0x0 C:/Program Files (x86)/Atmel/Studio/7.0/Packs/atmel/ATmega_DFP/1.2.150/gcc/dev/atmega64a/avr5/crtatmega64a.o
 .bss           0x00000000        0x0 C:/Program Files (x86)/Atmel/Studio/7.0/Packs/atmel/ATmega_DFP/1.2.150/gcc/dev/atmega64a/avr5/crtatmega64a.o
 .text          0x00000000        0x0 adc/adc.o
 .data          0x00000000        0x0 adc/adc.o
 .bss           0x00000000        0x0 adc/adc.o
 .text.adc_start
                0x00000000       0x28 adc/adc.o
 .text          0x00000000        0x0 app.o
 .data          0x00000000        0x0 app.o
 .bss           0x00000000        0x0 app.o
 .text          0x00000000        0x0 bc95/bc95.o
 .data          0x00000000        0x0 bc95/bc95.o
 .bss           0x00000000        0x0 bc95/bc95.o
 .text.query_process
                0x00000000       0xc0 bc95/bc95.o
 .text.bc95_send_socket
                0x00000000       0xf4 bc95/bc95.o
 .text.set_bc95_query_data_flag_empty
                0x00000000       0x16 bc95/bc95.o
 .text          0x00000000        0x0 device/device.o
 .data          0x00000000        0x0 device/device.o
 .bss           0x00000000        0x0 device/device.o
 .text.beep     0x00000000       0x1e device/device.o
 .text.start_create_water
                0x00000000        0x6 device/device.o
 .text.stop_create_water
                0x00000000        0x6 device/device.o
 .text.start_chongxi
                0x00000000        0x8 device/device.o
 .text.stop_chongxi
                0x00000000        0x8 device/device.o
 .text          0x00000000        0x0 EEPROM/eeprom.o
 .data          0x00000000        0x0 EEPROM/eeprom.o
 .bss           0x00000000        0x0 EEPROM/eeprom.o
 .text.eeprom_write_byte
                0x00000000       0x10 EEPROM/eeprom.o
 .text.eeprom_write_string
                0x00000000       0x48 EEPROM/eeprom.o
 .text.eeprom_read_byte
                0x00000000        0xe EEPROM/eeprom.o
 .text.eeprom_read_string
                0x00000000       0x4c EEPROM/eeprom.o
 .debug_info    0x00000000      0x19c EEPROM/eeprom.o
 .debug_abbrev  0x00000000       0xee EEPROM/eeprom.o
 .debug_loc     0x00000000      0x22e EEPROM/eeprom.o
 .debug_aranges
                0x00000000       0x38 EEPROM/eeprom.o
 .debug_ranges  0x00000000       0x28 EEPROM/eeprom.o
 .debug_line    0x00000000      0x15d EEPROM/eeprom.o
 .debug_str     0x00000000      0x1c7 EEPROM/eeprom.o
 .comment       0x00000000       0x31 EEPROM/eeprom.o
 .debug_frame   0x00000000       0x94 EEPROM/eeprom.o
 .text          0x00000000        0x0 init/init.o
 .data          0x00000000        0x0 init/init.o
 .bss           0x00000000        0x0 init/init.o
 .debug_line    0x00000000        0x0 init/init.o
 .debug_str     0x00000000       0xea init/init.o
 .comment       0x00000000       0x31 init/init.o
 .text          0x00000000        0x0 lcd/lcd.o
 .data          0x00000000        0x0 lcd/lcd.o
 .bss           0x00000000        0x0 lcd/lcd.o
 .text.update_all_ram_tm1726
                0x00000000       0x42 lcd/lcd.o
 .text.write_byte_address_tm1726
                0x00000000       0x44 lcd/lcd.o
 .text.write_string_address_tm1726
                0x00000000       0x40 lcd/lcd.o
 .text.make_time_number
                0x00000000      0x2a4 lcd/lcd.o
 .text.lcd_update_time_display
                0x00000000       0x46 lcd/lcd.o
 .text.make_flow_number
                0x00000000      0x288 lcd/lcd.o
 .text.lcd_update_flow_display
                0x00000000       0x46 lcd/lcd.o
 .text.make_raw_ppm_number
                0x00000000      0x152 lcd/lcd.o
 .text.lcd_update_raw_ppm_display
                0x00000000       0x3a lcd/lcd.o
 .text.make_pure_ppm_number
                0x00000000      0x14e lcd/lcd.o
 .text.lcd_update_pure_ppm_display
                0x00000000       0x3a lcd/lcd.o
 .rodata.Device
                0x00000000        0x9 lcd/lcd.o
 .data.SMGL     0x00000000        0xa lcd/lcd.o
 .data.SMG      0x00000000        0xa lcd/lcd.o
 COMMON         0x00000000       0x20 lcd/lcd.o
 .text          0x00000000        0x0 port/port.o
 .data          0x00000000        0x0 port/port.o
 .bss           0x00000000        0x0 port/port.o
 .text          0x00000000        0x0 timer/timer.o
 .data          0x00000000        0x0 timer/timer.o
 .bss           0x00000000        0x0 timer/timer.o
 .debug_line    0x00000000        0x0 timer/timer.o
 .debug_str     0x00000000       0xec timer/timer.o
 .comment       0x00000000       0x31 timer/timer.o
 .text          0x00000000        0x0 tools/tools.o
 .data          0x00000000        0x0 tools/tools.o
 .bss           0x00000000        0x0 tools/tools.o
 .text          0x00000000        0x0 uart/uart.o
 .data          0x00000000        0x0 uart/uart.o
 .bss           0x00000000        0x0 uart/uart.o
 .text.uart0_rx_array_set_empty
                0x00000000       0x10 uart/uart.o
 .bss.uart1_tx_array
                0x00000000       0xc8 uart/uart.o
 .bss.uart0_tx_array
                0x00000000       0xc8 uart/uart.o
 .text          0x00000000        0x0 c:/program files (x86)/atmel/studio/7.0/toolchain/avr8/avr8-gnu-toolchain/bin/../lib/gcc/avr/5.4.0/avr5\libgcc.a(_udivmodhi4.o)
 .data          0x00000000        0x0 c:/program files (x86)/atmel/studio/7.0/toolchain/avr8/avr8-gnu-toolchain/bin/../lib/gcc/avr/5.4.0/avr5\libgcc.a(_udivmodhi4.o)
 .bss           0x00000000        0x0 c:/program files (x86)/atmel/studio/7.0/toolchain/avr8/avr8-gnu-toolchain/bin/../lib/gcc/avr/5.4.0/avr5\libgcc.a(_udivmodhi4.o)
 .text.libgcc.mul
                0x00000000        0x0 c:/program files (x86)/atmel/studio/7.0/toolchain/avr8/avr8-gnu-toolchain/bin/../lib/gcc/avr/5.4.0/avr5\libgcc.a(_udivmodhi4.o)
 .text.libgcc   0x00000000        0x0 c:/program files (x86)/atmel/studio/7.0/toolchain/avr8/avr8-gnu-toolchain/bin/../lib/gcc/avr/5.4.0/avr5\libgcc.a(_udivmodhi4.o)
 .text.libgcc.prologue
                0x00000000        0x0 c:/program files (x86)/atmel/studio/7.0/toolchain/avr8/avr8-gnu-toolchain/bin/../lib/gcc/avr/5.4.0/avr5\libgcc.a(_udivmodhi4.o)
 .text.libgcc.builtins
                0x00000000        0x0 c:/program files (x86)/atmel/studio/7.0/toolchain/avr8/avr8-gnu-toolchain/bin/../lib/gcc/avr/5.4.0/avr5\libgcc.a(_udivmodhi4.o)
 .text.libgcc.fmul
                0x00000000        0x0 c:/program files (x86)/atmel/studio/7.0/toolchain/avr8/avr8-gnu-toolchain/bin/../lib/gcc/avr/5.4.0/avr5\libgcc.a(_udivmodhi4.o)
 .text.libgcc.fixed
                0x00000000        0x0 c:/program files (x86)/atmel/studio/7.0/toolchain/avr8/avr8-gnu-toolchain/bin/../lib/gcc/avr/5.4.0/avr5\libgcc.a(_udivmodhi4.o)
 .text          0x00000000        0x0 c:/program files (x86)/atmel/studio/7.0/toolchain/avr8/avr8-gnu-toolchain/bin/../lib/gcc/avr/5.4.0/avr5\libgcc.a(_udivmodsi4.o)
 .data          0x00000000        0x0 c:/program files (x86)/atmel/studio/7.0/toolchain/avr8/avr8-gnu-toolchain/bin/../lib/gcc/avr/5.4.0/avr5\libgcc.a(_udivmodsi4.o)
 .bss           0x00000000        0x0 c:/program files (x86)/atmel/studio/7.0/toolchain/avr8/avr8-gnu-toolchain/bin/../lib/gcc/avr/5.4.0/avr5\libgcc.a(_udivmodsi4.o)
 .text.libgcc.mul
                0x00000000        0x0 c:/program files (x86)/atmel/studio/7.0/toolchain/avr8/avr8-gnu-toolchain/bin/../lib/gcc/avr/5.4.0/avr5\libgcc.a(_udivmodsi4.o)
 .text.libgcc.div
                0x00000000       0x44 c:/program files (x86)/atmel/studio/7.0/toolchain/avr8/avr8-gnu-toolchain/bin/../lib/gcc/avr/5.4.0/avr5\libgcc.a(_udivmodsi4.o)
 .text.libgcc   0x00000000        0x0 c:/program files (x86)/atmel/studio/7.0/toolchain/avr8/avr8-gnu-toolchain/bin/../lib/gcc/avr/5.4.0/avr5\libgcc.a(_udivmodsi4.o)
 .text.libgcc.prologue
                0x00000000        0x0 c:/program files (x86)/atmel/studio/7.0/toolchain/avr8/avr8-gnu-toolchain/bin/../lib/gcc/avr/5.4.0/avr5\libgcc.a(_udivmodsi4.o)
 .text.libgcc.builtins
                0x00000000        0x0 c:/program files (x86)/atmel/studio/7.0/toolchain/avr8/avr8-gnu-toolchain/bin/../lib/gcc/avr/5.4.0/avr5\libgcc.a(_udivmodsi4.o)
 .text.libgcc.fmul
                0x00000000        0x0 c:/program files (x86)/atmel/studio/7.0/toolchain/avr8/avr8-gnu-toolchain/bin/../lib/gcc/avr/5.4.0/avr5\libgcc.a(_udivmodsi4.o)
 .text.libgcc.fixed
                0x00000000        0x0 c:/program files (x86)/atmel/studio/7.0/toolchain/avr8/avr8-gnu-toolchain/bin/../lib/gcc/avr/5.4.0/avr5\libgcc.a(_udivmodsi4.o)
 .text          0x00000000        0x0 c:/program files (x86)/atmel/studio/7.0/toolchain/avr8/avr8-gnu-toolchain/bin/../lib/gcc/avr/5.4.0/avr5\libgcc.a(_exit.o)
 .data          0x00000000        0x0 c:/program files (x86)/atmel/studio/7.0/toolchain/avr8/avr8-gnu-toolchain/bin/../lib/gcc/avr/5.4.0/avr5\libgcc.a(_exit.o)
 .bss           0x00000000        0x0 c:/program files (x86)/atmel/studio/7.0/toolchain/avr8/avr8-gnu-toolchain/bin/../lib/gcc/avr/5.4.0/avr5\libgcc.a(_exit.o)
 .text.libgcc.mul
                0x00000000        0x0 c:/program files (x86)/atmel/studio/7.0/toolchain/avr8/avr8-gnu-toolchain/bin/../lib/gcc/avr/5.4.0/avr5\libgcc.a(_exit.o)
 .text.libgcc.div
                0x00000000        0x0 c:/program files (x86)/atmel/studio/7.0/toolchain/avr8/avr8-gnu-toolchain/bin/../lib/gcc/avr/5.4.0/avr5\libgcc.a(_exit.o)
 .text.libgcc   0x00000000        0x0 c:/program files (x86)/atmel/studio/7.0/toolchain/avr8/avr8-gnu-toolchain/bin/../lib/gcc/avr/5.4.0/avr5\libgcc.a(_exit.o)
 .text.libgcc.prologue
                0x00000000        0x0 c:/program files (x86)/atmel/studio/7.0/toolchain/avr8/avr8-gnu-toolchain/bin/../lib/gcc/avr/5.4.0/avr5\libgcc.a(_exit.o)
 .text.libgcc.builtins
                0x00000000        0x0 c:/program files (x86)/atmel/studio/7.0/toolchain/avr8/avr8-gnu-toolchain/bin/../lib/gcc/avr/5.4.0/avr5\libgcc.a(_exit.o)
 .text.libgcc.fmul
                0x00000000        0x0 c:/program files (x86)/atmel/studio/7.0/toolchain/avr8/avr8-gnu-toolchain/bin/../lib/gcc/avr/5.4.0/avr5\libgcc.a(_exit.o)
 .text.libgcc.fixed
                0x00000000        0x0 c:/program files (x86)/atmel/studio/7.0/toolchain/avr8/avr8-gnu-toolchain/bin/../lib/gcc/avr/5.4.0/avr5\libgcc.a(_exit.o)
 .text          0x00000000        0x0 c:/program files (x86)/atmel/studio/7.0/toolchain/avr8/avr8-gnu-toolchain/bin/../lib/gcc/avr/5.4.0/avr5\libgcc.a(_copy_data.o)
 .data          0x00000000        0x0 c:/program files (x86)/atmel/studio/7.0/toolchain/avr8/avr8-gnu-toolchain/bin/../lib/gcc/avr/5.4.0/avr5\libgcc.a(_copy_data.o)
 .bss           0x00000000        0x0 c:/program files (x86)/atmel/studio/7.0/toolchain/avr8/avr8-gnu-toolchain/bin/../lib/gcc/avr/5.4.0/avr5\libgcc.a(_copy_data.o)
 .text.libgcc.mul
                0x00000000        0x0 c:/program files (x86)/atmel/studio/7.0/toolchain/avr8/avr8-gnu-toolchain/bin/../lib/gcc/avr/5.4.0/avr5\libgcc.a(_copy_data.o)
 .text.libgcc.div
                0x00000000        0x0 c:/program files (x86)/atmel/studio/7.0/toolchain/avr8/avr8-gnu-toolchain/bin/../lib/gcc/avr/5.4.0/avr5\libgcc.a(_copy_data.o)
 .text.libgcc   0x00000000        0x0 c:/program files (x86)/atmel/studio/7.0/toolchain/avr8/avr8-gnu-toolchain/bin/../lib/gcc/avr/5.4.0/avr5\libgcc.a(_copy_data.o)
 .text.libgcc.prologue
                0x00000000        0x0 c:/program files (x86)/atmel/studio/7.0/toolchain/avr8/avr8-gnu-toolchain/bin/../lib/gcc/avr/5.4.0/avr5\libgcc.a(_copy_data.o)
 .text.libgcc.builtins
                0x00000000        0x0 c:/program files (x86)/atmel/studio/7.0/toolchain/avr8/avr8-gnu-toolchain/bin/../lib/gcc/avr/5.4.0/avr5\libgcc.a(_copy_data.o)
 .text.libgcc.fmul
                0x00000000        0x0 c:/program files (x86)/atmel/studio/7.0/toolchain/avr8/avr8-gnu-toolchain/bin/../lib/gcc/avr/5.4.0/avr5\libgcc.a(_copy_data.o)
 .text.libgcc.fixed
                0x00000000        0x0 c:/program files (x86)/atmel/studio/7.0/toolchain/avr8/avr8-gnu-toolchain/bin/../lib/gcc/avr/5.4.0/avr5\libgcc.a(_copy_data.o)
 .text          0x00000000        0x0 c:/program files (x86)/atmel/studio/7.0/toolchain/avr8/avr8-gnu-toolchain/bin/../lib/gcc/avr/5.4.0/avr5\libgcc.a(_clear_bss.o)
 .data          0x00000000        0x0 c:/program files (x86)/atmel/studio/7.0/toolchain/avr8/avr8-gnu-toolchain/bin/../lib/gcc/avr/5.4.0/avr5\libgcc.a(_clear_bss.o)
 .bss           0x00000000        0x0 c:/program files (x86)/atmel/studio/7.0/toolchain/avr8/avr8-gnu-toolchain/bin/../lib/gcc/avr/5.4.0/avr5\libgcc.a(_clear_bss.o)
 .text.libgcc.mul
                0x00000000        0x0 c:/program files (x86)/atmel/studio/7.0/toolchain/avr8/avr8-gnu-toolchain/bin/../lib/gcc/avr/5.4.0/avr5\libgcc.a(_clear_bss.o)
 .text.libgcc.div
                0x00000000        0x0 c:/program files (x86)/atmel/studio/7.0/toolchain/avr8/avr8-gnu-toolchain/bin/../lib/gcc/avr/5.4.0/avr5\libgcc.a(_clear_bss.o)
 .text.libgcc   0x00000000        0x0 c:/program files (x86)/atmel/studio/7.0/toolchain/avr8/avr8-gnu-toolchain/bin/../lib/gcc/avr/5.4.0/avr5\libgcc.a(_clear_bss.o)
 .text.libgcc.prologue
                0x00000000        0x0 c:/program files (x86)/atmel/studio/7.0/toolchain/avr8/avr8-gnu-toolchain/bin/../lib/gcc/avr/5.4.0/avr5\libgcc.a(_clear_bss.o)
 .text.libgcc.builtins
                0x00000000        0x0 c:/program files (x86)/atmel/studio/7.0/toolchain/avr8/avr8-gnu-toolchain/bin/../lib/gcc/avr/5.4.0/avr5\libgcc.a(_clear_bss.o)
 .text.libgcc.fmul
                0x00000000        0x0 c:/program files (x86)/atmel/studio/7.0/toolchain/avr8/avr8-gnu-toolchain/bin/../lib/gcc/avr/5.4.0/avr5\libgcc.a(_clear_bss.o)
 .text.libgcc.fixed
                0x00000000        0x0 c:/program files (x86)/atmel/studio/7.0/toolchain/avr8/avr8-gnu-toolchain/bin/../lib/gcc/avr/5.4.0/avr5\libgcc.a(_clear_bss.o)
 .text          0x00000000        0x0 c:/program files (x86)/atmel/studio/7.0/toolchain/avr8/avr8-gnu-toolchain/bin/../lib/gcc/avr/5.4.0/avr5\libgcc.a(_umulhisi3.o)
 .data          0x00000000        0x0 c:/program files (x86)/atmel/studio/7.0/toolchain/avr8/avr8-gnu-toolchain/bin/../lib/gcc/avr/5.4.0/avr5\libgcc.a(_umulhisi3.o)
 .bss           0x00000000        0x0 c:/program files (x86)/atmel/studio/7.0/toolchain/avr8/avr8-gnu-toolchain/bin/../lib/gcc/avr/5.4.0/avr5\libgcc.a(_umulhisi3.o)
 .text.libgcc.div
                0x00000000        0x0 c:/program files (x86)/atmel/studio/7.0/toolchain/avr8/avr8-gnu-toolchain/bin/../lib/gcc/avr/5.4.0/avr5\libgcc.a(_umulhisi3.o)
 .text.libgcc   0x00000000        0x0 c:/program files (x86)/atmel/studio/7.0/toolchain/avr8/avr8-gnu-toolchain/bin/../lib/gcc/avr/5.4.0/avr5\libgcc.a(_umulhisi3.o)
 .text.libgcc.prologue
                0x00000000        0x0 c:/program files (x86)/atmel/studio/7.0/toolchain/avr8/avr8-gnu-toolchain/bin/../lib/gcc/avr/5.4.0/avr5\libgcc.a(_umulhisi3.o)
 .text.libgcc.builtins
                0x00000000        0x0 c:/program files (x86)/atmel/studio/7.0/toolchain/avr8/avr8-gnu-toolchain/bin/../lib/gcc/avr/5.4.0/avr5\libgcc.a(_umulhisi3.o)
 .text.libgcc.fmul
                0x00000000        0x0 c:/program files (x86)/atmel/studio/7.0/toolchain/avr8/avr8-gnu-toolchain/bin/../lib/gcc/avr/5.4.0/avr5\libgcc.a(_umulhisi3.o)
 .text.libgcc.fixed
                0x00000000        0x0 c:/program files (x86)/atmel/studio/7.0/toolchain/avr8/avr8-gnu-toolchain/bin/../lib/gcc/avr/5.4.0/avr5\libgcc.a(_umulhisi3.o)
 .text          0x00000000        0x0 c:/program files (x86)/atmel/studio/7.0/toolchain/avr8/avr8-gnu-toolchain/bin/../lib/gcc/avr/5.4.0/../../../../avr/lib/avr5\libc.a(strcat.o)
 .data          0x00000000        0x0 c:/program files (x86)/atmel/studio/7.0/toolchain/avr8/avr8-gnu-toolchain/bin/../lib/gcc/avr/5.4.0/../../../../avr/lib/avr5\libc.a(strcat.o)
 .bss           0x00000000        0x0 c:/program files (x86)/atmel/studio/7.0/toolchain/avr8/avr8-gnu-toolchain/bin/../lib/gcc/avr/5.4.0/../../../../avr/lib/avr5\libc.a(strcat.o)
 .text          0x00000000        0x0 c:/program files (x86)/atmel/studio/7.0/toolchain/avr8/avr8-gnu-toolchain/bin/../lib/gcc/avr/5.4.0/../../../../avr/lib/avr5\libc.a(strchr.o)
 .data          0x00000000        0x0 c:/program files (x86)/atmel/studio/7.0/toolchain/avr8/avr8-gnu-toolchain/bin/../lib/gcc/avr/5.4.0/../../../../avr/lib/avr5\libc.a(strchr.o)
 .bss           0x00000000        0x0 c:/program files (x86)/atmel/studio/7.0/toolchain/avr8/avr8-gnu-toolchain/bin/../lib/gcc/avr/5.4.0/../../../../avr/lib/avr5\libc.a(strchr.o)
 .text          0x00000000        0x0 c:/program files (x86)/atmel/studio/7.0/toolchain/avr8/avr8-gnu-toolchain/bin/../lib/gcc/avr/5.4.0/../../../../avr/lib/avr5\libc.a(strcpy.o)
 .data          0x00000000        0x0 c:/program files (x86)/atmel/studio/7.0/toolchain/avr8/avr8-gnu-toolchain/bin/../lib/gcc/avr/5.4.0/../../../../avr/lib/avr5\libc.a(strcpy.o)
 .bss           0x00000000        0x0 c:/program files (x86)/atmel/studio/7.0/toolchain/avr8/avr8-gnu-toolchain/bin/../lib/gcc/avr/5.4.0/../../../../avr/lib/avr5\libc.a(strcpy.o)
 .text          0x00000000        0x0 c:/program files (x86)/atmel/studio/7.0/toolchain/avr8/avr8-gnu-toolchain/bin/../lib/gcc/avr/5.4.0/../../../../avr/lib/avr5\libc.a(strstr.o)
 .data          0x00000000        0x0 c:/program files (x86)/atmel/studio/7.0/toolchain/avr8/avr8-gnu-toolchain/bin/../lib/gcc/avr/5.4.0/../../../../avr/lib/avr5\libc.a(strstr.o)
 .bss           0x00000000        0x0 c:/program files (x86)/atmel/studio/7.0/toolchain/avr8/avr8-gnu-toolchain/bin/../lib/gcc/avr/5.4.0/../../../../avr/lib/avr5\libc.a(strstr.o)
 .text          0x00000000        0x0 c:/program files (x86)/atmel/studio/7.0/toolchain/avr8/avr8-gnu-toolchain/bin/../lib/gcc/avr/5.4.0/../../../../avr/lib/avr5\libc.a(itoa_ncheck.o)
 .data          0x00000000        0x0 c:/program files (x86)/atmel/studio/7.0/toolchain/avr8/avr8-gnu-toolchain/bin/../lib/gcc/avr/5.4.0/../../../../avr/lib/avr5\libc.a(itoa_ncheck.o)
 .bss           0x00000000        0x0 c:/program files (x86)/atmel/studio/7.0/toolchain/avr8/avr8-gnu-toolchain/bin/../lib/gcc/avr/5.4.0/../../../../avr/lib/avr5\libc.a(itoa_ncheck.o)
 .text          0x00000000        0x0 c:/program files (x86)/atmel/studio/7.0/toolchain/avr8/avr8-gnu-toolchain/bin/../lib/gcc/avr/5.4.0/../../../../avr/lib/avr5\libc.a(utoa_ncheck.o)
 .data          0x00000000        0x0 c:/program files (x86)/atmel/studio/7.0/toolchain/avr8/avr8-gnu-toolchain/bin/../lib/gcc/avr/5.4.0/../../../../avr/lib/avr5\libc.a(utoa_ncheck.o)
 .bss           0x00000000        0x0 c:/program files (x86)/atmel/studio/7.0/toolchain/avr8/avr8-gnu-toolchain/bin/../lib/gcc/avr/5.4.0/../../../../avr/lib/avr5\libc.a(utoa_ncheck.o)
 .text          0x00000000        0x0 c:/program files (x86)/atmel/studio/7.0/toolchain/avr8/avr8-gnu-toolchain/bin/../lib/gcc/avr/5.4.0/../../../../avr/lib/avr5\libc.a(strrev.o)
 .data          0x00000000        0x0 c:/program files (x86)/atmel/studio/7.0/toolchain/avr8/avr8-gnu-toolchain/bin/../lib/gcc/avr/5.4.0/../../../../avr/lib/avr5\libc.a(strrev.o)
 .bss           0x00000000        0x0 c:/program files (x86)/atmel/studio/7.0/toolchain/avr8/avr8-gnu-toolchain/bin/../lib/gcc/avr/5.4.0/../../../../avr/lib/avr5\libc.a(strrev.o)

Memory Configuration

Name             Origin             Length             Attributes
text             0x00000000         0x00020000         xr
data             0x00800060         0x0000ffa0         rw !x
eeprom           0x00810000         0x00010000         rw !x
fuse             0x00820000         0x00000003         rw !x
lock             0x00830000         0x00000400         rw !x
signature        0x00840000         0x00000400         rw !x
user_signatures  0x00850000         0x00000400         rw !x
*default*        0x00000000         0xffffffff

Linker script and memory map

Address of section .data set to 0x800100
LOAD C:/Program Files (x86)/Atmel/Studio/7.0/Packs/atmel/ATmega_DFP/1.2.150/gcc/dev/atmega64a/avr5/crtatmega64a.o
LOAD adc/adc.o
LOAD app.o
LOAD bc95/bc95.o
LOAD device/device.o
LOAD EEPROM/eeprom.o
LOAD init/init.o
LOAD lcd/lcd.o
LOAD port/port.o
LOAD timer/timer.o
LOAD tools/tools.o
LOAD uart/uart.o
START GROUP
LOAD c:/program files (x86)/atmel/studio/7.0/toolchain/avr8/avr8-gnu-toolchain/bin/../lib/gcc/avr/5.4.0/../../../../avr/lib/avr5\libm.a
END GROUP
START GROUP
LOAD c:/program files (x86)/atmel/studio/7.0/toolchain/avr8/avr8-gnu-toolchain/bin/../lib/gcc/avr/5.4.0/avr5\libgcc.a
LOAD c:/program files (x86)/atmel/studio/7.0/toolchain/avr8/avr8-gnu-toolchain/bin/../lib/gcc/avr/5.4.0/../../../../avr/lib/avr5\libm.a
LOAD c:/program files (x86)/atmel/studio/7.0/toolchain/avr8/avr8-gnu-toolchain/bin/../lib/gcc/avr/5.4.0/../../../../avr/lib/avr5\libc.a
LOAD C:/Program Files (x86)/Atmel/Studio/7.0/Packs/atmel/ATmega_DFP/1.2.150/gcc/dev/atmega64a/avr5\libatmega64a.a
END GROUP
                0x00020000                __TEXT_REGION_LENGTH__ = DEFINED (__TEXT_REGION_LENGTH__)?__TEXT_REGION_LENGTH__:0x20000
                0x0000ffa0                __DATA_REGION_LENGTH__ = DEFINED (__DATA_REGION_LENGTH__)?__DATA_REGION_LENGTH__:0xffa0
                0x00010000                __EEPROM_REGION_LENGTH__ = DEFINED (__EEPROM_REGION_LENGTH__)?__EEPROM_REGION_LENGTH__:0x10000
                [0x00000003]                __FUSE_REGION_LENGTH__ = DEFINED (__FUSE_REGION_LENGTH__)?__FUSE_REGION_LENGTH__:0x400
                0x00000400                __LOCK_REGION_LENGTH__ = DEFINED (__LOCK_REGION_LENGTH__)?__LOCK_REGION_LENGTH__:0x400
                0x00000400                __SIGNATURE_REGION_LENGTH__ = DEFINED (__SIGNATURE_REGION_LENGTH__)?__SIGNATURE_REGION_LENGTH__:0x400
                0x00000400                __USER_SIGNATURE_REGION_LENGTH__ = DEFINED (__USER_SIGNATURE_REGION_LENGTH__)?__USER_SIGNATURE_REGION_LENGTH__:0x400

.hash
 *(.hash)

.dynsym
 *(.dynsym)

.dynstr
 *(.dynstr)

.gnu.version
 *(.gnu.version)

.gnu.version_d
 *(.gnu.version_d)

.gnu.version_r
 *(.gnu.version_r)

.rel.init
 *(.rel.init)

.rela.init
 *(.rela.init)

.rel.text
 *(.rel.text)
 *(.rel.text.*)
 *(.rel.gnu.linkonce.t*)

.rela.text
 *(.rela.text)
 *(.rela.text.*)
 *(.rela.gnu.linkonce.t*)

.rel.fini
 *(.rel.fini)

.rela.fini
 *(.rela.fini)

.rel.rodata
 *(.rel.rodata)
 *(.rel.rodata.*)
 *(.rel.gnu.linkonce.r*)

.rela.rodata
 *(.rela.rodata)
 *(.rela.rodata.*)
 *(.rela.gnu.linkonce.r*)

.rel.data
 *(.rel.data)
 *(.rel.data.*)
 *(.rel.gnu.linkonce.d*)

.rela.data
 *(.rela.data)
 *(.rela.data.*)
 *(.rela.gnu.linkonce.d*)

.rel.ctors
 *(.rel.ctors)

.rela.ctors
 *(.rela.ctors)

.rel.dtors
 *(.rel.dtors)

.rela.dtors
 *(.rela.dtors)

.rel.got
 *(.rel.got)

.rela.got
 *(.rela.got)

.rel.bss
 *(.rel.bss)

.rela.bss
 *(.rela.bss)

.rel.plt
 *(.rel.plt)

.rela.plt
 *(.rela.plt)

.text           0x00000000     0x13d0
 *(.vectors)
 .vectors       0x00000000       0x8c C:/Program Files (x86)/Atmel/Studio/7.0/Packs/atmel/ATmega_DFP/1.2.150/gcc/dev/atmega64a/avr5/crtatmega64a.o
                0x00000000                __vector_default
                0x00000000                __vectors
 *(.vectors)
 *(.progmem.gcc*)
                0x0000008c                . = ALIGN (0x2)
                0x0000008c                __trampolines_start = .
 *(.trampolines)
 .trampolines   0x0000008c        0x0 linker stubs
 *(.trampolines*)
                0x0000008c                __trampolines_end = .
 *libprintf_flt.a:*(.progmem.data)
 *libc.a:*(.progmem.data)
 *(.progmem*)
                0x0000008c                . = ALIGN (0x2)
 *(.jumptables)
 *(.jumptables*)
 *(.lowtext)
 *(.lowtext*)
                0x0000008c                __ctors_start = .
 *(.ctors)
                0x0000008c                __ctors_end = .
                0x0000008c                __dtors_start = .
 *(.dtors)
                0x0000008c                __dtors_end = .
 SORT(*)(.ctors)
 SORT(*)(.dtors)
 *(.init0)
 .init0         0x0000008c        0x0 C:/Program Files (x86)/Atmel/Studio/7.0/Packs/atmel/ATmega_DFP/1.2.150/gcc/dev/atmega64a/avr5/crtatmega64a.o
                0x0000008c                __init
 *(.init0)
 *(.init1)
 *(.init1)
 *(.init2)
 .init2         0x0000008c        0xc C:/Program Files (x86)/Atmel/Studio/7.0/Packs/atmel/ATmega_DFP/1.2.150/gcc/dev/atmega64a/avr5/crtatmega64a.o
 *(.init2)
 *(.init3)
 *(.init3)
 *(.init4)
 .init4         0x00000098       0x16 c:/program files (x86)/atmel/studio/7.0/toolchain/avr8/avr8-gnu-toolchain/bin/../lib/gcc/avr/5.4.0/avr5\libgcc.a(_copy_data.o)
                0x00000098                __do_copy_data
 .init4         0x000000ae       0x10 c:/program files (x86)/atmel/studio/7.0/toolchain/avr8/avr8-gnu-toolchain/bin/../lib/gcc/avr/5.4.0/avr5\libgcc.a(_clear_bss.o)
                0x000000ae                __do_clear_bss
 *(.init4)
 *(.init5)
 *(.init5)
 *(.init6)
 *(.init6)
 *(.init7)
 *(.init7)
 *(.init8)
 *(.init8)
 *(.init9)
 .init9         0x000000be        0x8 C:/Program Files (x86)/Atmel/Studio/7.0/Packs/atmel/ATmega_DFP/1.2.150/gcc/dev/atmega64a/avr5/crtatmega64a.o
 *(.init9)
 *(.text)
 .text          0x000000c6        0x4 C:/Program Files (x86)/Atmel/Studio/7.0/Packs/atmel/ATmega_DFP/1.2.150/gcc/dev/atmega64a/avr5/crtatmega64a.o
                0x000000c6                __vector_22
                0x000000c6                __vector_28
                0x000000c6                __vector_1
                0x000000c6                __vector_32
                0x000000c6                __vector_34
                0x000000c6                __vector_24
                0x000000c6                __vector_12
                0x000000c6                __bad_interrupt
                0x000000c6                __vector_6
                0x000000c6                __vector_31
                0x000000c6                __vector_3
                0x000000c6                __vector_23
                0x000000c6                __vector_25
                0x000000c6                __vector_11
                0x000000c6                __vector_13
                0x000000c6                __vector_17
                0x000000c6                __vector_19
                0x000000c6                __vector_7
                0x000000c6                __vector_27
                0x000000c6                __vector_5
                0x000000c6                __vector_33
                0x000000c6                __vector_4
                0x000000c6                __vector_9
                0x000000c6                __vector_2
                0x000000c6                __vector_15
                0x000000c6                __vector_29
                0x000000c6                __vector_8
                0x000000c6                __vector_26
                0x000000c6                __vector_14
                0x000000c6                __vector_10
                0x000000c6                __vector_16
                0x000000c6                __vector_20
                0x000000ca                . = ALIGN (0x2)
 *(.text.*)
 .text.init_adc
                0x000000ca       0x12 adc/adc.o
                0x000000ca                init_adc
 .text.adc_start_return
                0x000000dc       0x36 adc/adc.o
                0x000000dc                adc_start_return
 .text.__vector_21
                0x00000112       0xea adc/adc.o
                0x00000112                __vector_21
 .text.adc_get_pure_water
                0x000001fc       0x20 adc/adc.o
                0x000001fc                adc_get_pure_water
 .text.adc_get_raw_water
                0x0000021c       0x20 adc/adc.o
                0x0000021c                adc_get_raw_water
 .text.adc_check_leakage
                0x0000023c       0x20 adc/adc.o
                0x0000023c                adc_check_leakage
 .text.system_init
                0x0000025c       0x1a app.o
                0x0000025c                system_init
 .text.main     0x00000276       0x70 app.o
                0x00000276                main
 .text.callback_get_imsi
                0x000002e6       0x6c bc95/bc95.o
                0x000002e6                callback_get_imsi
 .text.callback_get_imei
                0x00000352       0xde bc95/bc95.o
                0x00000352                callback_get_imei
 .text.callback_get_band
                0x00000430       0xc2 bc95/bc95.o
                0x00000430                callback_get_band
 .text.callback_get_csq
                0x000004f2       0xbc bc95/bc95.o
                0x000004f2                callback_get_csq
 .text.callback_get_eps_status
                0x000005ae       0xd8 bc95/bc95.o
                0x000005ae                callback_get_eps_status
 .text.callback_get_profile_status
                0x00000686       0xba bc95/bc95.o
                0x00000686                callback_get_profile_status
 .text.callback_get_plmn
                0x00000740      0x134 bc95/bc95.o
                0x00000740                callback_get_plmn
 .text.type_set_process
                0x00000874       0x60 bc95/bc95.o
                0x00000874                type_set_process
 .text.type_info_process
                0x000008d4       0xbe bc95/bc95.o
                0x000008d4                type_info_process
 .text.type_query_process
                0x00000992       0xe2 bc95/bc95.o
                0x00000992                type_query_process
 .text.bc95_reboot
                0x00000a74        0xa bc95/bc95.o
                0x00000a74                bc95_reboot
 .text.bc95_create_socket
                0x00000a7e      0x18e bc95/bc95.o
                0x00000a7e                bc95_create_socket
 .text.init_bc95
                0x00000c0c      0x1c8 bc95/bc95.o
                0x00000c0c                init_bc95
 .text.get_Low_switch
                0x00000dd4        0xc device/device.o
                0x00000dd4                get_Low_switch
 .text.get_hight_switch
                0x00000de0       0x18 device/device.o
                0x00000de0                get_hight_switch
 .text.get_all_adc_value
                0x00000df8      0x128 device/device.o
                0x00000df8                get_all_adc_value
 .text.tm1726_start
                0x00000f20       0x1c lcd/lcd.o
                0x00000f20                tm1726_start
 .text.tm1726_stop
                0x00000f3c       0x1c lcd/lcd.o
                0x00000f3c                tm1726_stop
 .text.write_byte_tm1726
                0x00000f58       0x2c lcd/lcd.o
                0x00000f58                write_byte_tm1726
 .text.write_all_ram_tm1726
                0x00000f84       0x40 lcd/lcd.o
                0x00000f84                write_all_ram_tm1726
 .text.init_tm1726
                0x00000fc4       0x1a lcd/lcd.o
                0x00000fc4                init_tm1726
 .text.init_lcd
                0x00000fde       0x36 lcd/lcd.o
                0x00000fde                init_lcd
 .text.init_port
                0x00001014       0x70 port/port.o
                0x00001014                init_port
 .text.voltage_to_tds
                0x00001084       0x7a tools/tools.o
                0x00001084                voltage_to_tds
 .text.init_uart0
                0x000010fe       0x16 uart/uart.o
                0x000010fe                init_uart0
 .text.init_uart1
                0x00001114       0x2a uart/uart.o
                0x00001114                init_uart1
 .text.uart0_send_byte
                0x0000113e        0x8 uart/uart.o
                0x0000113e                uart0_send_byte
 .text.uart0_send_string
                0x00001146       0x1e uart/uart.o
                0x00001146                uart0_send_string
 .text.uart1_send_byte
                0x00001164       0x10 uart/uart.o
                0x00001164                uart1_send_byte
 .text.uart1_send_string
                0x00001174       0x1e uart/uart.o
                0x00001174                uart1_send_string
 .text.bc95_send_string
                0x00001192       0x16 uart/uart.o
                0x00001192                bc95_send_string
 .text.uart1_rx_array_set_empty
                0x000011a8       0x10 uart/uart.o
                0x000011a8                uart1_rx_array_set_empty
 .text.__vector_18
                0x000011b8       0x4a uart/uart.o
                0x000011b8                __vector_18
 .text.__vector_30
                0x00001202       0xac uart/uart.o
                0x00001202                __vector_30
 .text.libgcc.div
                0x000012ae       0x28 c:/program files (x86)/atmel/studio/7.0/toolchain/avr8/avr8-gnu-toolchain/bin/../lib/gcc/avr/5.4.0/avr5\libgcc.a(_udivmodhi4.o)
                0x000012ae                __udivmodhi4
 .text.libgcc.mul
                0x000012d6       0x1e c:/program files (x86)/atmel/studio/7.0/toolchain/avr8/avr8-gnu-toolchain/bin/../lib/gcc/avr/5.4.0/avr5\libgcc.a(_umulhisi3.o)
                0x000012d6                __umulhisi3
 .text.avr-libc
                0x000012f4       0x16 c:/program files (x86)/atmel/studio/7.0/toolchain/avr8/avr8-gnu-toolchain/bin/../lib/gcc/avr/5.4.0/../../../../avr/lib/avr5\libc.a(strcat.o)
                0x000012f4                strcat
 .text.avr-libc
                0x0000130a       0x16 c:/program files (x86)/atmel/studio/7.0/toolchain/avr8/avr8-gnu-toolchain/bin/../lib/gcc/avr/5.4.0/../../../../avr/lib/avr5\libc.a(strchr.o)
                0x0000130a                strchr
 .text.avr-libc
                0x00001320        0xe c:/program files (x86)/atmel/studio/7.0/toolchain/avr8/avr8-gnu-toolchain/bin/../lib/gcc/avr/5.4.0/../../../../avr/lib/avr5\libc.a(strcpy.o)
                0x00001320                strcpy
 .text.avr-libc
                0x0000132e       0x34 c:/program files (x86)/atmel/studio/7.0/toolchain/avr8/avr8-gnu-toolchain/bin/../lib/gcc/avr/5.4.0/../../../../avr/lib/avr5\libc.a(strstr.o)
                0x0000132e                strstr
 .text.avr-libc
                0x00001362       0x16 c:/program files (x86)/atmel/studio/7.0/toolchain/avr8/avr8-gnu-toolchain/bin/../lib/gcc/avr/5.4.0/../../../../avr/lib/avr5\libc.a(itoa_ncheck.o)
                0x00001362                __itoa_ncheck
 .text.avr-libc
                0x00001378       0x34 c:/program files (x86)/atmel/studio/7.0/toolchain/avr8/avr8-gnu-toolchain/bin/../lib/gcc/avr/5.4.0/../../../../avr/lib/avr5\libc.a(utoa_ncheck.o)
                0x00001378                __utoa_ncheck
                0x0000137a                __utoa_common
 .text.avr-libc
                0x000013ac       0x20 c:/program files (x86)/atmel/studio/7.0/toolchain/avr8/avr8-gnu-toolchain/bin/../lib/gcc/avr/5.4.0/../../../../avr/lib/avr5\libc.a(strrev.o)
                0x000013ac                strrev
                0x000013cc                . = ALIGN (0x2)
 *(.fini9)
 .fini9         0x000013cc        0x0 c:/program files (x86)/atmel/studio/7.0/toolchain/avr8/avr8-gnu-toolchain/bin/../lib/gcc/avr/5.4.0/avr5\libgcc.a(_exit.o)
                0x000013cc                _exit
                0x000013cc                exit
 *(.fini9)
 *(.fini8)
 *(.fini8)
 *(.fini7)
 *(.fini7)
 *(.fini6)
 *(.fini6)
 *(.fini5)
 *(.fini5)
 *(.fini4)
 *(.fini4)
 *(.fini3)
 *(.fini3)
 *(.fini2)
 *(.fini2)
 *(.fini1)
 *(.fini1)
 *(.fini0)
 .fini0         0x000013cc        0x4 c:/program files (x86)/atmel/studio/7.0/toolchain/avr8/avr8-gnu-toolchain/bin/../lib/gcc/avr/5.4.0/avr5\libgcc.a(_exit.o)
 *(.fini0)
                0x000013d0                _etext = .

.data           0x00800100      0x630 load address 0x000013d0
                0x00800100                PROVIDE (__data_start, .)
 *(.data)
 *(.data*)
 .data.init_command
                0x00800100       0x48 bc95/bc95.o
                0x00800100                init_command
 .data.at_get_eps_status_command
                0x00800148        0xc bc95/bc95.o
                0x00800148                at_get_eps_status_command
 .data.at_get_plmn_command
                0x00800154        0xb bc95/bc95.o
                0x00800154                at_get_plmn_command
 .data.at_get_csq_command
                0x0080015f        0x9 bc95/bc95.o
                0x0080015f                at_get_csq_command
 .data.at_get_profile_status_command
                0x00800168        0xc bc95/bc95.o
                0x00800168                at_get_profile_status_command
 .data.at_set_pdp_command
                0x00800174        0xd bc95/bc95.o
                0x00800174                at_set_pdp_command
 .data.at_get_imsi_command
                0x00800181        0xa bc95/bc95.o
                0x00800181                at_get_imsi_command
 .data.at_get_imei_command
                0x0080018b        0xc bc95/bc95.o
                0x0080018b                at_get_imei_command
 .data.at_get_band_command
                0x00800197        0xc bc95/bc95.o
                0x00800197                at_get_band_command
 .data.at_set_back_command
                0x008001a3        0xc bc95/bc95.o
                0x008001a3                at_set_back_command
 .data.at_check_device_command
                0x008001af        0x5 bc95/bc95.o
                0x008001af                at_check_device_command
 .data.socket_config
                0x008001b4        0x8 bc95/bc95.o
                0x008001b4                socket_config
 .data.local_port
                0x008001bc        0x5 bc95/bc95.o
                0x008001bc                local_port
 .data.server_port
                0x008001c1        0x5 bc95/bc95.o
                0x008001c1                server_port
 .data.ip       0x008001c6        0xe bc95/bc95.o
                0x008001c6                ip
 .data.bc95_close_socket_command
                0x008001d4        0xd bc95/bc95.o
                0x008001d4                bc95_close_socket_command
 .data.bc95_reboot_command
                0x008001e1        0x9 bc95/bc95.o
                0x008001e1                bc95_reboot_command
 *(.gnu.linkonce.d*)
 *(.rodata)
 *(.rodata*)
 .rodata.str1.1
                0x008001ea       0xa0 adc/adc.o
 .rodata.str1.1
                0x0080028a       0x23 app.o
 .rodata.str1.1
                0x008002ad      0x418 bc95/bc95.o
                                0x448 (size before relaxing)
 .rodata.bc95_response_error
                0x008006c5        0x6 bc95/bc95.o
                0x008006c5                bc95_response_error
 .rodata.bc95_response_ok
                0x008006cb        0x7 bc95/bc95.o
                0x008006cb                bc95_response_ok
 .rodata.str1.1
                0x008006d2       0x4a device/device.o
                                 0x76 (size before relaxing)
 .rodata.str1.1
                0x0080071c       0x14 uart/uart.o
 *(.gnu.linkonce.r*)
                0x00800730                . = ALIGN (0x2)
                0x00800730                _edata = .
                0x00800730                PROVIDE (__data_end, .)

.bss            0x00800730      0x511
                0x00800730                PROVIDE (__bss_start, .)
 *(.bss)
 *(.bss*)
 .bss.adc_interrupt_channel_cache
                0x00800730        0x1 adc/adc.o
                0x00800730                adc_interrupt_channel_cache
 .bss.adc_channel_data_list
                0x00800731       0x10 adc/adc.o
                0x00800731                adc_channel_data_list
 .bss.uart0_rx_count
                0x00800741        0x1 uart/uart.o
                0x00800741                uart0_rx_count
 .bss.uart0_rx_array
                0x00800742       0xc8 uart/uart.o
                0x00800742                uart0_rx_array
 *(COMMON)
 COMMON         0x0080080a      0x437 adc/adc.o
                0x0080080a                query_data
                0x00800822                query_data_flag
                0x00800931                bc95_send_socket_data
                0x00800a31                bc95_receive_socket_data
                0x00800b34                device_status_lcd
                0x00800b3b                adc_data
                0x00800b41                uart1_rx_data
                0x00800c0a                device_status_bc95
                0x00800c41                PROVIDE (__bss_end, .)
                0x000013d0                __data_load_start = LOADADDR (.data)
                0x00001a00                __data_load_end = (__data_load_start + SIZEOF (.data))

.noinit         0x00800c41        0x0
                [!provide]                PROVIDE (__noinit_start, .)
 *(.noinit*)
                [!provide]                PROVIDE (__noinit_end, .)
                0x00800c41                _end = .
                [!provide]                PROVIDE (__heap_start, .)

.eeprom         0x00810000        0x0
 *(.eeprom*)
                0x00810000                __eeprom_end = .

.fuse
 *(.fuse)
 *(.lfuse)
 *(.hfuse)
 *(.efuse)

.lock
 *(.lock*)

.signature
 *(.signature*)

.user_signatures
 *(.user_signatures*)

.stab
 *(.stab)

.stabstr
 *(.stabstr)

.stab.excl
 *(.stab.excl)

.stab.exclstr
 *(.stab.exclstr)

.stab.index
 *(.stab.index)

.stab.indexstr
 *(.stab.indexstr)

.comment        0x00000000       0x30
 *(.comment)
 .comment       0x00000000       0x30 adc/adc.o
                                 0x31 (size before relaxing)
 .comment       0x00000030       0x31 app.o
 .comment       0x00000030       0x31 bc95/bc95.o
 .comment       0x00000030       0x31 device/device.o
 .comment       0x00000030       0x31 lcd/lcd.o
 .comment       0x00000030       0x31 port/port.o
 .comment       0x00000030       0x31 tools/tools.o
 .comment       0x00000030       0x31 uart/uart.o

.note.gnu.avr.deviceinfo
                0x00000000       0x3c
 .note.gnu.avr.deviceinfo
                0x00000000       0x3c C:/Program Files (x86)/Atmel/Studio/7.0/Packs/atmel/ATmega_DFP/1.2.150/gcc/dev/atmega64a/avr5/crtatmega64a.o

.note.gnu.build-id
 *(.note.gnu.build-id)

.debug
 *(.debug)

.line
 *(.line)

.debug_srcinfo
 *(.debug_srcinfo)

.debug_sfnames
 *(.debug_sfnames)

.debug_aranges  0x00000000      0x2b8
 *(.debug_aranges)
 .debug_aranges
                0x00000000       0x50 adc/adc.o
 .debug_aranges
                0x00000050       0x28 app.o
 .debug_aranges
                0x00000078       0x98 bc95/bc95.o
 .debug_aranges
                0x00000110       0x58 device/device.o
 .debug_aranges
                0x00000168       0xa0 lcd/lcd.o
 .debug_aranges
                0x00000208       0x20 port/port.o
 .debug_aranges
                0x00000228       0x20 tools/tools.o
 .debug_aranges
                0x00000248       0x70 uart/uart.o

.debug_pubnames
 *(.debug_pubnames)

.debug_info     0x00000000     0x4cc5
 *(.debug_info .gnu.linkonce.wi.*)
 .debug_info    0x00000000      0x780 C:/Program Files (x86)/Atmel/Studio/7.0/Packs/atmel/ATmega_DFP/1.2.150/gcc/dev/atmega64a/avr5/crtatmega64a.o
 .debug_info    0x00000780      0x7dd adc/adc.o
 .debug_info    0x00000f5d      0x63f app.o
 .debug_info    0x0000159c     0x1b01 bc95/bc95.o
 .debug_info    0x0000309d      0x8ad device/device.o
 .debug_info    0x0000394a      0xb36 lcd/lcd.o
 .debug_info    0x00004480       0x82 port/port.o
 .debug_info    0x00004502      0x15c tools/tools.o
 .debug_info    0x0000465e      0x667 uart/uart.o

.debug_abbrev   0x00000000     0x1570
 *(.debug_abbrev)
 .debug_abbrev  0x00000000      0x718 C:/Program Files (x86)/Atmel/Studio/7.0/Packs/atmel/ATmega_DFP/1.2.150/gcc/dev/atmega64a/avr5/crtatmega64a.o
 .debug_abbrev  0x00000718      0x25c adc/adc.o
 .debug_abbrev  0x00000974      0x17f app.o
 .debug_abbrev  0x00000af3      0x31b bc95/bc95.o
 .debug_abbrev  0x00000e0e      0x27f device/device.o
 .debug_abbrev  0x0000108d      0x260 lcd/lcd.o
 .debug_abbrev  0x000012ed       0x4f port/port.o
 .debug_abbrev  0x0000133c       0xad tools/tools.o
 .debug_abbrev  0x000013e9      0x187 uart/uart.o

.debug_line     0x00000000     0x1ed0
 *(.debug_line .debug_line.* .debug_line_end)
 .debug_line    0x00000000      0x169 C:/Program Files (x86)/Atmel/Studio/7.0/Packs/atmel/ATmega_DFP/1.2.150/gcc/dev/atmega64a/avr5/crtatmega64a.o
 .debug_line    0x00000169      0x2e9 adc/adc.o
 .debug_line    0x00000452      0x272 app.o
 .debug_line    0x000006c4      0xa1e bc95/bc95.o
 .debug_line    0x000010e2      0x341 device/device.o
 .debug_line    0x00001423      0x5e1 lcd/lcd.o
 .debug_line    0x00001a04      0x140 port/port.o
 .debug_line    0x00001b44       0x97 tools/tools.o
 .debug_line    0x00001bdb      0x2f5 uart/uart.o

.debug_frame    0x00000000      0x7f8
 *(.debug_frame)
 .debug_frame   0x00000000       0xe4 adc/adc.o
 .debug_frame   0x000000e4       0x34 app.o
 .debug_frame   0x00000118      0x224 bc95/bc95.o
 .debug_frame   0x0000033c       0xc8 device/device.o
 .debug_frame   0x00000404      0x25c lcd/lcd.o
 .debug_frame   0x00000660       0x24 port/port.o
 .debug_frame   0x00000684       0x24 tools/tools.o
 .debug_frame   0x000006a8      0x150 uart/uart.o

.debug_str      0x00000000      0xded
 *(.debug_str)
 .debug_str     0x00000000      0x27e C:/Program Files (x86)/Atmel/Studio/7.0/Packs/atmel/ATmega_DFP/1.2.150/gcc/dev/atmega64a/avr5/crtatmega64a.o
 .debug_str     0x0000027e      0x48c adc/adc.o
                                0x538 (size before relaxing)
 .debug_str     0x0000070a       0xa9 app.o
                                0x529 (size before relaxing)
 .debug_str     0x000007b3      0x374 bc95/bc95.o
                                0x82d (size before relaxing)
 .debug_str     0x00000b27       0x6e device/device.o
                                0x561 (size before relaxing)
 .debug_str     0x00000b95      0x195 lcd/lcd.o
                                0x3b7 (size before relaxing)
 .debug_str     0x00000d2a        0xf port/port.o
                                0x163 (size before relaxing)
 .debug_str     0x00000d39       0x16 tools/tools.o
                                0x1c1 (size before relaxing)
 .debug_str     0x00000d4f       0x9e uart/uart.o
                                0x50b (size before relaxing)

.debug_loc      0x00000000     0x1f39
 *(.debug_loc)
 .debug_loc     0x00000000      0x1f6 adc/adc.o
 .debug_loc     0x000001f6      0xaed bc95/bc95.o
 .debug_loc     0x00000ce3      0x189 device/device.o
 .debug_loc     0x00000e6c      0xcfa lcd/lcd.o
 .debug_loc     0x00001b66      0x178 tools/tools.o
 .debug_loc     0x00001cde      0x25b uart/uart.o

.debug_macinfo
 *(.debug_macinfo)

.debug_weaknames
 *(.debug_weaknames)

.debug_funcnames
 *(.debug_funcnames)

.debug_typenames
 *(.debug_typenames)

.debug_varnames
 *(.debug_varnames)

.debug_pubtypes
 *(.debug_pubtypes)

.debug_ranges   0x00000000      0x2a8
 *(.debug_ranges)
 .debug_ranges  0x00000000       0x40 adc/adc.o
 .debug_ranges  0x00000040       0x18 app.o
 .debug_ranges  0x00000058       0xf8 bc95/bc95.o
 .debug_ranges  0x00000150       0x48 device/device.o
 .debug_ranges  0x00000198       0x90 lcd/lcd.o
 .debug_ranges  0x00000228       0x10 port/port.o
 .debug_ranges  0x00000238       0x10 tools/tools.o
 .debug_ranges  0x00000248       0x60 uart/uart.o

.debug_macro
 *(.debug_macro)
OUTPUT(NB-IOT_test.elf elf32-avr)
LOAD linker stubs
